Archive member included because of file (symbol)

C:\Users\mw7\AppData\Roaming\arduino15\packages\arduino\hardware\sam\1.6.4\variants\arduino_due_x/libsam_sam3x8e_gcc_rel.a(pio.o)
                              C:\Users\mw7\AppData\Local\V.Micro\Arduino\Builds\DueWindShield\arduino_due_x_dbg\Wire\Wire.cpp.o (PIO_Configure)
C:\Users\mw7\AppData\Roaming\arduino15\packages\arduino\hardware\sam\1.6.4\variants\arduino_due_x/libsam_sam3x8e_gcc_rel.a(pmc.o)
                              C:\Users\mw7\AppData\Local\V.Micro\Arduino\Builds\DueWindShield\arduino_due_x_dbg\Wire\Wire.cpp.o (pmc_enable_periph_clk)
C:\Users\mw7\AppData\Roaming\arduino15\packages\arduino\hardware\sam\1.6.4\variants\arduino_due_x/libsam_sam3x8e_gcc_rel.a(twi.o)
                              C:\Users\mw7\AppData\Local\V.Micro\Arduino\Builds\DueWindShield\arduino_due_x_dbg\Wire\Wire.cpp.o (TWI_SetClock)
C:\Users\mw7\AppData\Roaming\arduino15\packages\arduino\hardware\sam\1.6.4\variants\arduino_due_x/libsam_sam3x8e_gcc_rel.a(system_sam3xa.o)
                              C:\Users\mw7\AppData\Local\V.Micro\Arduino\Builds\DueWindShield\arduino_due_x_dbg\DueWindShield.cpp.o (SystemCoreClock)
C:\Users\mw7\AppData\Roaming\arduino15\packages\arduino\hardware\sam\1.6.4\variants\arduino_due_x/libsam_sam3x8e_gcc_rel.a(startup_sam3xa.o)
                              (Reset_Handler)
C:\Users\mw7\AppData\Roaming\arduino15\packages\arduino\hardware\sam\1.6.4\variants\arduino_due_x/libsam_sam3x8e_gcc_rel.a(adc.o)
                              C:\Users\mw7\AppData\Local\V.Micro\Arduino\Builds\DueWindShield\arduino_due_x_dbg\DueWindShield.cpp.o (adc_init)
C:\Users\mw7\AppData\Roaming\arduino15\packages\arduino\hardware\sam\1.6.4\variants\arduino_due_x/libsam_sam3x8e_gcc_rel.a(uotghs.o)
                              C:\Users\mw7\AppData\Roaming\arduino15\packages\arduino\hardware\sam\1.6.4\variants\arduino_due_x/libsam_sam3x8e_gcc_rel.a(startup_sam3xa.o) (UOTGHS_Handler)
C:\Users\mw7\AppData\Local\V.Micro\Arduino\Builds\DueWindShield\arduino_due_x_dbg/core.a(cortex_handlers.c.o)
                              C:\Users\mw7\AppData\Roaming\arduino15\packages\arduino\hardware\sam\1.6.4\variants\arduino_due_x/libsam_sam3x8e_gcc_rel.a(startup_sam3xa.o) (NMI_Handler)
C:\Users\mw7\AppData\Local\V.Micro\Arduino\Builds\DueWindShield\arduino_due_x_dbg/core.a(hooks.c.o)
                              C:\Users\mw7\AppData\Local\V.Micro\Arduino\Builds\DueWindShield\arduino_due_x_dbg/core.a(cortex_handlers.c.o) (sysTickHook)
C:\Users\mw7\AppData\Local\V.Micro\Arduino\Builds\DueWindShield\arduino_due_x_dbg/core.a(wiring.c.o)
                              C:\Users\mw7\AppData\Local\V.Micro\Arduino\Builds\DueWindShield\arduino_due_x_dbg\DueWindShield.cpp.o (micros)
C:\Users\mw7\AppData\Local\V.Micro\Arduino\Builds\DueWindShield\arduino_due_x_dbg/core.a(wiring_analog.c.o)
                              C:\Users\mw7\AppData\Local\V.Micro\Arduino\Builds\DueWindShield\arduino_due_x_dbg\DueWindShield.cpp.o (analogReadResolution)
C:\Users\mw7\AppData\Local\V.Micro\Arduino\Builds\DueWindShield\arduino_due_x_dbg/core.a(wiring_digital.c.o)
                              C:\Users\mw7\AppData\Local\V.Micro\Arduino\Builds\DueWindShield\arduino_due_x_dbg\DueWindShield.cpp.o (pinMode)
C:\Users\mw7\AppData\Local\V.Micro\Arduino\Builds\DueWindShield\arduino_due_x_dbg/core.a(abi.cpp.o)
                              C:\Users\mw7\AppData\Local\V.Micro\Arduino\Builds\DueWindShield\arduino_due_x_dbg\Wire\Wire.cpp.o (__cxa_pure_virtual)
C:\Users\mw7\AppData\Local\V.Micro\Arduino\Builds\DueWindShield\arduino_due_x_dbg/core.a(main.cpp.o)
                              c:/users/mw7/appdata/roaming/arduino15/packages/arduino/tools/arm-none-eabi-gcc/4.8.3-2014q1/bin/../lib/gcc/arm-none-eabi/4.8.3/../../../../arm-none-eabi/lib/armv7-m/crt0.o (main)
C:\Users\mw7\AppData\Local\V.Micro\Arduino\Builds\DueWindShield\arduino_due_x_dbg/core.a(Print.cpp.o)
                              C:\Users\mw7\AppData\Local\V.Micro\Arduino\Builds\DueWindShield\arduino_due_x_dbg\Wire\Wire.cpp.o (Print::write(unsigned char const*, unsigned int))
C:\Users\mw7\AppData\Local\V.Micro\Arduino\Builds\DueWindShield\arduino_due_x_dbg/core.a(Reset.cpp.o)
                              C:\Users\mw7\AppData\Local\V.Micro\Arduino\Builds\DueWindShield\arduino_due_x_dbg/core.a(cortex_handlers.c.o) (tickReset)
C:\Users\mw7\AppData\Local\V.Micro\Arduino\Builds\DueWindShield\arduino_due_x_dbg/core.a(UARTClass.cpp.o)
                              C:\Users\mw7\AppData\Local\V.Micro\Arduino\Builds\DueWindShield\arduino_due_x_dbg\DueWindShield.cpp.o (UARTClass::available())
C:\Users\mw7\AppData\Local\V.Micro\Arduino\Builds\DueWindShield\arduino_due_x_dbg/core.a(USARTClass.cpp.o)
                              C:\Users\mw7\AppData\Local\V.Micro\Arduino\Builds\DueWindShield\arduino_due_x_dbg\DueWindShield.cpp.o (USARTClass::begin(unsigned long))
C:\Users\mw7\AppData\Local\V.Micro\Arduino\Builds\DueWindShield\arduino_due_x_dbg/core.a(WString.cpp.o)
[...]
Memory Configuration

Name             Origin             Length             Attributes
rom              0x00080000         0x00080000         xr
sram0            0x20000000         0x00010000         xrw
sram1            0x20080000         0x00008000         xrw
ram              0x20070000         0x00018000         xrw
*default*        0x00000000         0xffffffff

Linker script and memory map

LOAD c:/users/mw7/appdata/roaming/arduino15/packages/arduino/tools/arm-none-eabi-gcc/4.8.3-2014q1/bin/../lib/gcc/arm-none-eabi/4.8.3/armv7-m/crti.o
LOAD c:/users/mw7/appdata/roaming/arduino15/packages/arduino/tools/arm-none-eabi-gcc/4.8.3-2014q1/bin/../lib/gcc/arm-none-eabi/4.8.3/armv7-m/crtbegin.o
LOAD c:/users/mw7/appdata/roaming/arduino15/packages/arduino/tools/arm-none-eabi-gcc/4.8.3-2014q1/bin/../lib/gcc/arm-none-eabi/4.8.3/../../../../arm-none-eabi/lib/armv7-m/crt0.o
START GROUP
LOAD C:\Users\mw7\AppData\Local\V.Micro\Arduino\Builds\DueWindShield\arduino_due_x_dbg/syscalls_sam3.c.o
LOAD C:\Users\mw7\AppData\Local\V.Micro\Arduino\Builds\DueWindShield\arduino_due_x_dbg\constString.cpp.o
LOAD C:\Users\mw7\AppData\Local\V.Micro\Arduino\Builds\DueWindShield\arduino_due_x_dbg\DueWindShield.cpp.o
LOAD C:\Users\mw7\AppData\Local\V.Micro\Arduino\Builds\DueWindShield\arduino_due_x_dbg\MCP4726.cpp.o
LOAD C:\Users\mw7\AppData\Local\V.Micro\Arduino\Builds\DueWindShield\arduino_due_x_dbg\speed_enc.cpp.o
LOAD C:\Users\mw7\AppData\Local\V.Micro\Arduino\Builds\DueWindShield\arduino_due_x_dbg\Wire\Wire.cpp.o
LOAD C:\Users\mw7\AppData\Roaming\arduino15\packages\arduino\hardware\sam\1.6.4\variants\arduino_due_x/libsam_sam3x8e_gcc_rel.a
LOAD C:\Users\mw7\AppData\Local\V.Micro\Arduino\Builds\DueWindShield\arduino_due_x_dbg/core.a
END GROUP
LOAD c:/users/mw7/appdata/roaming/arduino15/packages/arduino/tools/arm-none-eabi-gcc/4.8.3-2014q1/bin/../lib/gcc/arm-none-eabi/4.8.3/../../../../arm-none-eabi/lib/armv7-m\libm.a
START GROUP
LOAD c:/users/mw7/appdata/roaming/arduino15/packages/arduino/tools/arm-none-eabi-gcc/4.8.3-2014q1/bin/../lib/gcc/arm-none-eabi/4.8.3/armv7-m\libgcc.a
LOAD c:/users/mw7/appdata/roaming/arduino15/packages/arduino/tools/arm-none-eabi-gcc/4.8.3-2014q1/bin/../lib/gcc/arm-none-eabi/4.8.3/../../../../arm-none-eabi/lib/armv7-m\libg.a
LOAD c:/users/mw7/appdata/roaming/arduino15/packages/arduino/tools/arm-none-eabi-gcc/4.8.3-2014q1/bin/../lib/gcc/arm-none-eabi/4.8.3/../../../../arm-none-eabi/lib/armv7-m\libc.a
END GROUP
LOAD c:/users/mw7/appdata/roaming/arduino15/packages/arduino/tools/arm-none-eabi-gcc/4.8.3-2014q1/bin/../lib/gcc/arm-none-eabi/4.8.3/armv7-m/crtend.o
LOAD c:/users/mw7/appdata/roaming/arduino15/packages/arduino/tools/arm-none-eabi-gcc/4.8.3-2014q1/bin/../lib/gcc/arm-none-eabi/4.8.3/armv7-m/crtn.o

.text           0x00080000     0xe2d0
                0x00080000                . = ALIGN (0x4)
                0x00080000                _sfixed = .
 *(.vectors .vectors.*)
 .vectors       0x00080000       0xf4 C:\Users\mw7\AppData\Roaming\arduino15\packages\arduino\hardware\sam\1.6.4\variants\arduino_due_x/libsam_sam3x8e_gcc_rel.a(startup_sam3xa.o)
                0x00080000                exception_table
 *(.text .text.* .gnu.linkonce.t.*)
 .text          0x000800f4       0x54 c:/users/mw7/appdata/roaming/arduino15/packages/arduino/tools/arm-none-eabi-gcc/4.8.3-2014q1/bin/../lib/gcc/arm-none-eabi/4.8.3/armv7-m/crtbegin.o
 .text._sbrk    0x00080148       0x1c C:\Users\mw7\AppData\Local\V.Micro\Arduino\Builds\DueWindShield\arduino_due_x_dbg/syscalls_sam3.c.o
                0x00080148                _sbrk
 .text._close   0x00080164        0x6 C:\Users\mw7\AppData\Local\V.Micro\Arduino\Builds\DueWindShield\arduino_due_x_dbg/syscalls_sam3.c.o
                0x00080164                _close
 .text._fstat   0x0008016a        0xa C:\Users\mw7\AppData\Local\V.Micro\Arduino\Builds\DueWindShield\arduino_due_x_dbg/syscalls_sam3.c.o
                0x0008016a                _fstat
 .text._isatty  0x00080174        0x4 C:\Users\mw7\AppData\Local\V.Micro\Arduino\Builds\DueWindShield\arduino_due_x_dbg/syscalls_sam3.c.o
                0x00080174                _isatty
 .text._lseek   0x00080178        0x4 C:\Users\mw7\AppData\Local\V.Micro\Arduino\Builds\DueWindShield\arduino_due_x_dbg/syscalls_sam3.c.o
                0x00080178                _lseek
 .text._read    0x0008017c        0x4 C:\Users\mw7\AppData\Local\V.Micro\Arduino\Builds\DueWindShield\arduino_due_x_dbg/syscalls_sam3.c.o
                0x0008017c                _read
 .text._write   0x00080180       0x24 C:\Users\mw7\AppData\Local\V.Micro\Arduino\Builds\DueWindShield\arduino_due_x_dbg/syscalls_sam3.c.o
                0x00080180                _write
 .text._exit    0x000801a4       0x10 C:\Users\mw7\AppData\Local\V.Micro\Arduino\Builds\DueWindShield\arduino_due_x_dbg/syscalls_sam3.c.o
                0x000801a4                _exit
 .text._kill    0x000801b4        0x2 C:\Users\mw7\AppData\Local\V.Micro\Arduino\Builds\DueWindShield\arduino_due_x_dbg/syscalls_sam3.c.o
                0x000801b4                _kill
 .text._getpid  0x000801b6        0x6 C:\Users\mw7\AppData\Local\V.Micro\Arduino\Builds\DueWindShield\arduino_due_x_dbg/syscalls_sam3.c.o
                0x000801b6                _getpid
 .text._Z17constStringLengthli
                0x000801bc       0x30 C:\Users\mw7\AppData\Local\V.Micro\Arduino\Builds\DueWindShield\arduino_due_x_dbg\constString.cpp.o
                0x000801bc                constStringLength(long, int)
 .text._Z17constStringLengthmi
                0x000801ec       0x30 C:\Users\mw7\AppData\Local\V.Micro\Arduino\Builds\DueWindShield\arduino_due_x_dbg\constString.cpp.o
                0x000801ec                constStringLength(unsigned long, int)
 .text._Z17constStringLengthti
                0x0008021c       0x30 C:\Users\mw7\AppData\Local\V.Micro\Arduino\Builds\DueWindShield\arduino_due_x_dbg\constString.cpp.o
                0x0008021c                constStringLength(unsigned short, int)
 .text._Z17constStringLengthsi
                0x0008024c       0x30 C:\Users\mw7\AppData\Local\V.Micro\Arduino\Builds\DueWindShield\arduino_due_x_dbg\constString.cpp.o
                0x0008024c                constStringLength(short, int)
 .text._Z8P_Enableh.part.0
                0x0008027c       0x1c C:\Users\mw7\AppData\Local\V.Micro\Arduino\Builds\DueWindShield\arduino_due_x_dbg\DueWindShield.cpp.o
 .text._Z7readVccv
                0x00080298       0x20 C:\Users\mw7\AppData\Local\V.Micro\Arduino\Builds\DueWindShield\arduino_due_x_dbg\DueWindShield.cpp.o
                0x00080298                readVcc()
 .text._Z11readVoltaged
                0x000802b8       0x38 C:\Users\mw7\AppData\Local\V.Micro\Arduino\Builds\DueWindShield\arduino_due_x_dbg\DueWindShield.cpp.o
                0x000802b8                readVoltage(double)
 .text._Z11readCurrentd
                0x000802f0       0x30 C:\Users\mw7\AppData\Local\V.Micro\Arduino\Builds\DueWindShield\arduino_due_x_dbg\DueWindShield.cpp.o
                0x000802f0                readCurrent(double)
 .text._Z9L_setLoadt
                0x00080320       0x14 C:\Users\mw7\AppData\Local\V.Micro\Arduino\Builds\DueWindShield\arduino_due_x_dbg\DueWindShield.cpp.o
                0x00080320                L_setLoad(unsigned short)
 .text._Z16P_Distance_to_gov
                0x00080334       0x14 C:\Users\mw7\AppData\Local\V.Micro\Arduino\Builds\DueWindShield\arduino_due_x_dbg\DueWindShield.cpp.o
                0x00080334                P_Distance_to_go()
 .text._Z8P_Enableh
                0x00080348       0x26 C:\Users\mw7\AppData\Local\V.Micro\Arduino\Builds\DueWindShield\arduino_due_x_dbg\DueWindShield.cpp.o
                0x00080348                P_Enable(unsigned char)
 *fill*         0x0008036e        0x2 
 .text._Z6P_Stepv
                0x00080370       0x88 C:\Users\mw7\AppData\Local\V.Micro\Arduino\Builds\DueWindShield\arduino_due_x_dbg\DueWindShield.cpp.o
                0x00080370                P_Step()
 .text._Z4sindf
                0x000803f8       0x40 C:\Users\mw7\AppData\Local\V.Micro\Arduino\Builds\DueWindShield\arduino_due_x_dbg\DueWindShield.cpp.o
                0x000803f8                sind(float)
 .text._Z4tandf
                0x00080438       0x40 C:\Users\mw7\AppData\Local\V.Micro\Arduino\Builds\DueWindShield\arduino_due_x_dbg\DueWindShield.cpp.o
                0x00080438                tand(float)
 .text._Z12P_Angle2Stepl
                0x00080478       0xd0 C:\Users\mw7\AppData\Local\V.Micro\Arduino\Builds\DueWindShield\arduino_due_x_dbg\DueWindShield.cpp.o
                0x00080478                P_Angle2Step(long)
 .text._Z20P_resetPitchPositionv
                0x00080548       0x38 C:\Users\mw7\AppData\Local\V.Micro\Arduino\Builds\DueWindShield\arduino_due_x_dbg\DueWindShield.cpp.o
                0x00080548                P_resetPitchPosition()
 .text._Z11P_setMStepsh
                0x00080580       0x78 C:\Users\mw7\AppData\Local\V.Micro\Arduino\Builds\DueWindShield\arduino_due_x_dbg\DueWindShield.cpp.o
                0x00080580                P_setMSteps(unsigned char)
 .text._Z3Fani  0x000805f8      0x120 C:\Users\mw7\AppData\Local\V.Micro\Arduino\Builds\DueWindShield\arduino_due_x_dbg\DueWindShield.cpp.o
                0x000805f8                Fan(int)
 .text._Z14M_Brake_activev
                0x00080718        0x8 C:\Users\mw7\AppData\Local\V.Micro\Arduino\Builds\DueWindShield\arduino_due_x_dbg\DueWindShield.cpp.o
                0x00080718                M_Brake_active()
 .text._Z16M_Brake_deactivev
                0x00080720        0x8 C:\Users\mw7\AppData\Local\V.Micro\Arduino\Builds\DueWindShield\arduino_due_x_dbg\DueWindShield.cpp.o
                0x00080720                M_Brake_deactive()
 .text._Z9M_forwardv
                0x00080728       0x12 C:\Users\mw7\AppData\Local\V.Micro\Arduino\Builds\DueWindShield\arduino_due_x_dbg\DueWindShield.cpp.o
                0x00080728                M_forward()
 .text._Z10M_backwardv
                0x0008073a       0x12 C:\Users\mw7\AppData\Local\V.Micro\Arduino\Builds\DueWindShield\arduino_due_x_dbg\DueWindShield.cpp.o
                0x0008073a                M_backward()
 .text._Z7M_Brakev
                0x0008074c       0x12 C:\Users\mw7\AppData\Local\V.Micro\Arduino\Builds\DueWindShield\arduino_due_x_dbg\DueWindShield.cpp.o
                0x0008074c                M_Brake()
 .text._Z15M_Brake_releasev
                0x0008075e       0x12 C:\Users\mw7\AppData\Local\V.Micro\Arduino\Builds\DueWindShield\arduino_due_x_dbg\DueWindShield.cpp.o
                0x0008075e                M_Brake_release()
 .text._Z11M_SleepModei
                0x00080770       0x22 C:\Users\mw7\AppData\Local\V.Micro\Arduino\Builds\DueWindShield\arduino_due_x_dbg\DueWindShield.cpp.o
                0x00080770                M_SleepMode(int)
 *fill*         0x00080792        0x2 
 .text._Z20M_SwitchMotorModeOffv
                0x00080794       0x30 C:\Users\mw7\AppData\Local\V.Micro\Arduino\Builds\DueWindShield\arduino_due_x_dbg\DueWindShield.cpp.o
                0x00080794                M_SwitchMotorModeOff()
 .text._Z19M_SwitchMotorModeOnv
                0x000807c4       0x20 C:\Users\mw7\AppData\Local\V.Micro\Arduino\Builds\DueWindShield\arduino_due_x_dbg\DueWindShield.cpp.o
                0x000807c4                M_SwitchMotorModeOn()
 .text._Z15M_SetMotorSpeedl
                0x000807e4       0x2e C:\Users\mw7\AppData\Local\V.Micro\Arduino\Builds\DueWindShield\arduino_due_x_dbg\DueWindShield.cpp.o
                0x000807e4                M_SetMotorSpeed(long)
 *fill*         0x00080812        0x2 
 .text._Z9printHelpv
                0x00080814      0x190 C:\Users\mw7\AppData\Local\V.Micro\Arduino\Builds\DueWindShield\arduino_due_x_dbg\DueWindShield.cpp.o
                0x00080814                printHelp()
 .text._Z14TurnOffWindLabv
                0x000809a4       0x30 C:\Users\mw7\AppData\Local\V.Micro\Arduino\Builds\DueWindShield\arduino_due_x_dbg\DueWindShield.cpp.o
                0x000809a4                TurnOffWindLab()
 .text._Z10SetCommand6String
                0x000809d4      0x25c C:\Users\mw7\AppData\Local\V.Micro\Arduino\Builds\DueWindShield\arduino_due_x_dbg\DueWindShield.cpp.o
                0x000809d4                SetCommand(String)
 .text._Z8PinSetupv
                0x00080c30       0xa6 C:\Users\mw7\AppData\Local\V.Micro\Arduino\Builds\DueWindShield\arduino_due_x_dbg\DueWindShield.cpp.o
                0x00080c30                PinSetup()
 *fill*         0x00080cd6        0x2 
 .text.startup._GLOBAL__sub_I_DEBUG
                0x00080cd8       0x6c C:\Users\mw7\AppData\Local\V.Micro\Arduino\Builds\DueWindShield\arduino_due_x_dbg\DueWindShield.cpp.o
 .text.setup    0x00080d44       0xa0 C:\Users\mw7\AppData\Local\V.Micro\Arduino\Builds\DueWindShield\arduino_due_x_dbg\DueWindShield.cpp.o
                0x00080d44                setup
 .text.loop     0x00080de4      0x688 C:\Users\mw7\AppData\Local\V.Micro\Arduino\Builds\DueWindShield\arduino_due_x_dbg\DueWindShield.cpp.o
                0x00080de4                loop
 .text._ZN7MCP4726C2Eh
                0x0008146c        0x4 C:\Users\mw7\AppData\Local\V.Micro\Arduino\Builds\DueWindShield\arduino_due_x_dbg\MCP4726.cpp.o
                0x0008146c                MCP4726::MCP4726(unsigned char)
                0x0008146c                MCP4726::MCP4726(unsigned char)
 .text._ZN7MCP47268setupI2CEv
                0x00081470       0x10 C:\Users\mw7\AppData\Local\V.Micro\Arduino\Builds\DueWindShield\arduino_due_x_dbg\MCP4726.cpp.o
                0x00081470                MCP4726::setupI2C()
 .text._ZN7MCP47265beginEv
                0x00081480       0x14 C:\Users\mw7\AppData\Local\V.Micro\Arduino\Builds\DueWindShield\arduino_due_x_dbg\MCP4726.cpp.o
                0x00081480                MCP4726::begin()
 .text._ZN7MCP472610setVoltageEt
                0x00081494       0x3c C:\Users\mw7\AppData\Local\V.Micro\Arduino\Builds\DueWindShield\arduino_due_x_dbg\MCP4726.cpp.o
                0x00081494                MCP4726::setVoltage(unsigned short)
 .text._ZN9speed_encC2Eii
                0x000814d0       0x54 C:\Users\mw7\AppData\Local\V.Micro\Arduino\Builds\DueWindShield\arduino_due_x_dbg\speed_enc.cpp.o
                0x000814d0                speed_enc::speed_enc(int, int)
                0x000814d0                speed_enc::speed_enc(int, int)
 .text._ZN9speed_enc5speedEv
                0x00081524       0x5c C:\Users\mw7\AppData\Local\V.Micro\Arduino\Builds\DueWindShield\arduino_due_x_dbg\speed_enc.cpp.o
                0x00081524                speed_enc::speed()
 .text._ZN7TwoWire5writeEPKhj
                0x00081580       0x50 C:\Users\mw7\AppData\Local\V.Micro\Arduino\Builds\DueWindShield\arduino_due_x_dbg\Wire\Wire.cpp.o
                0x00081580                TwoWire::write(unsigned char const*, unsigned int)
 .text._ZN7TwoWire9availableEv
                0x000815d0        0xc C:\Users\mw7\AppData\Local\V.Micro\Arduino\Builds\DueWindShield\arduino_due_x_dbg\Wire\Wire.cpp.o
                0x000815d0                TwoWire::available()
 .text._ZN7TwoWire4readEv
                0x000815dc       0x1e C:\Users\mw7\AppData\Local\V.Micro\Arduino\Builds\DueWindShield\arduino_due_x_dbg\Wire\Wire.cpp.o
                0x000815dc                TwoWire::read()
 .text._ZN7TwoWire4peekEv
                0x000815fa       0x16 C:\Users\mw7\AppData\Local\V.Micro\Arduino\Builds\DueWindShield\arduino_due_x_dbg\Wire\Wire.cpp.o
                0x000815fa                TwoWire::peek()
 .text._ZN7TwoWire5flushEv
                0x00081610        0x2 C:\Users\mw7\AppData\Local\V.Micro\Arduino\Builds\DueWindShield\arduino_due_x_dbg\Wire\Wire.cpp.o
                0x00081610                TwoWire::flush()
 .text._ZN7TwoWire5writeEh
                0x00081612       0x3a C:\Users\mw7\AppData\Local\V.Micro\Arduino\Builds\DueWindShield\arduino_due_x_dbg\Wire\Wire.cpp.o
                0x00081612                TwoWire::write(unsigned char)
 .text._ZL16TWI_WaitByteSentP3Twim.constprop.3
                0x0008164c       0x2c C:\Users\mw7\AppData\Local\V.Micro\Arduino\Builds\DueWindShield\arduino_due_x_dbg\Wire\Wire.cpp.o
 .text._ZL24TWI_WaitTransferCompleteP3Twim.constprop.4
                0x00081678       0x2c C:\Users\mw7\AppData\Local\V.Micro\Arduino\Builds\DueWindShield\arduino_due_x_dbg\Wire\Wire.cpp.o
 .text._ZL9Wire_Initv
                0x000816a4       0x54 C:\Users\mw7\AppData\Local\V.Micro\Arduino\Builds\DueWindShield\arduino_due_x_dbg\Wire\Wire.cpp.o
 .text._ZL10Wire1_Initv
                0x000816f8       0x54 C:\Users\mw7\AppData\Local\V.Micro\Arduino\Builds\DueWindShield\arduino_due_x_dbg\Wire\Wire.cpp.o
 .text._ZN7TwoWireC2EP3TwiPFvvE
                0x0008174c       0x44 C:\Users\mw7\AppData\Local\V.Micro\Arduino\Builds\DueWindShield\arduino_due_x_dbg\Wire\Wire.cpp.o
                0x0008174c                TwoWire::TwoWire(Twi*, void (*)())
                0x0008174c                TwoWire::TwoWire(Twi*, void (*)())
 .text._ZN7TwoWire5beginEv
                0x00081790       0x30 C:\Users\mw7\AppData\Local\V.Micro\Arduino\Builds\DueWindShield\arduino_due_x_dbg\Wire\Wire.cpp.o
                0x00081790                TwoWire::begin()
 .text._ZN7TwoWire8setClockEm
                0x000817c0       0x14 C:\Users\mw7\AppData\Local\V.Micro\Arduino\Builds\DueWindShield\arduino_due_x_dbg\Wire\Wire.cpp.o
                0x000817c0                TwoWire::setClock(unsigned long)
 .text._ZN7TwoWire17beginTransmissionEh
                0x000817d4       0x12 C:\Users\mw7\AppData\Local\V.Micro\Arduino\Builds\DueWindShield\arduino_due_x_dbg\Wire\Wire.cpp.o
                0x000817d4                TwoWire::beginTransmission(unsigned char)
 .text._ZN7TwoWire15endTransmissionEh
                0x000817e6       0x82 C:\Users\mw7\AppData\Local\V.Micro\Arduino\Builds\DueWindShield\arduino_due_x_dbg\Wire\Wire.cpp.o
                0x000817e6                TwoWire::endTransmission(unsigned char)
 .text._ZN7TwoWire15endTransmissionEv
                0x00081868        0x6 C:\Users\mw7\AppData\Local\V.Micro\Arduino\Builds\DueWindShield\arduino_due_x_dbg\Wire\Wire.cpp.o
                0x00081868                TwoWire::endTransmission()
 .text._ZN7TwoWire9onServiceEv
                0x0008186e      0x122 C:\Users\mw7\AppData\Local\V.Micro\Arduino\Builds\DueWindShield\arduino_due_x_dbg\Wire\Wire.cpp.o
                0x0008186e                TwoWire::onService()
 .text.TWI1_Handler
                0x00081990        0xc C:\Users\mw7\AppData\Local\V.Micro\Arduino\Builds\DueWindShield\arduino_due_x_dbg\Wire\Wire.cpp.o
                0x00081990                TWI1_Handler
 .text.TWI0_Handler
                0x0008199c        0xc C:\Users\mw7\AppData\Local\V.Micro\Arduino\Builds\DueWindShield\arduino_due_x_dbg\Wire\Wire.cpp.o
                0x0008199c                TWI0_Handler
 .text.startup._GLOBAL__sub_I__ZN7TwoWireC2EP3TwiPFvvE
                0x000819a8       0x34 C:\Users\mw7\AppData\Local\V.Micro\Arduino\Builds\DueWindShield\arduino_due_x_dbg\Wire\Wire.cpp.o
 .text.PIO_DisableInterrupt
                0x000819dc        0x4 C:\Users\mw7\AppData\Roaming\arduino15\packages\arduino\hardware\sam\1.6.4\variants\arduino_due_x/libsam_sam3x8e_gcc_rel.a(pio.o)
                0x000819dc                PIO_DisableInterrupt
 .text.PIO_PullUp
                0x000819e0        0xa C:\Users\mw7\AppData\Roaming\arduino15\packages\arduino\hardware\sam\1.6.4\variants\arduino_due_x/libsam_sam3x8e_gcc_rel.a(pio.o)
                0x000819e0                PIO_PullUp
 .text.PIO_SetPeripheral
                0x000819ea       0x2a C:\Users\mw7\AppData\Roaming\arduino15\packages\arduino\hardware\sam\1.6.4\variants\arduino_due_x/libsam_sam3x8e_gcc_rel.a(pio.o)
                0x000819ea                PIO_SetPeripheral
 .text.PIO_SetInput
                0x00081a14       0x40 C:\Users\mw7\AppData\Roaming\arduino15\packages\arduino\hardware\sam\1.6.4\variants\arduino_due_x/libsam_sam3x8e_gcc_rel.a(pio.o)
                0x00081a14                PIO_SetInput
 .text.PIO_SetOutput
                0x00081a54       0x38 C:\Users\mw7\AppData\Roaming\arduino15\packages\arduino\hardware\sam\1.6.4\variants\arduino_due_x/libsam_sam3x8e_gcc_rel.a(pio.o)
                0x00081a54                PIO_SetOutput
 .text.PIO_Configure
                0x00081a8c       0x74 C:\Users\mw7\AppData\Roaming\arduino15\packages\arduino\hardware\sam\1.6.4\variants\arduino_due_x/libsam_sam3x8e_gcc_rel.a(pio.o)
                0x00081a8c                PIO_Configure
 .text.PIO_GetOutputDataStatus
                0x00081b00       0x16 C:\Users\mw7\AppData\Roaming\arduino15\packages\arduino\hardware\sam\1.6.4\variants\arduino_due_x/libsam_sam3x8e_gcc_rel.a(pio.o)
                0x00081b00                PIO_GetOutputDataStatus
 *fill*         0x00081b16        0x2 
 .text.pmc_enable_upll_clock
                0x00081b18       0x18 C:\Users\mw7\AppData\Roaming\arduino15\packages\arduino\hardware\sam\1.6.4\variants\arduino_due_x/libsam_sam3x8e_gcc_rel.a(pmc.o)
                0x00081b18                pmc_enable_upll_clock
 .text.pmc_enable_periph_clk
                0x00081b30       0x48 C:\Users\mw7\AppData\Roaming\arduino15\packages\arduino\hardware\sam\1.6.4\variants\arduino_due_x/libsam_sam3x8e_gcc_rel.a(pmc.o)
                0x00081b30                pmc_enable_periph_clk
 .text.pmc_disable_periph_clk
                0x00081b78       0x48 C:\Users\mw7\AppData\Roaming\arduino15\packages\arduino\hardware\sam\1.6.4\variants\arduino_due_x/libsam_sam3x8e_gcc_rel.a(pmc.o)
                0x00081b78                pmc_disable_periph_clk
 .text.pmc_switch_udpck_to_upllck
                0x00081bc0       0x14 C:\Users\mw7\AppData\Roaming\arduino15\packages\arduino\hardware\sam\1.6.4\variants\arduino_due_x/libsam_sam3x8e_gcc_rel.a(pmc.o)
                0x00081bc0                pmc_switch_udpck_to_upllck
 .text.pmc_enable_udpck
                0x00081bd4        0xc C:\Users\mw7\AppData\Roaming\arduino15\packages\arduino\hardware\sam\1.6.4\variants\arduino_due_x/libsam_sam3x8e_gcc_rel.a(pmc.o)
                0x00081bd4                pmc_enable_udpck
 .text.TWI_SetClock
                0x00081be0       0x5c C:\Users\mw7\AppData\Roaming\arduino15\packages\arduino\hardware\sam\1.6.4\variants\arduino_due_x/libsam_sam3x8e_gcc_rel.a(twi.o)
                0x00081be0                TWI_SetClock
 .text.TWI_ConfigureMaster
                0x00081c3c       0x40 C:\Users\mw7\AppData\Roaming\arduino15\packages\arduino\hardware\sam\1.6.4\variants\arduino_due_x/libsam_sam3x8e_gcc_rel.a(twi.o)
                0x00081c3c                TWI_ConfigureMaster
 .text.TWI_Stop
                0x00081c7c       0x28 C:\Users\mw7\AppData\Roaming\arduino15\packages\arduino\hardware\sam\1.6.4\variants\arduino_due_x/libsam_sam3x8e_gcc_rel.a(twi.o)
                0x00081c7c                TWI_Stop
 .text.TWI_ReadByte
                0x00081ca4       0x28 C:\Users\mw7\AppData\Roaming\arduino15\packages\arduino\hardware\sam\1.6.4\variants\arduino_due_x/libsam_sam3x8e_gcc_rel.a(twi.o)
                0x00081ca4                TWI_ReadByte
 .text.TWI_WriteByte
                0x00081ccc       0x24 C:\Users\mw7\AppData\Roaming\arduino15\packages\arduino\hardware\sam\1.6.4\variants\arduino_due_x/libsam_sam3x8e_gcc_rel.a(twi.o)
                0x00081ccc                TWI_WriteByte
 .text.TWI_StartWrite
                0x00081cf0       0x80 C:\Users\mw7\AppData\Roaming\arduino15\packages\arduino\hardware\sam\1.6.4\variants\arduino_due_x/libsam_sam3x8e_gcc_rel.a(twi.o)
                0x00081cf0                TWI_StartWrite
 .text.TWI_EnableIt
                0x00081d70       0x40 C:\Users\mw7\AppData\Roaming\arduino15\packages\arduino\hardware\sam\1.6.4\variants\arduino_due_x/libsam_sam3x8e_gcc_rel.a(twi.o)
                0x00081d70                TWI_EnableIt
 .text.TWI_DisableIt
                0x00081db0       0x40 C:\Users\mw7\AppData\Roaming\arduino15\packages\arduino\hardware\sam\1.6.4\variants\arduino_due_x/libsam_sam3x8e_gcc_rel.a(twi.o)
                0x00081db0                TWI_DisableIt
 .text.TWI_GetStatus
                0x00081df0       0x28 C:\Users\mw7\AppData\Roaming\arduino15\packages\arduino\hardware\sam\1.6.4\variants\arduino_due_x/libsam_sam3x8e_gcc_rel.a(twi.o)
                0x00081df0                TWI_GetStatus
 .text.SystemInit
                0x00081e18       0x9c C:\Users\mw7\AppData\Roaming\arduino15\packages\arduino\hardware\sam\1.6.4\variants\arduino_due_x/libsam_sam3x8e_gcc_rel.a(system_sam3xa.o)
                0x00081e18                SystemInit
 .text.Reset_Handler
                0x00081eb4       0x70 C:\Users\mw7\AppData\Roaming\arduino15\packages\arduino\hardware\sam\1.6.4\variants\arduino_due_x/libsam_sam3x8e_gcc_rel.a(startup_sam3xa.o)
                0x00081eb4                Reset_Handler
 .text.adc_init
                0x00081f24       0xa0 C:\Users\mw7\AppData\Roaming\arduino15\packages\arduino\hardware\sam\1.6.4\variants\arduino_due_x/libsam_sam3x8e_gcc_rel.a(adc.o)
                0x00081f24                adc_init
 .text.adc_configure_trigger
                0x00081fc4       0x10 C:\Users\mw7\AppData\Roaming\arduino15\packages\arduino\hardware\sam\1.6.4\variants\arduino_due_x/libsam_sam3x8e_gcc_rel.a(adc.o)
                0x00081fc4                adc_configure_trigger
 .text.adc_configure_timing
                0x00081fd4       0x1a C:\Users\mw7\AppData\Roaming\arduino15\packages\arduino\hardware\sam\1.6.4\variants\arduino_due_x/libsam_sam3x8e_gcc_rel.a(adc.o)
                0x00081fd4                adc_configure_timing
 .text.adc_start
                0x00081fee        0x6 C:\Users\mw7\AppData\Roaming\arduino15\packages\arduino\hardware\sam\1.6.4\variants\arduino_due_x/libsam_sam3x8e_gcc_rel.a(adc.o)
                0x00081fee                adc_start
 .text.adc_enable_channel
                0x00081ff4        0x8 C:\Users\mw7\AppData\Roaming\arduino15\packages\arduino\hardware\sam\1.6.4\variants\arduino_due_x/libsam_sam3x8e_gcc_rel.a(adc.o)
                0x00081ff4                adc_enable_channel
 .text.adc_disable_channel
                0x00081ffc        0x8 C:\Users\mw7\AppData\Roaming\arduino15\packages\arduino\hardware\sam\1.6.4\variants\arduino_due_x/libsam_sam3x8e_gcc_rel.a(adc.o)
                0x00081ffc                adc_disable_channel
 .text.adc_disable_all_channel
                0x00082004        0x8 C:\Users\mw7\AppData\Roaming\arduino15\packages\arduino\hardware\sam\1.6.4\variants\arduino_due_x/libsam_sam3x8e_gcc_rel.a(adc.o)
                0x00082004                adc_disable_all_channel
 .text.adc_get_latest_value
                0x0008200c        0x4 C:\Users\mw7\AppData\Roaming\arduino15\packages\arduino\hardware\sam\1.6.4\variants\arduino_due_x/libsam_sam3x8e_gcc_rel.a(adc.o)
                0x0008200c                adc_get_latest_value
 .text.adc_disable_interrupt
                0x00082010        0x4 C:\Users\mw7\AppData\Roaming\arduino15\packages\arduino\hardware\sam\1.6.4\variants\arduino_due_x/libsam_sam3x8e_gcc_rel.a(adc.o)
                0x00082010                adc_disable_interrupt
 .text.adc_get_status
                0x00082014        0x4 C:\Users\mw7\AppData\Roaming\arduino15\packages\arduino\hardware\sam\1.6.4\variants\arduino_due_x/libsam_sam3x8e_gcc_rel.a(adc.o)
                0x00082014                adc_get_status
 .text.UOTGHS_Handler
                0x00082018       0x10 C:\Users\mw7\AppData\Roaming\arduino15\packages\arduino\hardware\sam\1.6.4\variants\arduino_due_x/libsam_sam3x8e_gcc_rel.a(uotghs.o)
                0x00082018                UOTGHS_Handler
 .text.__halt   0x00082028        0x2 C:\Users\mw7\AppData\Local\V.Micro\Arduino\Builds\DueWindShield\arduino_due_x_dbg/core.a(cortex_handlers.c.o)
                0x00082028                DACC_Handler
                0x00082028                DebugMon_Handler
                0x00082028                DMAC_Handler
                0x00082028                TRNG_Handler
                0x00082028                HardFault_Handler
                0x00082028                TC2_Handler
                0x00082028                NMI_Handler
                0x00082028                TC7_Handler
                0x00082028                ADC_Handler
                0x00082028                SMC_Handler
                0x00082028                RTT_Handler
                0x00082028                EFC1_Handler
                0x00082028                PIOB_Handler
                0x00082028                RTC_Handler
                0x00082028                UsageFault_Handler
                0x00082028                TC6_Handler
                0x00082028                WDT_Handler
                0x00082028                CAN0_Handler
                0x00082028                TC4_Handler
                0x00082028                TC1_Handler
                0x00082028                HSMCI_Handler
                0x00082028                TC3_Handler
                0x00082028                PIOA_Handler
                0x00082028                SSC_Handler
                0x00082028                EFC0_Handler
                0x00082028                PMC_Handler
                0x00082028                PWM_Handler
                0x00082028                CAN1_Handler
                0x00082028                MemManage_Handler
                0x00082028                SUPC_Handler
                0x00082028                TC8_Handler
                0x00082028                USART2_Handler
                0x00082028                PIOD_Handler
                0x00082028                EMAC_Handler
                0x00082028                PIOC_Handler
                0x00082028                BusFault_Handler
                0x00082028                RSTC_Handler
                0x00082028                TC0_Handler
                0x00082028                TC5_Handler
                0x00082028                SPI0_Handler
 .text.SVC_Handler
                0x0008202a        0x4 C:\Users\mw7\AppData\Local\V.Micro\Arduino\Builds\DueWindShield\arduino_due_x_dbg/core.a(cortex_handlers.c.o)
                0x0008202a                SVC_Handler
 .text.PendSV_Handler
                0x0008202e        0x4 C:\Users\mw7\AppData\Local\V.Micro\Arduino\Builds\DueWindShield\arduino_due_x_dbg/core.a(cortex_handlers.c.o)
                0x0008202e                PendSV_Handler
 .text.SysTick_Handler
                0x00082032       0x16 C:\Users\mw7\AppData\Local\V.Micro\Arduino\Builds\DueWindShield\arduino_due_x_dbg/core.a(cortex_handlers.c.o)
                0x00082032                SysTick_Handler
 .text.__empty  0x00082048        0x2 C:\Users\mw7\AppData\Local\V.Micro\Arduino\Builds\DueWindShield\arduino_due_x_dbg/core.a(hooks.c.o)
                0x00082048                yield
 .text.__false  0x0008204a        0x4 C:\Users\mw7\AppData\Local\V.Micro\Arduino\Builds\DueWindShield\arduino_due_x_dbg/core.a(hooks.c.o)
                0x0008204a                sysTickHook
 .text.__halt   0x0008204e        0x2 C:\Users\mw7\AppData\Local\V.Micro\Arduino\Builds\DueWindShield\arduino_due_x_dbg/core.a(hooks.c.o)
                0x0008204e                svcHook
                0x0008204e                pendSVHook
 .text.micros   0x00082050       0x74 C:\Users\mw7\AppData\Local\V.Micro\Arduino\Builds\DueWindShield\arduino_due_x_dbg/core.a(wiring.c.o)
                0x00082050                micros
 .text.delay    0x000820c4       0x1c C:\Users\mw7\AppData\Local\V.Micro\Arduino\Builds\DueWindShield\arduino_due_x_dbg/core.a(wiring.c.o)
                0x000820c4                delay
 .text.mapResolution
                0x000820e0       0x12 C:\Users\mw7\AppData\Local\V.Micro\Arduino\Builds\DueWindShield\arduino_due_x_dbg/core.a(wiring_analog.c.o)
 *fill*         0x000820f2        0x2 
 .text.analogReadResolution
                0x000820f4        0xc C:\Users\mw7\AppData\Local\V.Micro\Arduino\Builds\DueWindShield\arduino_due_x_dbg/core.a(wiring_analog.c.o)
                0x000820f4                analogReadResolution
 .text.analogRead
                0x00082100       0x74 C:\Users\mw7\AppData\Local\V.Micro\Arduino\Builds\DueWindShield\arduino_due_x_dbg/core.a(wiring_analog.c.o)
                0x00082100                analogRead
 .text.analogOutputInit
                0x00082174       0x14 C:\Users\mw7\AppData\Local\V.Micro\Arduino\Builds\DueWindShield\arduino_due_x_dbg/core.a(wiring_analog.c.o)
                0x00082174                analogOutputInit
 .text.analogWrite
                0x00082188      0x2a8 C:\Users\mw7\AppData\Local\V.Micro\Arduino\Builds\DueWindShield\arduino_due_x_dbg/core.a(wiring_analog.c.o)
                0x00082188                analogWrite
 .text.pinMode  0x00082430       0x64 C:\Users\mw7\AppData\Local\V.Micro\Arduino\Builds\DueWindShield\arduino_due_x_dbg/core.a(wiring_digital.c.o)
                0x00082430                pinMode
 .text.digitalWrite
                0x00082494       0x48 C:\Users\mw7\AppData\Local\V.Micro\Arduino\Builds\DueWindShield\arduino_due_x_dbg/core.a(wiring_digital.c.o)
                0x00082494                digitalWrite
 .text.initVariant
                0x000824dc        0x2 C:\Users\mw7\AppData\Local\V.Micro\Arduino\Builds\DueWindShield\arduino_due_x_dbg/core.a(main.cpp.o)
                0x000824dc                initVariant
 *fill*         0x000824de        0x2 
 .text.startup.main
                0x000824e0       0x34 C:\Users\mw7\AppData\Local\V.Micro\Arduino\Builds\DueWindShield\arduino_due_x_dbg/core.a(main.cpp.o)
                0x000824e0                main
 .text._ZN5Print5writeEPKhj
                0x00082514       0x22 C:\Users\mw7\AppData\Local\V.Micro\Arduino\Builds\DueWindShield\arduino_due_x_dbg/core.a(Print.cpp.o)
                0x00082514                Print::write(unsigned char const*, unsigned int)
 .text._ZN5Print5writeEPKc
                0x00082536       0x1e C:\Users\mw7\AppData\Local\V.Micro\Arduino\Builds\DueWindShield\arduino_due_x_dbg/core.a(Print.cpp.o)
                0x00082536                Print::write(char const*)
 .text._ZN5Print5printERK6String
                0x00082554       0x10 C:\Users\mw7\AppData\Local\V.Micro\Arduino\Builds\DueWindShield\arduino_due_x_dbg/core.a(Print.cpp.o)
                0x00082554                Print::print(String const&)
 .text._ZN5Print5printEPKc
                0x00082564        0x8 C:\Users\mw7\AppData\Local\V.Micro\Arduino\Builds\DueWindShield\arduino_due_x_dbg/core.a(Print.cpp.o)
                0x00082564                Print::print(char const*)
 .text._ZN5Print5printEc
                0x0008256c        0xa C:\Users\mw7\AppData\Local\V.Micro\Arduino\Builds\DueWindShield\arduino_due_x_dbg/core.a(Print.cpp.o)
                0x0008256c                Print::print(char)
 .text._ZN5Print7printlnEv
                0x00082576       0x18 C:\Users\mw7\AppData\Local\V.Micro\Arduino\Builds\DueWindShield\arduino_due_x_dbg/core.a(Print.cpp.o)
                0x00082576                Print::println()
 .text._ZN5Print7printlnERK6String
                0x0008258e       0x14 C:\Users\mw7\AppData\Local\V.Micro\Arduino\Builds\DueWindShield\arduino_due_x_dbg/core.a(Print.cpp.o)
                0x0008258e                Print::println(String const&)
 .text._ZN5Print7printlnEPKc
                0x000825a2       0x14 C:\Users\mw7\AppData\Local\V.Micro\Arduino\Builds\DueWindShield\arduino_due_x_dbg/core.a(Print.cpp.o)
                0x000825a2                Print::println(char const*)
 .text._ZN5Print11printNumberEmh
                0x000825b6       0x3c C:\Users\mw7\AppData\Local\V.Micro\Arduino\Builds\DueWindShield\arduino_due_x_dbg/core.a(Print.cpp.o)
                0x000825b6                Print::printNumber(unsigned long, unsigned char)
 .text._ZN5Print5printEli
                0x000825f2       0x3c C:\Users\mw7\AppData\Local\V.Micro\Arduino\Builds\DueWindShield\arduino_due_x_dbg/core.a(Print.cpp.o)
                0x000825f2                Print::print(long, int)
 .text._ZN5Print5printEmi
                0x0008262e       0x18 C:\Users\mw7\AppData\Local\V.Micro\Arduino\Builds\DueWindShield\arduino_due_x_dbg/core.a(Print.cpp.o)
                0x0008262e                Print::print(unsigned long, int)
 .text._ZN5Print7printlnEmi
                0x00082646       0x14 C:\Users\mw7\AppData\Local\V.Micro\Arduino\Builds\DueWindShield\arduino_due_x_dbg/core.a(Print.cpp.o)
                0x00082646                Print::println(unsigned long, int)
 *fill*         0x0008265a        0x2 
 .text.initiateReset
                0x0008265c        0xc C:\Users\mw7\AppData\Local\V.Micro\Arduino\Builds\DueWindShield\arduino_due_x_dbg/core.a(Reset.cpp.o)
                0x0008265c                initiateReset
 .text.cancelReset
                0x00082668       0x10 C:\Users\mw7\AppData\Local\V.Micro\Arduino\Builds\DueWindShield\arduino_due_x_dbg/core.a(Reset.cpp.o)
                0x00082668                cancelReset
 .text.tickReset
                0x00082678       0x20 C:\Users\mw7\AppData\Local\V.Micro\Arduino\Builds\DueWindShield\arduino_due_x_dbg/core.a(Reset.cpp.o)
                0x00082678                tickReset
 .text._ZN9UARTClasscvbEv
                0x00082698        0x4 C:\Users\mw7\AppData\Local\V.Micro\Arduino\Builds\DueWindShield\arduino_due_x_dbg/core.a(UARTClass.cpp.o)
                0x00082698                UARTClass::operator bool()
 .text._ZN9UARTClass9availableEv
                0x0008269c       0x12 C:\Users\mw7\AppData\Local\V.Micro\Arduino\Builds\DueWindShield\arduino_due_x_dbg/core.a(UARTClass.cpp.o)
                0x0008269c                UARTClass::available()
 .text._ZN9UARTClass4peekEv
                0x000826ae       0x1c C:\Users\mw7\AppData\Local\V.Micro\Arduino\Builds\DueWindShield\arduino_due_x_dbg/core.a(UARTClass.cpp.o)
                0x000826ae                UARTClass::peek()
 .text._ZN9UARTClass4readEv
                0x000826ca       0x2a C:\Users\mw7\AppData\Local\V.Micro\Arduino\Builds\DueWindShield\arduino_due_x_dbg/core.a(UARTClass.cpp.o)
                0x000826ca                UARTClass::read()
 .text._ZN9UARTClass5flushEv
                0x000826f4       0x18 C:\Users\mw7\AppData\Local\V.Micro\Arduino\Builds\DueWindShield\arduino_due_x_dbg/core.a(UARTClass.cpp.o)
                0x000826f4                UARTClass::flush()
 .text._ZN9UARTClass5writeEh
                0x0008270c       0x54 C:\Users\mw7\AppData\Local\V.Micro\Arduino\Builds\DueWindShield\arduino_due_x_dbg/core.a(UARTClass.cpp.o)
                0x0008270c                UARTClass::write(unsigned char)
 .text._ZN9UARTClass3endEv
                0x00082760       0x3c C:\Users\mw7\AppData\Local\V.Micro\Arduino\Builds\DueWindShield\arduino_due_x_dbg/core.a(UARTClass.cpp.o)
                0x00082760                UARTClass::end()
 .text._ZN9UARTClassC2EP4Uart4IRQnmP10RingBufferS4_
                0x0008279c       0x24 C:\Users\mw7\AppData\Local\V.Micro\Arduino\Builds\DueWindShield\arduino_due_x_dbg/core.a(UARTClass.cpp.o)
                0x0008279c                UARTClass::UARTClass(Uart*, IRQn, unsigned long, RingBuffer*, RingBuffer*)
                0x0008279c                UARTClass::UARTClass(Uart*, IRQn, unsigned long, RingBuffer*, RingBuffer*)
 .text._ZN9UARTClass4initEmm
                0x000827c0       0x70 C:\Users\mw7\AppData\Local\V.Micro\Arduino\Builds\DueWindShield\arduino_due_x_dbg/core.a(UARTClass.cpp.o)
                0x000827c0                UARTClass::init(unsigned long, unsigned long)
 .text._ZN9UARTClass5beginEm
                0x00082830        0x8 C:\Users\mw7\AppData\Local\V.Micro\Arduino\Builds\DueWindShield\arduino_due_x_dbg/core.a(UARTClass.cpp.o)
                0x00082830                UARTClass::begin(unsigned long)
 .text._ZN9UARTClass10IrqHandlerEv
                0x00082838       0x5a C:\Users\mw7\AppData\Local\V.Micro\Arduino\Builds\DueWindShield\arduino_due_x_dbg/core.a(UARTClass.cpp.o)
                0x00082838                UARTClass::IrqHandler()
 .text._ZN10USARTClass5beginEm
                0x00082892        0x8 C:\Users\mw7\AppData\Local\V.Micro\Arduino\Builds\DueWindShield\arduino_due_x_dbg/core.a(USARTClass.cpp.o)
                0x00082892                USARTClass::begin(unsigned long)
 *fill*         0x0008289a        0x2 
 .text._ZN10USARTClassC2EP5Usart4IRQnmP10RingBufferS4_
                0x0008289c       0x24 C:\Users\mw7\AppData\Local\V.Micro\Arduino\Builds\DueWindShield\arduino_due_x_dbg/core.a(USARTClass.cpp.o)
                0x0008289c                USARTClass::USARTClass(Usart*, IRQn, unsigned long, RingBuffer*, RingBuffer*)
                0x0008289c                USARTClass::USARTClass(Usart*, IRQn, unsigned long, RingBuffer*, RingBuffer*)
 .text._ZN6StringD2Ev
                0x000828c0        0xe C:\Users\mw7\AppData\Local\V.Micro\Arduino\Builds\DueWindShield\arduino_due_x_dbg/core.a(WString.cpp.o)
                0x000828c0                String::~String()
                0x000828c0                String::~String()
 .text._ZN6String10invalidateEv
                0x000828ce       0x16 C:\Users\mw7\AppData\Local\V.Micro\Arduino\Builds\DueWindShield\arduino_due_x_dbg/core.a(WString.cpp.o)
                0x000828ce                String::invalidate()
 .text._ZN6String12changeBufferEj
                0x000828e4       0x18 C:\Users\mw7\AppData\Local\V.Micro\Arduino\Builds\DueWindShield\arduino_due_x_dbg/core.a(WString.cpp.o)
                0x000828e4                String::changeBuffer(unsigned int)
 .text._ZN6String7reserveEj
                0x000828fc       0x22 C:\Users\mw7\AppData\Local\V.Micro\Arduino\Builds\DueWindShield\arduino_due_x_dbg/core.a(WString.cpp.o)
                0x000828fc                String::reserve(unsigned int)
 .text._ZN6String4copyEPKcj
                0x0008291e       0x26 C:\Users\mw7\AppData\Local\V.Micro\Arduino\Builds\DueWindShield\arduino_due_x_dbg/core.a(WString.cpp.o)
                0x0008291e                String::copy(char const*, unsigned int)
 .text._ZN6StringC2EPKc
                0x00082944       0x24 C:\Users\mw7\AppData\Local\V.Micro\Arduino\Builds\DueWindShield\arduino_due_x_dbg/core.a(WString.cpp.o)
                0x00082944                String::String(char const*)
                0x00082944                String::String(char const*)
 .text._ZN6StringaSERKS_
                0x00082968       0x1e C:\Users\mw7\AppData\Local\V.Micro\Arduino\Builds\DueWindShield\arduino_due_x_dbg/core.a(WString.cpp.o)
                0x00082968                String::operator=(String const&)
 .text._ZN6StringC2ERKS_
                0x00082986       0x14 C:\Users\mw7\AppData\Local\V.Micro\Arduino\Builds\DueWindShield\arduino_due_x_dbg/core.a(WString.cpp.o)
                0x00082986                String::String(String const&)
                0x00082986                String::String(String const&)
 .text._ZN6StringaSEPKc
                0x0008299a       0x22 C:\Users\mw7\AppData\Local\V.Micro\Arduino\Builds\DueWindShield\arduino_due_x_dbg/core.a(WString.cpp.o)
                0x0008299a                String::operator=(char const*)
 .text._ZN6String6concatEPKcj
                0x000829bc       0x2e C:\Users\mw7\AppData\Local\V.Micro\Arduino\Builds\DueWindShield\arduino_due_x_dbg/core.a(WString.cpp.o)
                0x000829bc                String::concat(char const*, unsigned int)
 .text._ZN6String6concatEc
                0x000829ea       0x1a C:\Users\mw7\AppData\Local\V.Micro\Arduino\Builds\DueWindShield\arduino_due_x_dbg/core.a(WString.cpp.o)
                0x000829ea                String::concat(char)
 .text._ZNK6String6equalsEPKc
                0x00082a04       0x26 C:\Users\mw7\AppData\Local\V.Micro\Arduino\Builds\DueWindShield\arduino_due_x_dbg/core.a(WString.cpp.o)
                0x00082a04                String::equals(char const*) const
 *fill*         0x00082a2a        0x2 
 .text._ZNK6String9substringEjj
                0x00082a2c       0x4c C:\Users\mw7\AppData\Local\V.Micro\Arduino\Builds\DueWindShield\arduino_due_x_dbg/core.a(WString.cpp.o)
                0x00082a2c                String::substring(unsigned int, unsigned int) const
 .text._ZN6String11toUpperCaseEv
                0x00082a78       0x18 C:\Users\mw7\AppData\Local\V.Micro\Arduino\Builds\DueWindShield\arduino_due_x_dbg/core.a(WString.cpp.o)
                0x00082a78                String::toUpperCase()
 .text._ZNK6String5toIntEv
                0x00082a90        0xa C:\Users\mw7\AppData\Local\V.Micro\Arduino\Builds\DueWindShield\arduino_due_x_dbg/core.a(WString.cpp.o)
                0x00082a90                String::toInt() const
 *fill*         0x00082a9a        0x2 
 .text.unlikely._ZL11USB_SendZlpv
                0x00082a9c       0x20 C:\Users\mw7\AppData\Local\V.Micro\Arduino\Builds\DueWindShield\arduino_due_x_dbg/core.a(USBCore.cpp.o)
 .text._Z14USBD_Availablem
                0x00082abc       0x2c C:\Users\mw7\AppData\Local\V.Micro\Arduino\Builds\DueWindShield\arduino_due_x_dbg/core.a(USBCore.cpp.o)
                0x00082abc                USBD_Available(unsigned long)
 .text._Z9USBD_RecvmPvm
                0x00082ae8       0x7c C:\Users\mw7\AppData\Local\V.Micro\Arduino\Builds\DueWindShield\arduino_due_x_dbg/core.a(USBCore.cpp.o)
                0x00082ae8                USBD_Recv(unsigned long, void*, unsigned long)
 .text._Z9USBD_Recvm
                0x00082b64       0x22 C:\Users\mw7\AppData\Local\V.Micro\Arduino\Builds\DueWindShield\arduino_due_x_dbg/core.a(USBCore.cpp.o)
                0x00082b64                USBD_Recv(unsigned long)
 *fill*         0x00082b86        0x2 
 .text._Z9USBD_SendmPKvm
                0x00082b88       0x4c C:\Users\mw7\AppData\Local\V.Micro\Arduino\Builds\DueWindShield\arduino_due_x_dbg/core.a(USBCore.cpp.o)
                0x00082b88                USBD_Send(unsigned long, void const*, unsigned long)
 .text._Z16USBD_SendControlhPKvm
                0x00082bd4       0x40 C:\Users\mw7\AppData\Local\V.Micro\Arduino\Builds\DueWindShield\arduino_due_x_dbg/core.a(USBCore.cpp.o)
                0x00082bd4                USBD_SendControl(unsigned char, void const*, unsigned long)
 .text.unlikely._ZL24USB_SendStringDescriptorPKhi
                0x00082c14       0x38 C:\Users\mw7\AppData\Local\V.Micro\Arduino\Builds\DueWindShield\arduino_due_x_dbg/core.a(USBCore.cpp.o)
 .text._Z16USBD_RecvControlPvm
                0x00082c4c       0x1c C:\Users\mw7\AppData\Local\V.Micro\Arduino\Builds\DueWindShield\arduino_due_x_dbg/core.a(USBCore.cpp.o)
                0x00082c4c                USBD_RecvControl(void*, unsigned long)
 .text._Z26USBD_ClassInterfaceRequestR5Setup
                0x00082c68       0x14 C:\Users\mw7\AppData\Local\V.Micro\Arduino\Builds\DueWindShield\arduino_due_x_dbg/core.a(USBCore.cpp.o)
                0x00082c68                USBD_ClassInterfaceRequest(Setup&)
 .text._Z19USBD_SendInterfacesv
                0x00082c7c       0x1e C:\Users\mw7\AppData\Local\V.Micro\Arduino\Builds\DueWindShield\arduino_due_x_dbg/core.a(USBCore.cpp.o)
                0x00082c7c                USBD_SendInterfaces()
 .text._Z24USBD_SendOtherInterfacesv
                0x00082c9a       0x1e C:\Users\mw7\AppData\Local\V.Micro\Arduino\Builds\DueWindShield\arduino_due_x_dbg/core.a(USBCore.cpp.o)
                0x00082c9a                USBD_SendOtherInterfaces()
 .text._Z10USBD_Flushm
                0x00082cb8       0x16 C:\Users\mw7\AppData\Local\V.Micro\Arduino\Builds\DueWindShield\arduino_due_x_dbg/core.a(USBCore.cpp.o)
                0x00082cb8                USBD_Flush(unsigned long)
 *fill*         0x00082cce        0x2 
 .text._ZN10USBDevice_C2Ev
                0x00082cd0       0x24 C:\Users\mw7\AppData\Local\V.Micro\Arduino\Builds\DueWindShield\arduino_due_x_dbg/core.a(USBCore.cpp.o)
                0x00082cd0                USBDevice_::USBDevice_()
                0x00082cd0                USBDevice_::USBDevice_()
 .text._ZN10USBDevice_6attachEv
                0x00082cf4       0x20 C:\Users\mw7\AppData\Local\V.Micro\Arduino\Builds\DueWindShield\arduino_due_x_dbg/core.a(USBCore.cpp.o)
                0x00082cf4                USBDevice_::attach()
 .text.startup._GLOBAL__sub_I_TxLEDPulse
                0x00082d14        0xc C:\Users\mw7\AppData\Local\V.Micro\Arduino\Builds\DueWindShield\arduino_due_x_dbg/core.a(USBCore.cpp.o)
 .text._ZL7USB_ISRv
                0x00082d20      0x424 C:\Users\mw7\AppData\Local\V.Micro\Arduino\Builds\DueWindShield\arduino_due_x_dbg/core.a(USBCore.cpp.o)
 .text._Z11serialEventv
                0x00083144        0x2 C:\Users\mw7\AppData\Local\V.Micro\Arduino\Builds\DueWindShield\arduino_due_x_dbg/core.a(variant.cpp.o)
                0x00083144                serialEvent()
 *fill*         0x00083146        0x2 
 .text.UART_Handler
                0x00083148        0xc C:\Users\mw7\AppData\Local\V.Micro\Arduino\Builds\DueWindShield\arduino_due_x_dbg/core.a(variant.cpp.o)
                0x00083148                UART_Handler
 .text._Z12serialEvent1v
                0x00083154        0x2 C:\Users\mw7\AppData\Local\V.Micro\Arduino\Builds\DueWindShield\arduino_due_x_dbg/core.a(variant.cpp.o)
                0x00083154                serialEvent1()
 .text._Z12serialEvent2v
                0x00083156        0x2 C:\Users\mw7\AppData\Local\V.Micro\Arduino\Builds\DueWindShield\arduino_due_x_dbg/core.a(variant.cpp.o)
                0x00083156                serialEvent2()
 .text._Z12serialEvent3v
                0x00083158        0x2 C:\Users\mw7\AppData\Local\V.Micro\Arduino\Builds\DueWindShield\arduino_due_x_dbg/core.a(variant.cpp.o)
                0x00083158                serialEvent3()
 *fill*         0x0008315a        0x2 
 .text.USART0_Handler
                0x0008315c        0xc C:\Users\mw7\AppData\Local\V.Micro\Arduino\Builds\DueWindShield\arduino_due_x_dbg/core.a(variant.cpp.o)
                0x0008315c                USART0_Handler
 .text.USART1_Handler
                0x00083168        0xc C:\Users\mw7\AppData\Local\V.Micro\Arduino\Builds\DueWindShield\arduino_due_x_dbg/core.a(variant.cpp.o)
                0x00083168                USART1_Handler
 .text.USART3_Handler
                0x00083174        0xc C:\Users\mw7\AppData\Local\V.Micro\Arduino\Builds\DueWindShield\arduino_due_x_dbg/core.a(variant.cpp.o)
                0x00083174                USART3_Handler
 .text.init     0x00083180      0x130 C:\Users\mw7\AppData\Local\V.Micro\Arduino\Builds\DueWindShield\arduino_due_x_dbg/core.a(variant.cpp.o)
                0x00083180                init
 .text.startup._GLOBAL__sub_I_g_APinDescription
                0x000832b0       0xd4 C:\Users\mw7\AppData\Local\V.Micro\Arduino\Builds\DueWindShield\arduino_due_x_dbg/core.a(variant.cpp.o)
 .text._Z14serialEventRunv
                0x00083384       0x44 C:\Users\mw7\AppData\Local\V.Micro\Arduino\Builds\DueWindShield\arduino_due_x_dbg/core.a(variant.cpp.o)
                0x00083384                serialEventRun()
 .text._ZN10RingBufferC2Ev
                0x000833c8       0x1a C:\Users\mw7\AppData\Local\V.Micro\Arduino\Builds\DueWindShield\arduino_due_x_dbg/core.a(RingBuffer.cpp.o)
                0x000833c8                RingBuffer::RingBuffer()
                0x000833c8                RingBuffer::RingBuffer()
 .text._ZN10RingBuffer10store_charEh
                0x000833e2       0x1e C:\Users\mw7\AppData\Local\V.Micro\Arduino\Builds\DueWindShield\arduino_due_x_dbg/core.a(RingBuffer.cpp.o)
                0x000833e2                RingBuffer::store_char(unsigned char)
 .text._ZN7Serial_9availableEv
                0x00083400       0x18 C:\Users\mw7\AppData\Local\V.Micro\Arduino\Builds\DueWindShield\arduino_due_x_dbg/core.a(CDC.cpp.o)
                0x00083400                Serial_::available()
 .text._ZN7Serial_4peekEv
                0x00083418       0x20 C:\Users\mw7\AppData\Local\V.Micro\Arduino\Builds\DueWindShield\arduino_due_x_dbg/core.a(CDC.cpp.o)
                0x00083418                Serial_::peek()
 .text._ZN7Serial_5writeEh
                0x00083438       0x16 C:\Users\mw7\AppData\Local\V.Micro\Arduino\Builds\DueWindShield\arduino_due_x_dbg/core.a(CDC.cpp.o)
                0x00083438                Serial_::write(unsigned char)
 *fill*         0x0008344e        0x2 
 .text._ZN7Serial_4readEv
                0x00083450       0x44 C:\Users\mw7\AppData\Local\V.Micro\Arduino\Builds\DueWindShield\arduino_due_x_dbg/core.a(CDC.cpp.o)
                0x00083450                Serial_::read()
 .text._ZN7Serial_5flushEv
                0x00083494        0x6 C:\Users\mw7\AppData\Local\V.Micro\Arduino\Builds\DueWindShield\arduino_due_x_dbg/core.a(CDC.cpp.o)
                0x00083494                Serial_::flush()
 *fill*         0x0008349a        0x2 
 .text._ZN7Serial_6acceptEv
                0x0008349c       0x70 C:\Users\mw7\AppData\Local\V.Micro\Arduino\Builds\DueWindShield\arduino_due_x_dbg/core.a(CDC.cpp.o)
                0x0008349c                Serial_::accept()
 .text._ZN7Serial_5writeEPKhj
                0x0008350c       0x2c C:\Users\mw7\AppData\Local\V.Micro\Arduino\Builds\DueWindShield\arduino_due_x_dbg/core.a(CDC.cpp.o)
                0x0008350c                Serial_::write(unsigned char const*, unsigned int)
 .text._Z16CDC_GetInterfacePh
                0x00083538       0x14 C:\Users\mw7\AppData\Local\V.Micro\Arduino\Builds\DueWindShield\arduino_due_x_dbg/core.a(CDC.cpp.o)
                0x00083538                CDC_GetInterface(unsigned char*)
 .text._Z21CDC_GetOtherInterfacePh
                0x0008354c       0x14 C:\Users\mw7\AppData\Local\V.Micro\Arduino\Builds\DueWindShield\arduino_due_x_dbg/core.a(CDC.cpp.o)
                0x0008354c                CDC_GetOtherInterface(unsigned char*)
 .text._Z9CDC_SetupR5Setup
                0x00083560       0x64 C:\Users\mw7\AppData\Local\V.Micro\Arduino\Builds\DueWindShield\arduino_due_x_dbg/core.a(CDC.cpp.o)
                0x00083560                CDC_Setup(Setup&)
 .text.startup._GLOBAL__sub_I_cdc_rx_buffer
                0x000835c4       0x1c C:\Users\mw7\AppData\Local\V.Micro\Arduino\Builds\DueWindShield\arduino_due_x_dbg/core.a(CDC.cpp.o)
 .text._ZN9Keyboard_5writeEh
                0x000835e0       0x1c C:\Users\mw7\AppData\Local\V.Micro\Arduino\Builds\DueWindShield\arduino_due_x_dbg/core.a(HID.cpp.o)
                0x000835e0                Keyboard_::write(unsigned char)
 .text._Z16HID_GetInterfacePh
                0x000835fc       0x14 C:\Users\mw7\AppData\Local\V.Micro\Arduino\Builds\DueWindShield\arduino_due_x_dbg/core.a(HID.cpp.o)
                0x000835fc                HID_GetInterface(unsigned char*)
 .text._Z17HID_GetDescriptori
                0x00083610       0x10 C:\Users\mw7\AppData\Local\V.Micro\Arduino\Builds\DueWindShield\arduino_due_x_dbg/core.a(HID.cpp.o)
                0x00083610                HID_GetDescriptor(int)
 .text._Z14HID_SendReporthPKvm
                0x00083620       0x2e C:\Users\mw7\AppData\Local\V.Micro\Arduino\Builds\DueWindShield\arduino_due_x_dbg/core.a(HID.cpp.o)
                0x00083620                HID_SendReport(unsigned char, void const*, unsigned long)
 *fill*         0x0008364e        0x2 
 .text._Z9HID_SetupR5Setup
                0x00083650       0x40 C:\Users\mw7\AppData\Local\V.Micro\Arduino\Builds\DueWindShield\arduino_due_x_dbg/core.a(HID.cpp.o)
                0x00083650                HID_Setup(Setup&)
 .text._ZN9Keyboard_10sendReportEP9KeyReport
                0x00083690        0xc C:\Users\mw7\AppData\Local\V.Micro\Arduino\Builds\DueWindShield\arduino_due_x_dbg/core.a(HID.cpp.o)
                0x00083690                Keyboard_::sendReport(KeyReport*)
 .text._ZN9Keyboard_5pressEh
                0x0008369c       0x88 C:\Users\mw7\AppData\Local\V.Micro\Arduino\Builds\DueWindShield\arduino_due_x_dbg/core.a(HID.cpp.o)
                0x0008369c                Keyboard_::press(unsigned char)
 .text._ZN9Keyboard_7releaseEh
                0x00083724       0x64 C:\Users\mw7\AppData\Local\V.Micro\Arduino\Builds\DueWindShield\arduino_due_x_dbg/core.a(HID.cpp.o)
                0x00083724                Keyboard_::release(unsigned char)
 .text._ZN9Keyboard_10releaseAllEv
                0x00083788       0x18 C:\Users\mw7\AppData\Local\V.Micro\Arduino\Builds\DueWindShield\arduino_due_x_dbg/core.a(HID.cpp.o)
                0x00083788                Keyboard_::releaseAll()
 .text.startup._GLOBAL__sub_I_Mouse
                0x000837a0       0x1c C:\Users\mw7\AppData\Local\V.Micro\Arduino\Builds\DueWindShield\arduino_due_x_dbg/core.a(HID.cpp.o)
 .text.FindClockConfiguration
                0x000837bc       0x7c C:\Users\mw7\AppData\Roaming\arduino15\packages\arduino\hardware\sam\1.6.4\variants\arduino_due_x/libsam_sam3x8e_gcc_rel.a(pwmc.o)
 .text.PWMC_ConfigureChannel
                0x00083838       0x60 C:\Users\mw7\AppData\Roaming\arduino15\packages\arduino\hardware\sam\1.6.4\variants\arduino_due_x/libsam_sam3x8e_gcc_rel.a(pwmc.o)
                0x00083838                PWMC_ConfigureChannel
 .text.PWMC_ConfigureClocks
                0x00083898       0x54 C:\Users\mw7\AppData\Roaming\arduino15\packages\arduino\hardware\sam\1.6.4\variants\arduino_due_x/libsam_sam3x8e_gcc_rel.a(pwmc.o)
                0x00083898                PWMC_ConfigureClocks
 .text.PWMC_SetPeriod
                0x000838ec       0x1a C:\Users\mw7\AppData\Roaming\arduino15\packages\arduino\hardware\sam\1.6.4\variants\arduino_due_x/libsam_sam3x8e_gcc_rel.a(pwmc.o)
                0x000838ec                PWMC_SetPeriod
 *fill*         0x00083906        0x2 
 .text.PWMC_SetDutyCycle
                0x00083908       0x48 C:\Users\mw7\AppData\Roaming\arduino15\packages\arduino\hardware\sam\1.6.4\variants\arduino_due_x/libsam_sam3x8e_gcc_rel.a(pwmc.o)
                0x00083908                PWMC_SetDutyCycle
 .text.PWMC_EnableChannel
                0x00083950        0x8 C:\Users\mw7\AppData\Roaming\arduino15\packages\arduino\hardware\sam\1.6.4\variants\arduino_due_x/libsam_sam3x8e_gcc_rel.a(pwmc.o)
                0x00083950                PWMC_EnableChannel
 .text.TC_Configure
                0x00083958       0x38 C:\Users\mw7\AppData\Roaming\arduino15\packages\arduino\hardware\sam\1.6.4\variants\arduino_due_x/libsam_sam3x8e_gcc_rel.a(tc.o)
                0x00083958                TC_Configure
 .text.TC_Start
                0x00083990       0x2c C:\Users\mw7\AppData\Roaming\arduino15\packages\arduino\hardware\sam\1.6.4\variants\arduino_due_x/libsam_sam3x8e_gcc_rel.a(tc.o)
                0x00083990                TC_Start
 .text.TC_SetRA
                0x000839bc        0x8 C:\Users\mw7\AppData\Roaming\arduino15\packages\arduino\hardware\sam\1.6.4\variants\arduino_due_x/libsam_sam3x8e_gcc_rel.a(tc.o)
                0x000839bc                TC_SetRA
 .text.TC_SetRB
                0x000839c4        0x8 C:\Users\mw7\AppData\Roaming\arduino15\packages\arduino\hardware\sam\1.6.4\variants\arduino_due_x/libsam_sam3x8e_gcc_rel.a(tc.o)
                0x000839c4                TC_SetRB
 .text.TC_SetRC
                0x000839cc        0x8 C:\Users\mw7\AppData\Roaming\arduino15\packages\arduino\hardware\sam\1.6.4\variants\arduino_due_x/libsam_sam3x8e_gcc_rel.a(tc.o)
                0x000839cc                TC_SetRC
 .text.TimeTick_Increment
                0x000839d4       0x10 C:\Users\mw7\AppData\Roaming\arduino15\packages\arduino\hardware\sam\1.6.4\variants\arduino_due_x/libsam_sam3x8e_gcc_rel.a(timetick.o)
                0x000839d4                TimeTick_Increment
 .text.GetTickCount
                0x000839e4        0xc C:\Users\mw7\AppData\Roaming\arduino15\packages\arduino\hardware\sam\1.6.4\variants\arduino_due_x/libsam_sam3x8e_gcc_rel.a(timetick.o)
                0x000839e4                GetTickCount
 .text.WDT_Disable
                0x000839f0        0x8 C:\Users\mw7\AppData\Roaming\arduino15\packages\arduino\hardware\sam\1.6.4\variants\arduino_due_x/libsam_sam3x8e_gcc_rel.a(wdt.o)
                0x000839f0                WDT_Disable
 .text.UDD_SetStack
                0x000839f8        0xc C:\Users\mw7\AppData\Roaming\arduino15\packages\arduino\hardware\sam\1.6.4\variants\arduino_due_x/libsam_sam3x8e_gcc_rel.a(uotghs_device.o)
                0x000839f8                UDD_SetStack
 .text.UDD_Init
                0x00083a04       0xd0 C:\Users\mw7\AppData\Roaming\arduino15\packages\arduino\hardware\sam\1.6.4\variants\arduino_due_x/libsam_sam3x8e_gcc_rel.a(uotghs_device.o)
                0x00083a04                UDD_Init
 .text.UDD_Attach
                0x00083ad4       0x4c C:\Users\mw7\AppData\Roaming\arduino15\packages\arduino\hardware\sam\1.6.4\variants\arduino_due_x/libsam_sam3x8e_gcc_rel.a(uotghs_device.o)
                0x00083ad4                UDD_Attach
 .text.UDD_InitEP
                0x00083b20       0x30 C:\Users\mw7\AppData\Roaming\arduino15\packages\arduino\hardware\sam\1.6.4\variants\arduino_due_x/libsam_sam3x8e_gcc_rel.a(uotghs_device.o)
                0x00083b20                UDD_InitEP
 .text.UDD_InitEndpoints
                0x00083b50       0x3c C:\Users\mw7\AppData\Roaming\arduino15\packages\arduino\hardware\sam\1.6.4\variants\arduino_due_x/libsam_sam3x8e_gcc_rel.a(uotghs_device.o)
                0x00083b50                UDD_InitEndpoints
 .text.UDD_WaitIN
                0x00083b8c       0x14 C:\Users\mw7\AppData\Roaming\arduino15\packages\arduino\hardware\sam\1.6.4\variants\arduino_due_x/libsam_sam3x8e_gcc_rel.a(uotghs_device.o)
                0x00083b8c                UDD_WaitIN
 .text.UDD_WaitOUT
                0x00083ba0       0x14 C:\Users\mw7\AppData\Roaming\arduino15\packages\arduino\hardware\sam\1.6.4\variants\arduino_due_x/libsam_sam3x8e_gcc_rel.a(uotghs_device.o)
                0x00083ba0                UDD_WaitOUT
 .text.UDD_ClearIN
                0x00083bb4       0x18 C:\Users\mw7\AppData\Roaming\arduino15\packages\arduino\hardware\sam\1.6.4\variants\arduino_due_x/libsam_sam3x8e_gcc_rel.a(uotghs_device.o)
                0x00083bb4                UDD_ClearIN
 .text.UDD_ClearOUT
                0x00083bcc       0x18 C:\Users\mw7\AppData\Roaming\arduino15\packages\arduino\hardware\sam\1.6.4\variants\arduino_due_x/libsam_sam3x8e_gcc_rel.a(uotghs_device.o)
                0x00083bcc                UDD_ClearOUT
 .text.UDD_ReceivedSetupInt
                0x00083be4       0x10 C:\Users\mw7\AppData\Roaming\arduino15\packages\arduino\hardware\sam\1.6.4\variants\arduino_due_x/libsam_sam3x8e_gcc_rel.a(uotghs_device.o)
                0x00083be4                UDD_ReceivedSetupInt
 .text.UDD_ClearSetupInt
                0x00083bf4       0x10 C:\Users\mw7\AppData\Roaming\arduino15\packages\arduino\hardware\sam\1.6.4\variants\arduino_due_x/libsam_sam3x8e_gcc_rel.a(uotghs_device.o)
                0x00083bf4                UDD_ClearSetupInt
 .text.UDD_Send
                0x00083c04       0x90 C:\Users\mw7\AppData\Roaming\arduino15\packages\arduino\hardware\sam\1.6.4\variants\arduino_due_x/libsam_sam3x8e_gcc_rel.a(uotghs_device.o)
                0x00083c04                UDD_Send
 .text.UDD_Send8
                0x00083c94       0x28 C:\Users\mw7\AppData\Roaming\arduino15\packages\arduino\hardware\sam\1.6.4\variants\arduino_due_x/libsam_sam3x8e_gcc_rel.a(uotghs_device.o)
                0x00083c94                UDD_Send8
 .text.UDD_Recv8
                0x00083cbc       0x28 C:\Users\mw7\AppData\Roaming\arduino15\packages\arduino\hardware\sam\1.6.4\variants\arduino_due_x/libsam_sam3x8e_gcc_rel.a(uotghs_device.o)
                0x00083cbc                UDD_Recv8
 .text.UDD_Recv
                0x00083ce4       0x34 C:\Users\mw7\AppData\Roaming\arduino15\packages\arduino\hardware\sam\1.6.4\variants\arduino_due_x/libsam_sam3x8e_gcc_rel.a(uotghs_device.o)
                0x00083ce4                UDD_Recv
 .text.UDD_Stall
                0x00083d18       0x14 C:\Users\mw7\AppData\Roaming\arduino15\packages\arduino\hardware\sam\1.6.4\variants\arduino_due_x/libsam_sam3x8e_gcc_rel.a(uotghs_device.o)
                0x00083d18                UDD_Stall
 .text.UDD_FifoByteCount
                0x00083d2c       0x1c C:\Users\mw7\AppData\Roaming\arduino15\packages\arduino\hardware\sam\1.6.4\variants\arduino_due_x/libsam_sam3x8e_gcc_rel.a(uotghs_device.o)
                0x00083d2c                UDD_FifoByteCount
 .text.UDD_ReleaseRX
                0x00083d48       0x2c C:\Users\mw7\AppData\Roaming\arduino15\packages\arduino\hardware\sam\1.6.4\variants\arduino_due_x/libsam_sam3x8e_gcc_rel.a(uotghs_device.o)
                0x00083d48                UDD_ReleaseRX
 .text.UDD_ReleaseTX
                0x00083d74       0x2c C:\Users\mw7\AppData\Roaming\arduino15\packages\arduino\hardware\sam\1.6.4\variants\arduino_due_x/libsam_sam3x8e_gcc_rel.a(uotghs_device.o)
                0x00083d74                UDD_ReleaseTX
 .text.UDD_SetAddress
                0x00083da0       0x20 C:\Users\mw7\AppData\Roaming\arduino15\packages\arduino\hardware\sam\1.6.4\variants\arduino_due_x/libsam_sam3x8e_gcc_rel.a(uotghs_device.o)
                0x00083da0                UDD_SetAddress
 .text.dacc_reset
                0x00083dc0        0x6 C:\Users\mw7\AppData\Roaming\arduino15\packages\arduino\hardware\sam\1.6.4\variants\arduino_due_x/libsam_sam3x8e_gcc_rel.a(dacc.o)
                0x00083dc0                dacc_reset
 .text.dacc_set_transfer_mode
                0x00083dc6       0x16 C:\Users\mw7\AppData\Roaming\arduino15\packages\arduino\hardware\sam\1.6.4\variants\arduino_due_x/libsam_sam3x8e_gcc_rel.a(dacc.o)
                0x00083dc6                dacc_set_transfer_mode
 .text.dacc_get_interrupt_status
                0x00083ddc        0x4 C:\Users\mw7\AppData\Roaming\arduino15\packages\arduino\hardware\sam\1.6.4\variants\arduino_due_x/libsam_sam3x8e_gcc_rel.a(dacc.o)
                0x00083ddc                dacc_get_interrupt_status
 .text.dacc_write_conversion_data
                0x00083de0        0x4 C:\Users\mw7\AppData\Roaming\arduino15\packages\arduino\hardware\sam\1.6.4\variants\arduino_due_x/libsam_sam3x8e_gcc_rel.a(dacc.o)
                0x00083de0                dacc_write_conversion_data
 .text.dacc_set_channel_selection
                0x00083de4       0x18 C:\Users\mw7\AppData\Roaming\arduino15\packages\arduino\hardware\sam\1.6.4\variants\arduino_due_x/libsam_sam3x8e_gcc_rel.a(dacc.o)
                0x00083de4                dacc_set_channel_selection
 .text.dacc_set_power_save
                0x00083dfc       0x28 C:\Users\mw7\AppData\Roaming\arduino15\packages\arduino\hardware\sam\1.6.4\variants\arduino_due_x/libsam_sam3x8e_gcc_rel.a(dacc.o)
                0x00083dfc                dacc_set_power_save
 .text.dacc_set_timing
                0x00083e24       0x30 C:\Users\mw7\AppData\Roaming\arduino15\packages\arduino\hardware\sam\1.6.4\variants\arduino_due_x/libsam_sam3x8e_gcc_rel.a(dacc.o)
                0x00083e24                dacc_set_timing
 .text.dacc_enable_channel
                0x00083e54       0x14 C:\Users\mw7\AppData\Roaming\arduino15\packages\arduino\hardware\sam\1.6.4\variants\arduino_due_x/libsam_sam3x8e_gcc_rel.a(dacc.o)
                0x00083e54                dacc_enable_channel
 .text.dacc_get_channel_status
                0x00083e68        0x4 C:\Users\mw7\AppData\Roaming\arduino15\packages\arduino\hardware\sam\1.6.4\variants\arduino_due_x/libsam_sam3x8e_gcc_rel.a(dacc.o)
                0x00083e68                dacc_get_channel_status
 .text.dacc_set_analog_control
                0x00083e6c        0x8 C:\Users\mw7\AppData\Roaming\arduino15\packages\arduino\hardware\sam\1.6.4\variants\arduino_due_x/libsam_sam3x8e_gcc_rel.a(dacc.o)
                0x00083e6c                dacc_set_analog_control
 .text.__fpclassifyd
                0x00083e74       0x50 c:/users/mw7/appdata/roaming/arduino15/packages/arduino/tools/arm-none-eabi-gcc/4.8.3-2014q1/bin/../lib/gcc/arm-none-eabi/4.8.3/../../../../arm-none-eabi/lib/armv7-m\libm.a(lib_a-s_fpclassify.o)
                0x00083e74                __fpclassifyd
 .text.sin      0x00083ec4       0x94 c:/users/mw7/appdata/roaming/arduino15/packages/arduino/tools/arm-none-eabi-gcc/4.8.3-2014q1/bin/../lib/gcc/arm-none-eabi/4.8.3/../../../../arm-none-eabi/lib/armv7-m\libm.a(lib_a-s_sin.o)
                0x00083ec4                sin
 .text.tan      0x00083f58       0x60 c:/users/mw7/appdata/roaming/arduino15/packages/arduino/tools/arm-none-eabi-gcc/4.8.3-2014q1/bin/../lib/gcc/arm-none-eabi/4.8.3/../../../../arm-none-eabi/lib/armv7-m\libm.a(lib_a-s_tan.o)
                0x00083f58                tan
 .text.__ieee754_rem_pio2
                0x00083fb8      0x440 c:/users/mw7/appdata/roaming/arduino15/packages/arduino/tools/arm-none-eabi-gcc/4.8.3-2014q1/bin/../lib/gcc/arm-none-eabi/4.8.3/../../../../arm-none-eabi/lib/armv7-m\libm.a(lib_a-e_rem_pio2.o)
                0x00083fb8                __ieee754_rem_pio2
 .text.__kernel_cos
                0x000843f8      0x248 c:/users/mw7/appdata/roaming/arduino15/packages/arduino/tools/arm-none-eabi-gcc/4.8.3-2014q1/bin/../lib/gcc/arm-none-eabi/4.8.3/../../../../arm-none-eabi/lib/armv7-m\libm.a(lib_a-k_cos.o)
                0x000843f8                __kernel_cos
 .text.__kernel_rem_pio2
                0x00084640      0x7bc c:/users/mw7/appdata/roaming/arduino15/packages/arduino/tools/arm-none-eabi-gcc/4.8.3-2014q1/bin/../lib/gcc/arm-none-eabi/4.8.3/../../../../arm-none-eabi/lib/armv7-m\libm.a(lib_a-k_rem_pio2.o)
                0x00084640                __kernel_rem_pio2
 *fill*         0x00084dfc        0x4 
 .text.__kernel_sin
                0x00084e00      0x170 c:/users/mw7/appdata/roaming/arduino15/packages/arduino/tools/arm-none-eabi-gcc/4.8.3-2014q1/bin/../lib/gcc/arm-none-eabi/4.8.3/../../../../arm-none-eabi/lib/armv7-m\libm.a(lib_a-k_sin.o)
                0x00084e00                __kernel_sin
 .text.__kernel_tan
                0x00084f70      0x3b0 c:/users/mw7/appdata/roaming/arduino15/packages/arduino/tools/arm-none-eabi-gcc/4.8.3-2014q1/bin/../lib/gcc/arm-none-eabi/4.8.3/../../../../arm-none-eabi/lib/armv7-m\libm.a(lib_a-k_tan.o)
                0x00084f70                __kernel_tan
 .text.fabs     0x00085320        0x8 c:/users/mw7/appdata/roaming/arduino15/packages/arduino/tools/arm-none-eabi-gcc/4.8.3-2014q1/bin/../lib/gcc/arm-none-eabi/4.8.3/../../../../arm-none-eabi/lib/armv7-m\libm.a(lib_a-s_fabs.o)
                0x00085320                fabs
 .text.floor    0x00085328      0x120 c:/users/mw7/appdata/roaming/arduino15/packages/arduino/tools/arm-none-eabi-gcc/4.8.3-2014q1/bin/../lib/gcc/arm-none-eabi/4.8.3/../../../../arm-none-eabi/lib/armv7-m\libm.a(lib_a-s_floor.o)
                0x00085328                floor
 .text.scalbn   0x00085448      0x100 c:/users/mw7/appdata/roaming/arduino15/packages/arduino/tools/arm-none-eabi-gcc/4.8.3-2014q1/bin/../lib/gcc/arm-none-eabi/4.8.3/../../../../arm-none-eabi/lib/armv7-m\libm.a(lib_a-s_scalbn.o)
                0x00085448                scalbn
 .text.copysign
                0x00085548       0x14 c:/users/mw7/appdata/roaming/arduino15/packages/arduino/tools/arm-none-eabi-gcc/4.8.3-2014q1/bin/../lib/gcc/arm-none-eabi/4.8.3/../../../../arm-none-eabi/lib/armv7-m\libm.a(lib_a-s_copysign.o)
                0x00085548                copysign
 .text          0x0008555c      0x370 c:/users/mw7/appdata/roaming/arduino15/packages/arduino/tools/arm-none-eabi-gcc/4.8.3-2014q1/bin/../lib/gcc/arm-none-eabi/4.8.3/armv7-m\libgcc.a(_arm_addsubdf3.o)
                0x0008555c                __aeabi_drsub
                0x00085564                __aeabi_dsub
                0x00085564                __subdf3
                0x00085568                __aeabi_dadd
                0x00085568                __adddf3
                0x000857e0                __floatunsidf
                0x000857e0                __aeabi_ui2d
                0x00085800                __floatsidf
                0x00085800                __aeabi_i2d
                0x00085824                __aeabi_f2d
                0x00085824                __extendsfdf2
                0x00085860                __floatundidf
                0x00085860                __aeabi_ul2d
                0x00085870                __floatdidf
                0x00085870                __aeabi_l2d
 .text          0x000858cc      0x424 c:/users/mw7/appdata/roaming/arduino15/packages/arduino/tools/arm-none-eabi-gcc/4.8.3-2014q1/bin/../lib/gcc/arm-none-eabi/4.8.3/armv7-m\libgcc.a(_arm_muldivdf3.o)
                0x000858cc                __aeabi_dmul
                0x000858cc                __muldf3
                0x00085b20                __divdf3
                0x00085b20                __aeabi_ddiv
 .text          0x00085cf0      0x110 c:/users/mw7/appdata/roaming/arduino15/packages/arduino/tools/arm-none-eabi-gcc/4.8.3-2014q1/bin/../lib/gcc/arm-none-eabi/4.8.3/armv7-m\libgcc.a(_arm_cmpdf2.o)
                0x00085cf0                __gtdf2
                0x00085cf0                __gedf2
                0x00085cf8                __ltdf2
                0x00085cf8                __ledf2
                0x00085d00                __nedf2
                0x00085d00                __eqdf2
                0x00085d00                __cmpdf2
                0x00085d7c                __aeabi_cdrcmple
                0x00085d8c                __aeabi_cdcmpeq
                0x00085d8c                __aeabi_cdcmple
                0x00085d9c                __aeabi_dcmpeq
                0x00085db0                __aeabi_dcmplt
                0x00085dc4                __aeabi_dcmple
                0x00085dd8                __aeabi_dcmpge
                0x00085dec                __aeabi_dcmpgt
 .text          0x00085e00       0x50 c:/users/mw7/appdata/roaming/arduino15/packages/arduino/tools/arm-none-eabi-gcc/4.8.3-2014q1/bin/../lib/gcc/arm-none-eabi/4.8.3/armv7-m\libgcc.a(_arm_fixdfsi.o)
                0x00085e00                __aeabi_d2iz
                0x00085e00                __fixdfsi
 .text          0x00085e50       0xa0 c:/users/mw7/appdata/roaming/arduino15/packages/arduino/tools/arm-none-eabi-gcc/4.8.3-2014q1/bin/../lib/gcc/arm-none-eabi/4.8.3/armv7-m\libgcc.a(_arm_truncdfsf2.o)
                0x00085e50                __truncdfsf2
                0x00085e50                __aeabi_d2f
 .text          0x00085ef0      0x21c c:/users/mw7/appdata/roaming/arduino15/packages/arduino/tools/arm-none-eabi-gcc/4.8.3-2014q1/bin/../lib/gcc/arm-none-eabi/4.8.3/armv7-m\libgcc.a(_arm_addsubsf3.o)
                0x00085ef0                __aeabi_frsub
                0x00085ef8                __subsf3
                0x00085ef8                __aeabi_fsub
                0x00085efc                __aeabi_fadd
                0x00085efc                __addsf3
                0x0008605c                __aeabi_ui2f
                0x0008605c                __floatunsisf
                0x00086064                __aeabi_i2f
                0x00086064                __floatsisf
                0x00086080                __aeabi_ul2f
                0x00086080                __floatundisf
                0x00086090                __aeabi_l2f
                0x00086090                __floatdisf
 .text          0x0008610c      0x2a0 c:/users/mw7/appdata/roaming/arduino15/packages/arduino/tools/arm-none-eabi-gcc/4.8.3-2014q1/bin/../lib/gcc/arm-none-eabi/4.8.3/armv7-m\libgcc.a(_arm_muldivsf3.o)
                0x0008610c                __mulsf3
                0x0008610c                __aeabi_fmul
                0x00086274                __aeabi_fdiv
                0x00086274                __divsf3
 .text          0x000863ac       0xec c:/users/mw7/appdata/roaming/arduino15/packages/arduino/tools/arm-none-eabi-gcc/4.8.3-2014q1/bin/../lib/gcc/arm-none-eabi/4.8.3/armv7-m\libgcc.a(_arm_cmpsf2.o)
                0x000863ac                __gesf2
                0x000863ac                __gtsf2
                0x000863b4                __lesf2
                0x000863b4                __ltsf2
                0x000863bc                __nesf2
                0x000863bc                __eqsf2
                0x000863bc                __cmpsf2
                0x0008641c                __aeabi_cfrcmple
                0x00086424                __aeabi_cfcmpeq
                0x00086424                __aeabi_cfcmple
                0x00086434                __aeabi_fcmpeq
                0x00086448                __aeabi_fcmplt
                0x0008645c                __aeabi_fcmple
                0x00086470                __aeabi_fcmpge
                0x00086484                __aeabi_fcmpgt
 .text.__aeabi_atexit
                0x00086498        0xc c:/users/mw7/appdata/roaming/arduino15/packages/arduino/tools/arm-none-eabi-gcc/4.8.3-2014q1/bin/../lib/gcc/arm-none-eabi/4.8.3/../../../../arm-none-eabi/lib/armv7-m\libg.a(lib_a-aeabi_atexit.o)
                0x00086498                __aeabi_atexit
 .text.__assert_func
                0x000864a4       0x3c c:/users/mw7/appdata/roaming/arduino15/packages/arduino/tools/arm-none-eabi-gcc/4.8.3-2014q1/bin/../lib/gcc/arm-none-eabi/4.8.3/../../../../arm-none-eabi/lib/armv7-m\libg.a(lib_a-assert.o)
                0x000864a4                __assert_func
 .text.atol     0x000864e0        0x8 c:/users/mw7/appdata/roaming/arduino15/packages/arduino/tools/arm-none-eabi-gcc/4.8.3-2014q1/bin/../lib/gcc/arm-none-eabi/4.8.3/../../../../arm-none-eabi/lib/armv7-m\libg.a(lib_a-atol.o)
                0x000864e0                atol
 .text.__cxa_atexit
                0x000864e8       0x14 c:/users/mw7/appdata/roaming/arduino15/packages/arduino/tools/arm-none-eabi-gcc/4.8.3-2014q1/bin/../lib/gcc/arm-none-eabi/4.8.3/../../../../arm-none-eabi/lib/armv7-m\libg.a(lib_a-cxa_atexit.o)
                0x000864e8                __cxa_atexit
 .text.fiprintf
                0x000864fc       0x28 c:/users/mw7/appdata/roaming/arduino15/packages/arduino/tools/arm-none-eabi-gcc/4.8.3-2014q1/bin/../lib/gcc/arm-none-eabi/4.8.3/../../../../arm-none-eabi/lib/armv7-m\libg.a(lib_a-fiprintf.o)
                0x000864fc                fiprintf
 .text.__libc_init_array
                0x00086524       0x50 c:/users/mw7/appdata/roaming/arduino15/packages/arduino/tools/arm-none-eabi-gcc/4.8.3-2014q1/bin/../lib/gcc/arm-none-eabi/4.8.3/../../../../arm-none-eabi/lib/armv7-m\libg.a(lib_a-init.o)
                0x00086524                __libc_init_array
 .text.iprintf  0x00086574       0x28 c:/users/mw7/appdata/roaming/arduino15/packages/arduino/tools/arm-none-eabi-gcc/4.8.3-2014q1/bin/../lib/gcc/arm-none-eabi/4.8.3/../../../../arm-none-eabi/lib/armv7-m\libg.a(lib_a-iprintf.o)
                0x00086574                iprintf
 .text.malloc   0x0008659c       0x10 c:/users/mw7/appdata/roaming/arduino15/packages/arduino/tools/arm-none-eabi-gcc/4.8.3-2014q1/bin/../lib/gcc/arm-none-eabi/4.8.3/../../../../arm-none-eabi/lib/armv7-m\libg.a(lib_a-malloc.o)
                0x0008659c                malloc
 .text.free     0x000865ac       0x10 c:/users/mw7/appdata/roaming/arduino15/packages/arduino/tools/arm-none-eabi-gcc/4.8.3-2014q1/bin/../lib/gcc/arm-none-eabi/4.8.3/../../../../arm-none-eabi/lib/armv7-m\libg.a(lib_a-malloc.o)
                0x000865ac                free
 .text._malloc_r
                0x000865bc      0x538 c:/users/mw7/appdata/roaming/arduino15/packages/arduino/tools/arm-none-eabi-gcc/4.8.3-2014q1/bin/../lib/gcc/arm-none-eabi/4.8.3/../../../../arm-none-eabi/lib/armv7-m\libg.a(lib_a-mallocr.o)
                0x000865bc                _malloc_r
 .text          0x00086af4       0xec c:/users/mw7/appdata/roaming/arduino15/packages/arduino/tools/arm-none-eabi-gcc/4.8.3-2014q1/bin/../lib/gcc/arm-none-eabi/4.8.3/../../../../arm-none-eabi/lib/armv7-m\libg.a(lib_a-memcpy.o)
                0x00086af4                memcpy
 .text.memmove  0x00086be0       0xcc c:/users/mw7/appdata/roaming/arduino15/packages/arduino/tools/arm-none-eabi-gcc/4.8.3-2014q1/bin/../lib/gcc/arm-none-eabi/4.8.3/../../../../arm-none-eabi/lib/armv7-m\libg.a(lib_a-memmove.o)
                0x00086be0                memmove
 .text.memset   0x00086cac       0x94 c:/users/mw7/appdata/roaming/arduino15/packages/arduino/tools/arm-none-eabi-gcc/4.8.3-2014q1/bin/../lib/gcc/arm-none-eabi/4.8.3/../../../../arm-none-eabi/lib/armv7-m\libg.a(lib_a-memset.o)
                0x00086cac                memset
 .text.__malloc_lock
                0x00086d40        0x4 c:/users/mw7/appdata/roaming/arduino15/packages/arduino/tools/arm-none-eabi-gcc/4.8.3-2014q1/bin/../lib/gcc/arm-none-eabi/4.8.3/../../../../arm-none-eabi/lib/armv7-m\libg.a(lib_a-mlock.o)
                0x00086d40                __malloc_lock
 .text.__malloc_unlock
                0x00086d44        0x4 c:/users/mw7/appdata/roaming/arduino15/packages/arduino/tools/arm-none-eabi-gcc/4.8.3-2014q1/bin/../lib/gcc/arm-none-eabi/4.8.3/../../../../arm-none-eabi/lib/armv7-m\libg.a(lib_a-mlock.o)
                0x00086d44                __malloc_unlock
 .text.realloc  0x00086d48       0x10 c:/users/mw7/appdata/roaming/arduino15/packages/arduino/tools/arm-none-eabi-gcc/4.8.3-2014q1/bin/../lib/gcc/arm-none-eabi/4.8.3/../../../../arm-none-eabi/lib/armv7-m\libg.a(lib_a-realloc.o)
                0x00086d48                realloc
 .text._realloc_r
                0x00086d58      0x3c0 c:/users/mw7/appdata/roaming/arduino15/packages/arduino/tools/arm-none-eabi-gcc/4.8.3-2014q1/bin/../lib/gcc/arm-none-eabi/4.8.3/../../../../arm-none-eabi/lib/armv7-m\libg.a(lib_a-reallocr.o)
                0x00086d58                _realloc_r
 .text._sbrk_r  0x00087118       0x24 c:/users/mw7/appdata/roaming/arduino15/packages/arduino/tools/arm-none-eabi-gcc/4.8.3-2014q1/bin/../lib/gcc/arm-none-eabi/4.8.3/../../../../arm-none-eabi/lib/armv7-m\libg.a(lib_a-sbrkr.o)
                0x00087118                _sbrk_r
 .text.sprintf  0x0008713c       0x4c c:/users/mw7/appdata/roaming/arduino15/packages/arduino/tools/arm-none-eabi-gcc/4.8.3-2014q1/bin/../lib/gcc/arm-none-eabi/4.8.3/../../../../arm-none-eabi/lib/armv7-m\libg.a(lib_a-sprintf.o)
                0x0008713c                sprintf
 .text          0x00087188      0x23c c:/users/mw7/appdata/roaming/arduino15/packages/arduino/tools/arm-none-eabi-gcc/4.8.3-2014q1/bin/../lib/gcc/arm-none-eabi/4.8.3/../../../../arm-none-eabi/lib/armv7-m\libg.a(lib_a-strcmp.o)
                0x00087188                strcmp
 .text.strcpy   0x000873c4       0xbc c:/users/mw7/appdata/roaming/arduino15/packages/arduino/tools/arm-none-eabi-gcc/4.8.3-2014q1/bin/../lib/gcc/arm-none-eabi/4.8.3/../../../../arm-none-eabi/lib/armv7-m\libg.a(lib_a-strcpy.o)
                0x000873c4                strcpy
 .text.strlen   0x00087480       0x60 c:/users/mw7/appdata/roaming/arduino15/packages/arduino/tools/arm-none-eabi-gcc/4.8.3-2014q1/bin/../lib/gcc/arm-none-eabi/4.8.3/../../../../arm-none-eabi/lib/armv7-m\libg.a(lib_a-strlen.o)
                0x00087480                strlen
 .text._strtol_r
                0x000874e0      0x114 c:/users/mw7/appdata/roaming/arduino15/packages/arduino/tools/arm-none-eabi-gcc/4.8.3-2014q1/bin/../lib/gcc/arm-none-eabi/4.8.3/../../../../arm-none-eabi/lib/armv7-m\libg.a(lib_a-strtol.o)
                0x000874e0                _strtol_r
 .text.strtol   0x000875f4       0x18 c:/users/mw7/appdata/roaming/arduino15/packages/arduino/tools/arm-none-eabi-gcc/4.8.3-2014q1/bin/../lib/gcc/arm-none-eabi/4.8.3/../../../../arm-none-eabi/lib/armv7-m\libg.a(lib_a-strtol.o)
                0x000875f4                strtol
 .text._svfprintf_r
                0x0008760c     0x14e0 c:/users/mw7/appdata/roaming/arduino15/packages/arduino/tools/arm-none-eabi-gcc/4.8.3-2014q1/bin/../lib/gcc/arm-none-eabi/4.8.3/../../../../arm-none-eabi/lib/armv7-m\libg.a(lib_a-svfprintf.o)
                0x0008760c                _svfprintf_r
 .text.toupper  0x00088aec       0x18 c:/users/mw7/appdata/roaming/arduino15/packages/arduino/tools/arm-none-eabi-gcc/4.8.3-2014q1/bin/../lib/gcc/arm-none-eabi/4.8.3/../../../../arm-none-eabi/lib/armv7-m\libg.a(lib_a-toupper.o)
                0x00088aec                toupper
 .text.__sprint_r.part.0
                0x00088b04       0x78 c:/users/mw7/appdata/roaming/arduino15/packages/arduino/tools/arm-none-eabi-gcc/4.8.3-2014q1/bin/../lib/gcc/arm-none-eabi/4.8.3/../../../../arm-none-eabi/lib/armv7-m\libg.a(lib_a-vfiprintf.o)
 .text._vfiprintf_r
                0x00088b7c      0xc54 c:/users/mw7/appdata/roaming/arduino15/packages/arduino/tools/arm-none-eabi-gcc/4.8.3-2014q1/bin/../lib/gcc/arm-none-eabi/4.8.3/../../../../arm-none-eabi/lib/armv7-m\libg.a(lib_a-vfiprintf.o)
                0x00088b7c                _vfiprintf_r
 .text.__sbprintf
                0x000897d0       0x7c c:/users/mw7/appdata/roaming/arduino15/packages/arduino/tools/arm-none-eabi-gcc/4.8.3-2014q1/bin/../lib/gcc/arm-none-eabi/4.8.3/../../../../arm-none-eabi/lib/armv7-m\libg.a(lib_a-vfiprintf.o)
 .text.__swsetup_r
                0x0008984c       0xc4 c:/users/mw7/appdata/roaming/arduino15/packages/arduino/tools/arm-none-eabi-gcc/4.8.3-2014q1/bin/../lib/gcc/arm-none-eabi/4.8.3/../../../../arm-none-eabi/lib/armv7-m\libg.a(lib_a-wsetup.o)
                0x0008984c                __swsetup_r
 .text.__register_exitproc
                0x00089910       0xa8 c:/users/mw7/appdata/roaming/arduino15/packages/arduino/tools/arm-none-eabi-gcc/4.8.3-2014q1/bin/../lib/gcc/arm-none-eabi/4.8.3/../../../../arm-none-eabi/lib/armv7-m\libg.a(lib_a-__atexit.o)
                0x00089910                __register_exitproc
 .text.startup.register_fini
                0x000899b8       0x14 c:/users/mw7/appdata/roaming/arduino15/packages/arduino/tools/arm-none-eabi-gcc/4.8.3-2014q1/bin/../lib/gcc/arm-none-eabi/4.8.3/../../../../arm-none-eabi/lib/armv7-m\libg.a(lib_a-__call_atexit.o)
 .text.abort    0x000899cc       0x10 c:/users/mw7/appdata/roaming/arduino15/packages/arduino/tools/arm-none-eabi-gcc/4.8.3-2014q1/bin/../lib/gcc/arm-none-eabi/4.8.3/../../../../arm-none-eabi/lib/armv7-m\libg.a(lib_a-abort.o)
                0x000899cc                abort
 .text.atexit   0x000899dc        0xc c:/users/mw7/appdata/roaming/arduino15/packages/arduino/tools/arm-none-eabi-gcc/4.8.3-2014q1/bin/../lib/gcc/arm-none-eabi/4.8.3/../../../../arm-none-eabi/lib/armv7-m\libg.a(lib_a-atexit.o)
                0x000899dc                atexit
 .text.quorem   0x000899e8      0x134 c:/users/mw7/appdata/roaming/arduino15/packages/arduino/tools/arm-none-eabi-gcc/4.8.3-2014q1/bin/../lib/gcc/arm-none-eabi/4.8.3/../../../../arm-none-eabi/lib/armv7-m\libg.a(lib_a-dtoa.o)
 *fill*         0x00089b1c        0x4 
 .text._dtoa_r  0x00089b20      0xe38 c:/users/mw7/appdata/roaming/arduino15/packages/arduino/tools/arm-none-eabi-gcc/4.8.3-2014q1/bin/../lib/gcc/arm-none-eabi/4.8.3/../../../../arm-none-eabi/lib/armv7-m\libg.a(lib_a-dtoa.o)
                0x00089b20                _dtoa_r
 .text.__sflush_r
                0x0008a958      0x148 c:/users/mw7/appdata/roaming/arduino15/packages/arduino/tools/arm-none-eabi-gcc/4.8.3-2014q1/bin/../lib/gcc/arm-none-eabi/4.8.3/../../../../arm-none-eabi/lib/armv7-m\libg.a(lib_a-fflush.o)
                0x0008a958                __sflush_r
 .text._fflush_r
                0x0008aaa0       0x2c c:/users/mw7/appdata/roaming/arduino15/packages/arduino/tools/arm-none-eabi-gcc/4.8.3-2014q1/bin/../lib/gcc/arm-none-eabi/4.8.3/../../../../arm-none-eabi/lib/armv7-m\libg.a(lib_a-fflush.o)
                0x0008aaa0                _fflush_r
 .text._cleanup_r
                0x0008aacc        0xc c:/users/mw7/appdata/roaming/arduino15/packages/arduino/tools/arm-none-eabi-gcc/4.8.3-2014q1/bin/../lib/gcc/arm-none-eabi/4.8.3/../../../../arm-none-eabi/lib/armv7-m\libg.a(lib_a-findfp.o)
                0x0008aacc                _cleanup_r
 .text.__sinit  0x0008aad8       0xf4 c:/users/mw7/appdata/roaming/arduino15/packages/arduino/tools/arm-none-eabi-gcc/4.8.3-2014q1/bin/../lib/gcc/arm-none-eabi/4.8.3/../../../../arm-none-eabi/lib/armv7-m\libg.a(lib_a-findfp.o)
                0x0008aad8                __sinit
 .text.__sfp_lock_acquire
                0x0008abcc        0x4 c:/users/mw7/appdata/roaming/arduino15/packages/arduino/tools/arm-none-eabi-gcc/4.8.3-2014q1/bin/../lib/gcc/arm-none-eabi/4.8.3/../../../../arm-none-eabi/lib/armv7-m\libg.a(lib_a-findfp.o)
                0x0008abcc                __sfp_lock_acquire
 .text.__sfp_lock_release
                0x0008abd0        0x4 c:/users/mw7/appdata/roaming/arduino15/packages/arduino/tools/arm-none-eabi-gcc/4.8.3-2014q1/bin/../lib/gcc/arm-none-eabi/4.8.3/../../../../arm-none-eabi/lib/armv7-m\libg.a(lib_a-findfp.o)
                0x0008abd0                __sfp_lock_release
 .text.__libc_fini_array
                0x0008abd4       0x30 c:/users/mw7/appdata/roaming/arduino15/packages/arduino/tools/arm-none-eabi-gcc/4.8.3-2014q1/bin/../lib/gcc/arm-none-eabi/4.8.3/../../../../arm-none-eabi/lib/armv7-m\libg.a(lib_a-fini.o)
                0x0008abd4                __libc_fini_array
 .text._fputwc_r
                0x0008ac04       0xc0 c:/users/mw7/appdata/roaming/arduino15/packages/arduino/tools/arm-none-eabi-gcc/4.8.3-2014q1/bin/../lib/gcc/arm-none-eabi/4.8.3/../../../../arm-none-eabi/lib/armv7-m\libg.a(lib_a-fputwc.o)
                0x0008ac04                _fputwc_r
 .text._malloc_trim_r
                0x0008acc4       0x9c c:/users/mw7/appdata/roaming/arduino15/packages/arduino/tools/arm-none-eabi-gcc/4.8.3-2014q1/bin/../lib/gcc/arm-none-eabi/4.8.3/../../../../arm-none-eabi/lib/armv7-m\libg.a(lib_a-freer.o)
                0x0008acc4                _malloc_trim_r
 .text._free_r  0x0008ad60      0x198 c:/users/mw7/appdata/roaming/arduino15/packages/arduino/tools/arm-none-eabi-gcc/4.8.3-2014q1/bin/../lib/gcc/arm-none-eabi/4.8.3/../../../../arm-none-eabi/lib/armv7-m\libg.a(lib_a-freer.o)
                0x0008ad60                _free_r
 .text.__sfvwrite_r
                0x0008aef8      0x314 c:/users/mw7/appdata/roaming/arduino15/packages/arduino/tools/arm-none-eabi-gcc/4.8.3-2014q1/bin/../lib/gcc/arm-none-eabi/4.8.3/../../../../arm-none-eabi/lib/armv7-m\libg.a(lib_a-fvwrite.o)
                0x0008aef8                __sfvwrite_r
 .text._fwalk   0x0008b20c       0x48 c:/users/mw7/appdata/roaming/arduino15/packages/arduino/tools/arm-none-eabi-gcc/4.8.3-2014q1/bin/../lib/gcc/arm-none-eabi/4.8.3/../../../../arm-none-eabi/lib/armv7-m\libg.a(lib_a-fwalk.o)
                0x0008b20c                _fwalk
 .text.__locale_charset
                0x0008b254        0x8 c:/users/mw7/appdata/roaming/arduino15/packages/arduino/tools/arm-none-eabi-gcc/4.8.3-2014q1/bin/../lib/gcc/arm-none-eabi/4.8.3/../../../../arm-none-eabi/lib/armv7-m\libg.a(lib_a-locale.o)
                0x0008b254                __locale_charset
 .text.__locale_mb_cur_max
                0x0008b25c        0xc c:/users/mw7/appdata/roaming/arduino15/packages/arduino/tools/arm-none-eabi-gcc/4.8.3-2014q1/bin/../lib/gcc/arm-none-eabi/4.8.3/../../../../arm-none-eabi/lib/armv7-m\libg.a(lib_a-locale.o)
                0x0008b25c                __locale_mb_cur_max
 .text._localeconv_r
                0x0008b268        0x8 c:/users/mw7/appdata/roaming/arduino15/packages/arduino/tools/arm-none-eabi-gcc/4.8.3-2014q1/bin/../lib/gcc/arm-none-eabi/4.8.3/../../../../arm-none-eabi/lib/armv7-m\libg.a(lib_a-locale.o)
                0x0008b268                _localeconv_r
 .text.__smakebuf_r
                0x0008b270       0xe0 c:/users/mw7/appdata/roaming/arduino15/packages/arduino/tools/arm-none-eabi-gcc/4.8.3-2014q1/bin/../lib/gcc/arm-none-eabi/4.8.3/../../../../arm-none-eabi/lib/armv7-m\libg.a(lib_a-makebuf.o)
                0x0008b270                __smakebuf_r
 .text.memchr   0x0008b350       0x94 c:/users/mw7/appdata/roaming/arduino15/packages/arduino/tools/arm-none-eabi-gcc/4.8.3-2014q1/bin/../lib/gcc/arm-none-eabi/4.8.3/../../../../arm-none-eabi/lib/armv7-m\libg.a(lib_a-memchr-stub.o)
                0x0008b350                memchr
 .text._Balloc  0x0008b3e4       0x4c c:/users/mw7/appdata/roaming/arduino15/packages/arduino/tools/arm-none-eabi-gcc/4.8.3-2014q1/bin/../lib/gcc/arm-none-eabi/4.8.3/../../../../arm-none-eabi/lib/armv7-m\libg.a(lib_a-mprec.o)
                0x0008b3e4                _Balloc
 .text._Bfree   0x0008b430       0x14 c:/users/mw7/appdata/roaming/arduino15/packages/arduino/tools/arm-none-eabi-gcc/4.8.3-2014q1/bin/../lib/gcc/arm-none-eabi/4.8.3/../../../../arm-none-eabi/lib/armv7-m\libg.a(lib_a-mprec.o)
                0x0008b430                _Bfree
 .text.__multadd
                0x0008b444       0x94 c:/users/mw7/appdata/roaming/arduino15/packages/arduino/tools/arm-none-eabi-gcc/4.8.3-2014q1/bin/../lib/gcc/arm-none-eabi/4.8.3/../../../../arm-none-eabi/lib/armv7-m\libg.a(lib_a-mprec.o)
                0x0008b444                __multadd
 .text.__hi0bits
                0x0008b4d8       0x40 c:/users/mw7/appdata/roaming/arduino15/packages/arduino/tools/arm-none-eabi-gcc/4.8.3-2014q1/bin/../lib/gcc/arm-none-eabi/4.8.3/../../../../arm-none-eabi/lib/armv7-m\libg.a(lib_a-mprec.o)
                0x0008b4d8                __hi0bits
 .text.__lo0bits
                0x0008b518       0x5c c:/users/mw7/appdata/roaming/arduino15/packages/arduino/tools/arm-none-eabi-gcc/4.8.3-2014q1/bin/../lib/gcc/arm-none-eabi/4.8.3/../../../../arm-none-eabi/lib/armv7-m\libg.a(lib_a-mprec.o)
                0x0008b518                __lo0bits
 .text.__i2b    0x0008b574       0x14 c:/users/mw7/appdata/roaming/arduino15/packages/arduino/tools/arm-none-eabi-gcc/4.8.3-2014q1/bin/../lib/gcc/arm-none-eabi/4.8.3/../../../../arm-none-eabi/lib/armv7-m\libg.a(lib_a-mprec.o)
                0x0008b574                __i2b
 .text.__multiply
                0x0008b588      0x13c c:/users/mw7/appdata/roaming/arduino15/packages/arduino/tools/arm-none-eabi-gcc/4.8.3-2014q1/bin/../lib/gcc/arm-none-eabi/4.8.3/../../../../arm-none-eabi/lib/armv7-m\libg.a(lib_a-mprec.o)
                0x0008b588                __multiply
 .text.__pow5mult
                0x0008b6c4       0x9c c:/users/mw7/appdata/roaming/arduino15/packages/arduino/tools/arm-none-eabi-gcc/4.8.3-2014q1/bin/../lib/gcc/arm-none-eabi/4.8.3/../../../../arm-none-eabi/lib/armv7-m\libg.a(lib_a-mprec.o)
                0x0008b6c4                __pow5mult
 .text.__lshift
                0x0008b760       0xbc c:/users/mw7/appdata/roaming/arduino15/packages/arduino/tools/arm-none-eabi-gcc/4.8.3-2014q1/bin/../lib/gcc/arm-none-eabi/4.8.3/../../../../arm-none-eabi/lib/armv7-m\libg.a(lib_a-mprec.o)
                0x0008b760                __lshift
 .text.__mcmp   0x0008b81c       0x48 c:/users/mw7/appdata/roaming/arduino15/packages/arduino/tools/arm-none-eabi-gcc/4.8.3-2014q1/bin/../lib/gcc/arm-none-eabi/4.8.3/../../../../arm-none-eabi/lib/armv7-m\libg.a(lib_a-mprec.o)
                0x0008b81c                __mcmp