Archive member included because of file (symbol)

C:\Users\install\AppData\Local\arduino15\packages\arduino\hardware\sam\1.6.6\variants\arduino_due_x/libsam_sam3x8e_gcc_rel.a(pio.o)
                              C:\Users\install\AppData\Local\V.Micro\Arduino\Builds\DueWindShield\arduino_due_x_dbg\Wire\Wire.cpp.o (PIO_Configure)
C:\Users\install\AppData\Local\arduino15\packages\arduino\hardware\sam\1.6.6\variants\arduino_due_x/libsam_sam3x8e_gcc_rel.a(pmc.o)
                              C:\Users\install\AppData\Local\V.Micro\Arduino\Builds\DueWindShield\arduino_due_x_dbg\Wire\Wire.cpp.o (pmc_enable_periph_clk)
C:\Users\install\AppData\Local\arduino15\packages\arduino\hardware\sam\1.6.6\variants\arduino_due_x/libsam_sam3x8e_gcc_rel.a(twi.o)
                              C:\Users\install\AppData\Local\V.Micro\Arduino\Builds\DueWindShield\arduino_due_x_dbg\Wire\Wire.cpp.o (TWI_SetClock)
C:\Users\install\AppData\Local\arduino15\packages\arduino\hardware\sam\1.6.6\variants\arduino_due_x/libsam_sam3x8e_gcc_rel.a(system_sam3xa.o)
                              C:\Users\install\AppData\Local\V.Micro\Arduino\Builds\DueWindShield\arduino_due_x_dbg\DueWindShield.cpp.o (SystemCoreClock)
C:\Users\install\AppData\Local\arduino15\packages\arduino\hardware\sam\1.6.6\variants\arduino_due_x/libsam_sam3x8e_gcc_rel.a(startup_sam3xa.o)
                              (Reset_Handler)
C:\Users\install\AppData\Local\arduino15\packages\arduino\hardware\sam\1.6.6\variants\arduino_due_x/libsam_sam3x8e_gcc_rel.a(adc.o)
                              C:\Users\install\AppData\Local\V.Micro\Arduino\Builds\DueWindShield\arduino_due_x_dbg\DueWindShield.cpp.o (adc_init)
C:\Users\install\AppData\Local\arduino15\packages\arduino\hardware\sam\1.6.6\variants\arduino_due_x/libsam_sam3x8e_gcc_rel.a(uotghs.o)
                              C:\Users\install\AppData\Local\arduino15\packages\arduino\hardware\sam\1.6.6\variants\arduino_due_x/libsam_sam3x8e_gcc_rel.a(startup_sam3xa.o) (UOTGHS_Handler)
C:\Users\install\AppData\Local\V.Micro\Arduino\Builds\DueWindShield\arduino_due_x_dbg/core.a(cortex_handlers.c.o)
                              C:\Users\install\AppData\Local\arduino15\packages\arduino\hardware\sam\1.6.6\variants\arduino_due_x/libsam_sam3x8e_gcc_rel.a(startup_sam3xa.o) (NMI_Handler)
C:\Users\install\AppData\Local\V.Micro\Arduino\Builds\DueWindShield\arduino_due_x_dbg/core.a(hooks.c.o)
                              C:\Users\install\AppData\Local\V.Micro\Arduino\Builds\DueWindShield\arduino_due_x_dbg/core.a(cortex_handlers.c.o) (sysTickHook)
C:\Users\install\AppData\Local\V.Micro\Arduino\Builds\DueWindShield\arduino_due_x_dbg/core.a(wiring.c.o)
                              C:\Users\install\AppData\Local\V.Micro\Arduino\Builds\DueWindShield\arduino_due_x_dbg\DueWindShield.cpp.o (micros)
C:\Users\install\AppData\Local\V.Micro\Arduino\Builds\DueWindShield\arduino_due_x_dbg/core.a(wiring_analog.c.o)
                              C:\Users\install\AppData\Local\V.Micro\Arduino\Builds\DueWindShield\arduino_due_x_dbg\DueWindShield.cpp.o (analogReadResolution)
C:\Users\install\AppData\Local\V.Micro\Arduino\Builds\DueWindShield\arduino_due_x_dbg/core.a(wiring_digital.c.o)
                              C:\Users\install\AppData\Local\V.Micro\Arduino\Builds\DueWindShield\arduino_due_x_dbg\DueWindShield.cpp.o (pinMode)
C:\Users\install\AppData\Local\V.Micro\Arduino\Builds\DueWindShield\arduino_due_x_dbg/core.a(abi.cpp.o)
                              C:\Users\install\AppData\Local\V.Micro\Arduino\Builds\DueWindShield\arduino_due_x_dbg\Wire\Wire.cpp.o (__cxa_pure_virtual)
C:\Users\install\AppData\Local\V.Micro\Arduino\Builds\DueWindShield\arduino_due_x_dbg/core.a(main.cpp.o)
                              c:/users/install/appdata/local/arduino15/packages/arduino/tools/arm-none-eabi-gcc/4.8.3-2014q1/bin/../lib/gcc/arm-none-eabi/4.8.3/../../../../arm-none-eabi/lib/armv7-m/crt0.o (main)
C:\Users\install\AppData\Local\V.Micro\Arduino\Builds\DueWindShield\arduino_due_x_dbg/core.a(Print.cpp.o)
                              C:\Users\install\AppData\Local\V.Micro\Arduino\Builds\DueWindShield\arduino_due_x_dbg\Wire\Wire.cpp.o (Print::write(unsigned char const*, unsigned int))
C:\Users\install\AppData\Local\V.Micro\Arduino\Builds\DueWindShield\arduino_due_x_dbg/core.a(Reset.cpp.o)
                              C:\Users\install\AppData\Local\V.Micro\Arduino\Builds\DueWindShield\arduino_due_x_dbg/core.a(cortex_handlers.c.o) (tickReset)
C:\Users\install\AppData\Local\V.Micro\Arduino\Builds\DueWindShield\arduino_due_x_dbg/core.a(UARTClass.cpp.o)
                              C:\Users\install\AppData\Local\V.Micro\Arduino\Builds\DueWindShield\arduino_due_x_dbg\DueWindShield.cpp.o (UARTClass::available())
C:\Users\install\AppData\Local\V.Micro\Arduino\Builds\DueWindShield\arduino_due_x_dbg/core.a(USARTClass.cpp.o)
[...]
Memory Configuration

Name             Origin             Length             Attributes
rom              0x00080000         0x00080000         xr
sram0            0x20000000         0x00010000         xrw
sram1            0x20080000         0x00008000         xrw
ram              0x20070000         0x00018000         xrw
*default*        0x00000000         0xffffffff

Linker script and memory map

LOAD c:/users/install/appdata/local/arduino15/packages/arduino/tools/arm-none-eabi-gcc/4.8.3-2014q1/bin/../lib/gcc/arm-none-eabi/4.8.3/armv7-m/crti.o
LOAD c:/users/install/appdata/local/arduino15/packages/arduino/tools/arm-none-eabi-gcc/4.8.3-2014q1/bin/../lib/gcc/arm-none-eabi/4.8.3/armv7-m/crtbegin.o
LOAD c:/users/install/appdata/local/arduino15/packages/arduino/tools/arm-none-eabi-gcc/4.8.3-2014q1/bin/../lib/gcc/arm-none-eabi/4.8.3/../../../../arm-none-eabi/lib/armv7-m/crt0.o
START GROUP
LOAD C:\Users\install\AppData\Local\V.Micro\Arduino\Builds\DueWindShield\arduino_due_x_dbg/syscalls_sam3.c.o
LOAD C:\Users\install\AppData\Local\V.Micro\Arduino\Builds\DueWindShield\arduino_due_x_dbg\Wire\Wire.cpp.o
LOAD C:\Users\install\AppData\Local\V.Micro\Arduino\Builds\DueWindShield\arduino_due_x_dbg\DueWindShield.cpp.o
LOAD C:\Users\install\AppData\Local\V.Micro\Arduino\Builds\DueWindShield\arduino_due_x_dbg\constString.cpp.o
LOAD C:\Users\install\AppData\Local\V.Micro\Arduino\Builds\DueWindShield\arduino_due_x_dbg\MCP4726.cpp.o
LOAD C:\Users\install\AppData\Local\V.Micro\Arduino\Builds\DueWindShield\arduino_due_x_dbg\speed_enc.cpp.o
LOAD C:\Users\install\AppData\Local\arduino15\packages\arduino\hardware\sam\1.6.6\variants\arduino_due_x/libsam_sam3x8e_gcc_rel.a
LOAD C:\Users\install\AppData\Local\V.Micro\Arduino\Builds\DueWindShield\arduino_due_x_dbg/core.a
END GROUP
LOAD c:/users/install/appdata/local/arduino15/packages/arduino/tools/arm-none-eabi-gcc/4.8.3-2014q1/bin/../lib/gcc/arm-none-eabi/4.8.3/../../../../arm-none-eabi/lib/armv7-m\libm.a
START GROUP
LOAD c:/users/install/appdata/local/arduino15/packages/arduino/tools/arm-none-eabi-gcc/4.8.3-2014q1/bin/../lib/gcc/arm-none-eabi/4.8.3/armv7-m\libgcc.a
LOAD c:/users/install/appdata/local/arduino15/packages/arduino/tools/arm-none-eabi-gcc/4.8.3-2014q1/bin/../lib/gcc/arm-none-eabi/4.8.3/../../../../arm-none-eabi/lib/armv7-m\libg.a
LOAD c:/users/install/appdata/local/arduino15/packages/arduino/tools/arm-none-eabi-gcc/4.8.3-2014q1/bin/../lib/gcc/arm-none-eabi/4.8.3/../../../../arm-none-eabi/lib/armv7-m\libc.a
END GROUP
LOAD c:/users/install/appdata/local/arduino15/packages/arduino/tools/arm-none-eabi-gcc/4.8.3-2014q1/bin/../lib/gcc/arm-none-eabi/4.8.3/armv7-m/crtend.o
LOAD c:/users/install/appdata/local/arduino15/packages/arduino/tools/arm-none-eabi-gcc/4.8.3-2014q1/bin/../lib/gcc/arm-none-eabi/4.8.3/armv7-m/crtn.o

.text           0x00080000     0xe164
                0x00080000                . = ALIGN (0x4)
                0x00080000                _sfixed = .
 *(.vectors .vectors.*)
 .vectors       0x00080000       0xf4 C:\Users\install\AppData\Local\arduino15\packages\arduino\hardware\sam\1.6.6\variants\arduino_due_x/libsam_sam3x8e_gcc_rel.a(startup_sam3xa.o)
                0x00080000                exception_table
 *(.text .text.* .gnu.linkonce.t.*)
 .text          0x000800f4       0x54 c:/users/install/appdata/local/arduino15/packages/arduino/tools/arm-none-eabi-gcc/4.8.3-2014q1/bin/../lib/gcc/arm-none-eabi/4.8.3/armv7-m/crtbegin.o
 .text._sbrk    0x00080148       0x1c C:\Users\install\AppData\Local\V.Micro\Arduino\Builds\DueWindShield\arduino_due_x_dbg/syscalls_sam3.c.o
                0x00080148                _sbrk
 .text._close   0x00080164        0x6 C:\Users\install\AppData\Local\V.Micro\Arduino\Builds\DueWindShield\arduino_due_x_dbg/syscalls_sam3.c.o
                0x00080164                _close
 .text._fstat   0x0008016a        0xa C:\Users\install\AppData\Local\V.Micro\Arduino\Builds\DueWindShield\arduino_due_x_dbg/syscalls_sam3.c.o
                0x0008016a                _fstat
 .text._isatty  0x00080174        0x4 C:\Users\install\AppData\Local\V.Micro\Arduino\Builds\DueWindShield\arduino_due_x_dbg/syscalls_sam3.c.o
                0x00080174                _isatty
 .text._lseek   0x00080178        0x4 C:\Users\install\AppData\Local\V.Micro\Arduino\Builds\DueWindShield\arduino_due_x_dbg/syscalls_sam3.c.o
                0x00080178                _lseek
 .text._read    0x0008017c        0x4 C:\Users\install\AppData\Local\V.Micro\Arduino\Builds\DueWindShield\arduino_due_x_dbg/syscalls_sam3.c.o
                0x0008017c                _read
 .text._write   0x00080180       0x24 C:\Users\install\AppData\Local\V.Micro\Arduino\Builds\DueWindShield\arduino_due_x_dbg/syscalls_sam3.c.o
                0x00080180                _write
 .text._exit    0x000801a4       0x10 C:\Users\install\AppData\Local\V.Micro\Arduino\Builds\DueWindShield\arduino_due_x_dbg/syscalls_sam3.c.o
                0x000801a4                _exit
 .text._kill    0x000801b4        0x2 C:\Users\install\AppData\Local\V.Micro\Arduino\Builds\DueWindShield\arduino_due_x_dbg/syscalls_sam3.c.o
                0x000801b4                _kill
 .text._getpid  0x000801b6        0x6 C:\Users\install\AppData\Local\V.Micro\Arduino\Builds\DueWindShield\arduino_due_x_dbg/syscalls_sam3.c.o
                0x000801b6                _getpid
 .text._ZN7TwoWire5writeEPKhj
                0x000801bc       0x50 C:\Users\install\AppData\Local\V.Micro\Arduino\Builds\DueWindShield\arduino_due_x_dbg\Wire\Wire.cpp.o
                0x000801bc                TwoWire::write(unsigned char const*, unsigned int)
 .text._ZN7TwoWire9availableEv
                0x0008020c        0xc C:\Users\install\AppData\Local\V.Micro\Arduino\Builds\DueWindShield\arduino_due_x_dbg\Wire\Wire.cpp.o
                0x0008020c                TwoWire::available()
 .text._ZN7TwoWire4readEv
                0x00080218       0x1e C:\Users\install\AppData\Local\V.Micro\Arduino\Builds\DueWindShield\arduino_due_x_dbg\Wire\Wire.cpp.o
                0x00080218                TwoWire::read()
 .text._ZN7TwoWire4peekEv
                0x00080236       0x16 C:\Users\install\AppData\Local\V.Micro\Arduino\Builds\DueWindShield\arduino_due_x_dbg\Wire\Wire.cpp.o
                0x00080236                TwoWire::peek()
 .text._ZN7TwoWire5flushEv
                0x0008024c        0x2 C:\Users\install\AppData\Local\V.Micro\Arduino\Builds\DueWindShield\arduino_due_x_dbg\Wire\Wire.cpp.o
                0x0008024c                TwoWire::flush()
 .text._ZN7TwoWire5writeEh
                0x0008024e       0x3a C:\Users\install\AppData\Local\V.Micro\Arduino\Builds\DueWindShield\arduino_due_x_dbg\Wire\Wire.cpp.o
                0x0008024e                TwoWire::write(unsigned char)
 .text._ZL16TWI_WaitByteSentP3Twim.constprop.3
                0x00080288       0x2c C:\Users\install\AppData\Local\V.Micro\Arduino\Builds\DueWindShield\arduino_due_x_dbg\Wire\Wire.cpp.o
 .text._ZL24TWI_WaitTransferCompleteP3Twim.constprop.4
                0x000802b4       0x2c C:\Users\install\AppData\Local\V.Micro\Arduino\Builds\DueWindShield\arduino_due_x_dbg\Wire\Wire.cpp.o
 .text._ZL9Wire_Initv
                0x000802e0       0x54 C:\Users\install\AppData\Local\V.Micro\Arduino\Builds\DueWindShield\arduino_due_x_dbg\Wire\Wire.cpp.o
 .text._ZL12Wire1_Deinitv
                0x00080334       0x18 C:\Users\install\AppData\Local\V.Micro\Arduino\Builds\DueWindShield\arduino_due_x_dbg\Wire\Wire.cpp.o
 .text._ZL11Wire_Deinitv
                0x0008034c       0x18 C:\Users\install\AppData\Local\V.Micro\Arduino\Builds\DueWindShield\arduino_due_x_dbg\Wire\Wire.cpp.o
 .text._ZL10Wire1_Initv
                0x00080364       0x54 C:\Users\install\AppData\Local\V.Micro\Arduino\Builds\DueWindShield\arduino_due_x_dbg\Wire\Wire.cpp.o
 .text._ZN7TwoWireC2EP3TwiPFvvES3_
                0x000803b8       0x48 C:\Users\install\AppData\Local\V.Micro\Arduino\Builds\DueWindShield\arduino_due_x_dbg\Wire\Wire.cpp.o
                0x000803b8                TwoWire::TwoWire(Twi*, void (*)(), void (*)())
                0x000803b8                TwoWire::TwoWire(Twi*, void (*)(), void (*)())
 .text._ZN7TwoWire5beginEv
                0x00080400       0x30 C:\Users\install\AppData\Local\V.Micro\Arduino\Builds\DueWindShield\arduino_due_x_dbg\Wire\Wire.cpp.o
                0x00080400                TwoWire::begin()
 .text._ZN7TwoWire8setClockEm
                0x00080430       0x14 C:\Users\install\AppData\Local\V.Micro\Arduino\Builds\DueWindShield\arduino_due_x_dbg\Wire\Wire.cpp.o
                0x00080430                TwoWire::setClock(unsigned long)
 .text._ZN7TwoWire17beginTransmissionEh
                0x00080444       0x12 C:\Users\install\AppData\Local\V.Micro\Arduino\Builds\DueWindShield\arduino_due_x_dbg\Wire\Wire.cpp.o
                0x00080444                TwoWire::beginTransmission(unsigned char)
 .text._ZN7TwoWire15endTransmissionEh
                0x00080456       0x82 C:\Users\install\AppData\Local\V.Micro\Arduino\Builds\DueWindShield\arduino_due_x_dbg\Wire\Wire.cpp.o
                0x00080456                TwoWire::endTransmission(unsigned char)
 .text._ZN7TwoWire15endTransmissionEv
                0x000804d8        0x6 C:\Users\install\AppData\Local\V.Micro\Arduino\Builds\DueWindShield\arduino_due_x_dbg\Wire\Wire.cpp.o
                0x000804d8                TwoWire::endTransmission()
 .text._ZN7TwoWire9onServiceEv
                0x000804de      0x118 C:\Users\install\AppData\Local\V.Micro\Arduino\Builds\DueWindShield\arduino_due_x_dbg\Wire\Wire.cpp.o
                0x000804de                TwoWire::onService()
 *fill*         0x000805f6        0x2 
 .text.TWI1_Handler
                0x000805f8        0xc C:\Users\install\AppData\Local\V.Micro\Arduino\Builds\DueWindShield\arduino_due_x_dbg\Wire\Wire.cpp.o
                0x000805f8                TWI1_Handler
 .text.TWI0_Handler
                0x00080604        0xc C:\Users\install\AppData\Local\V.Micro\Arduino\Builds\DueWindShield\arduino_due_x_dbg\Wire\Wire.cpp.o
                0x00080604                TWI0_Handler
 .text.startup._GLOBAL__sub_I__ZN7TwoWireC2EP3TwiPFvvES3_
                0x00080610       0x40 C:\Users\install\AppData\Local\V.Micro\Arduino\Builds\DueWindShield\arduino_due_x_dbg\Wire\Wire.cpp.o
 .text._Z8P_Enableh.part.0
                0x00080650       0x1c C:\Users\install\AppData\Local\V.Micro\Arduino\Builds\DueWindShield\arduino_due_x_dbg\DueWindShield.cpp.o
 .text._Z7readVccv
                0x0008066c       0x20 C:\Users\install\AppData\Local\V.Micro\Arduino\Builds\DueWindShield\arduino_due_x_dbg\DueWindShield.cpp.o
                0x0008066c                readVcc()
 *fill*         0x0008068c        0x4 
 .text._Z11readVoltaged
                0x00080690       0x38 C:\Users\install\AppData\Local\V.Micro\Arduino\Builds\DueWindShield\arduino_due_x_dbg\DueWindShield.cpp.o
                0x00080690                readVoltage(double)
 .text._Z11readCurrentd
                0x000806c8       0x30 C:\Users\install\AppData\Local\V.Micro\Arduino\Builds\DueWindShield\arduino_due_x_dbg\DueWindShield.cpp.o
                0x000806c8                readCurrent(double)
 .text._Z9L_setLoadt
                0x000806f8       0x14 C:\Users\install\AppData\Local\V.Micro\Arduino\Builds\DueWindShield\arduino_due_x_dbg\DueWindShield.cpp.o
                0x000806f8                L_setLoad(unsigned short)
 .text._Z16P_Distance_to_gov
                0x0008070c       0x14 C:\Users\install\AppData\Local\V.Micro\Arduino\Builds\DueWindShield\arduino_due_x_dbg\DueWindShield.cpp.o
                0x0008070c                P_Distance_to_go()
 .text._Z8P_Enableh
                0x00080720       0x26 C:\Users\install\AppData\Local\V.Micro\Arduino\Builds\DueWindShield\arduino_due_x_dbg\DueWindShield.cpp.o
                0x00080720                P_Enable(unsigned char)
 *fill*         0x00080746        0x2 
 .text._Z6P_Stepv
                0x00080748       0x88 C:\Users\install\AppData\Local\V.Micro\Arduino\Builds\DueWindShield\arduino_due_x_dbg\DueWindShield.cpp.o
                0x00080748                P_Step()
 .text._Z4sindf
                0x000807d0       0x40 C:\Users\install\AppData\Local\V.Micro\Arduino\Builds\DueWindShield\arduino_due_x_dbg\DueWindShield.cpp.o
                0x000807d0                sind(float)
 .text._Z4tandf
                0x00080810       0x40 C:\Users\install\AppData\Local\V.Micro\Arduino\Builds\DueWindShield\arduino_due_x_dbg\DueWindShield.cpp.o
                0x00080810                tand(float)
 .text._Z12P_Angle2Stepl
                0x00080850       0xd0 C:\Users\install\AppData\Local\V.Micro\Arduino\Builds\DueWindShield\arduino_due_x_dbg\DueWindShield.cpp.o
                0x00080850                P_Angle2Step(long)
 .text._Z20P_resetPitchPositionv
                0x00080920       0x38 C:\Users\install\AppData\Local\V.Micro\Arduino\Builds\DueWindShield\arduino_due_x_dbg\DueWindShield.cpp.o
                0x00080920                P_resetPitchPosition()
 .text._Z11P_setMStepsh
                0x00080958       0x78 C:\Users\install\AppData\Local\V.Micro\Arduino\Builds\DueWindShield\arduino_due_x_dbg\DueWindShield.cpp.o
                0x00080958                P_setMSteps(unsigned char)
 .text._Z3Fani  0x000809d0      0x120 C:\Users\install\AppData\Local\V.Micro\Arduino\Builds\DueWindShield\arduino_due_x_dbg\DueWindShield.cpp.o
                0x000809d0                Fan(int)
 .text._Z14M_Brake_activev
                0x00080af0        0x8 C:\Users\install\AppData\Local\V.Micro\Arduino\Builds\DueWindShield\arduino_due_x_dbg\DueWindShield.cpp.o
                0x00080af0                M_Brake_active()
 .text._Z16M_Brake_deactivev
                0x00080af8        0x8 C:\Users\install\AppData\Local\V.Micro\Arduino\Builds\DueWindShield\arduino_due_x_dbg\DueWindShield.cpp.o
                0x00080af8                M_Brake_deactive()
 .text._Z9M_forwardv
                0x00080b00       0x12 C:\Users\install\AppData\Local\V.Micro\Arduino\Builds\DueWindShield\arduino_due_x_dbg\DueWindShield.cpp.o
                0x00080b00                M_forward()
 .text._Z10M_backwardv
                0x00080b12       0x12 C:\Users\install\AppData\Local\V.Micro\Arduino\Builds\DueWindShield\arduino_due_x_dbg\DueWindShield.cpp.o
                0x00080b12                M_backward()
 .text._Z7M_Brakev
                0x00080b24       0x12 C:\Users\install\AppData\Local\V.Micro\Arduino\Builds\DueWindShield\arduino_due_x_dbg\DueWindShield.cpp.o
                0x00080b24                M_Brake()
 .text._Z15M_Brake_releasev
                0x00080b36       0x12 C:\Users\install\AppData\Local\V.Micro\Arduino\Builds\DueWindShield\arduino_due_x_dbg\DueWindShield.cpp.o
                0x00080b36                M_Brake_release()
 .text._Z11M_SleepModei
                0x00080b48       0x22 C:\Users\install\AppData\Local\V.Micro\Arduino\Builds\DueWindShield\arduino_due_x_dbg\DueWindShield.cpp.o
                0x00080b48                M_SleepMode(int)
 *fill*         0x00080b6a        0x2 
 .text._Z20M_SwitchMotorModeOffv
                0x00080b6c       0x30 C:\Users\install\AppData\Local\V.Micro\Arduino\Builds\DueWindShield\arduino_due_x_dbg\DueWindShield.cpp.o
                0x00080b6c                M_SwitchMotorModeOff()
 .text._Z19M_SwitchMotorModeOnv
                0x00080b9c       0x20 C:\Users\install\AppData\Local\V.Micro\Arduino\Builds\DueWindShield\arduino_due_x_dbg\DueWindShield.cpp.o
                0x00080b9c                M_SwitchMotorModeOn()
 .text._Z15M_SetMotorSpeedl
                0x00080bbc       0x2e C:\Users\install\AppData\Local\V.Micro\Arduino\Builds\DueWindShield\arduino_due_x_dbg\DueWindShield.cpp.o
                0x00080bbc                M_SetMotorSpeed(long)
 *fill*         0x00080bea        0x2 
 .text._Z9printHelpv
                0x00080bec      0x190 C:\Users\install\AppData\Local\V.Micro\Arduino\Builds\DueWindShield\arduino_due_x_dbg\DueWindShield.cpp.o
                0x00080bec                printHelp()
 .text._Z14TurnOffWindLabv
                0x00080d7c       0x30 C:\Users\install\AppData\Local\V.Micro\Arduino\Builds\DueWindShield\arduino_due_x_dbg\DueWindShield.cpp.o
                0x00080d7c                TurnOffWindLab()
 .text._Z10SetCommand6String
                0x00080dac      0x25c C:\Users\install\AppData\Local\V.Micro\Arduino\Builds\DueWindShield\arduino_due_x_dbg\DueWindShield.cpp.o
                0x00080dac                SetCommand(String)
 .text._Z8PinSetupv
                0x00081008       0xb6 C:\Users\install\AppData\Local\V.Micro\Arduino\Builds\DueWindShield\arduino_due_x_dbg\DueWindShield.cpp.o
                0x00081008                PinSetup()
 *fill*         0x000810be        0x2 
 .text._Z12G_revProtecth
                0x000810c0       0x5c C:\Users\install\AppData\Local\V.Micro\Arduino\Builds\DueWindShield\arduino_due_x_dbg\DueWindShield.cpp.o
                0x000810c0                G_revProtect(unsigned char)
 .text.startup._GLOBAL__sub_I_DEBUG
                0x0008111c       0x7c C:\Users\install\AppData\Local\V.Micro\Arduino\Builds\DueWindShield\arduino_due_x_dbg\DueWindShield.cpp.o
 .text.setup    0x00081198       0xa8 C:\Users\install\AppData\Local\V.Micro\Arduino\Builds\DueWindShield\arduino_due_x_dbg\DueWindShield.cpp.o
                0x00081198                setup
 .text.loop     0x00081240      0x694 C:\Users\install\AppData\Local\V.Micro\Arduino\Builds\DueWindShield\arduino_due_x_dbg\DueWindShield.cpp.o
                0x00081240                loop
 .text._Z17constStringLengthli
                0x000818d4       0x30 C:\Users\install\AppData\Local\V.Micro\Arduino\Builds\DueWindShield\arduino_due_x_dbg\constString.cpp.o
                0x000818d4                constStringLength(long, int)
 .text._Z17constStringLengthmi
                0x00081904       0x30 C:\Users\install\AppData\Local\V.Micro\Arduino\Builds\DueWindShield\arduino_due_x_dbg\constString.cpp.o
                0x00081904                constStringLength(unsigned long, int)
 .text._Z17constStringLengthti
                0x00081934       0x30 C:\Users\install\AppData\Local\V.Micro\Arduino\Builds\DueWindShield\arduino_due_x_dbg\constString.cpp.o
                0x00081934                constStringLength(unsigned short, int)
 .text._Z17constStringLengthsi
                0x00081964       0x30 C:\Users\install\AppData\Local\V.Micro\Arduino\Builds\DueWindShield\arduino_due_x_dbg\constString.cpp.o
                0x00081964                constStringLength(short, int)
 .text._ZN7MCP4726C2Eh
                0x00081994        0x4 C:\Users\install\AppData\Local\V.Micro\Arduino\Builds\DueWindShield\arduino_due_x_dbg\MCP4726.cpp.o
                0x00081994                MCP4726::MCP4726(unsigned char)
                0x00081994                MCP4726::MCP4726(unsigned char)
 .text._ZN7MCP47268setupI2CEv
                0x00081998       0x10 C:\Users\install\AppData\Local\V.Micro\Arduino\Builds\DueWindShield\arduino_due_x_dbg\MCP4726.cpp.o
                0x00081998                MCP4726::setupI2C()
 .text._ZN7MCP47265beginEv
                0x000819a8       0x14 C:\Users\install\AppData\Local\V.Micro\Arduino\Builds\DueWindShield\arduino_due_x_dbg\MCP4726.cpp.o
                0x000819a8                MCP4726::begin()
 .text._ZN7MCP472610setVoltageEt
                0x000819bc       0x3c C:\Users\install\AppData\Local\V.Micro\Arduino\Builds\DueWindShield\arduino_due_x_dbg\MCP4726.cpp.o
                0x000819bc                MCP4726::setVoltage(unsigned short)
 .text._ZN9speed_encC2Eii
                0x000819f8       0x54 C:\Users\install\AppData\Local\V.Micro\Arduino\Builds\DueWindShield\arduino_due_x_dbg\speed_enc.cpp.o
                0x000819f8                speed_enc::speed_enc(int, int)
                0x000819f8                speed_enc::speed_enc(int, int)
 .text._ZN9speed_enc5speedEv
                0x00081a4c       0x5c C:\Users\install\AppData\Local\V.Micro\Arduino\Builds\DueWindShield\arduino_due_x_dbg\speed_enc.cpp.o
                0x00081a4c                speed_enc::speed()
 .text.PIO_PullUp
                0x00081aa8        0xa C:\Users\install\AppData\Local\arduino15\packages\arduino\hardware\sam\1.6.6\variants\arduino_due_x/libsam_sam3x8e_gcc_rel.a(pio.o)
                0x00081aa8                PIO_PullUp
 .text.PIO_SetPeripheral
                0x00081ab2       0x26 C:\Users\install\AppData\Local\arduino15\packages\arduino\hardware\sam\1.6.6\variants\arduino_due_x/libsam_sam3x8e_gcc_rel.a(pio.o)
                0x00081ab2                PIO_SetPeripheral
 .text.PIO_SetInput
                0x00081ad8       0x26 C:\Users\install\AppData\Local\arduino15\packages\arduino\hardware\sam\1.6.6\variants\arduino_due_x/libsam_sam3x8e_gcc_rel.a(pio.o)
                0x00081ad8                PIO_SetInput
 .text.PIO_SetOutput
                0x00081afe       0x24 C:\Users\install\AppData\Local\arduino15\packages\arduino\hardware\sam\1.6.6\variants\arduino_due_x/libsam_sam3x8e_gcc_rel.a(pio.o)
                0x00081afe                PIO_SetOutput
 *fill*         0x00081b22        0x2 
 .text.PIO_Configure
                0x00081b24       0x64 C:\Users\install\AppData\Local\arduino15\packages\arduino\hardware\sam\1.6.6\variants\arduino_due_x/libsam_sam3x8e_gcc_rel.a(pio.o)
                0x00081b24                PIO_Configure
 .text.PIO_GetOutputDataStatus
                0x00081b88       0x14 C:\Users\install\AppData\Local\arduino15\packages\arduino\hardware\sam\1.6.6\variants\arduino_due_x/libsam_sam3x8e_gcc_rel.a(pio.o)
                0x00081b88                PIO_GetOutputDataStatus
 .text.pmc_enable_upll_clock
                0x00081b9c       0x14 C:\Users\install\AppData\Local\arduino15\packages\arduino\hardware\sam\1.6.6\variants\arduino_due_x/libsam_sam3x8e_gcc_rel.a(pmc.o)
                0x00081b9c                pmc_enable_upll_clock
 .text.pmc_enable_periph_clk
                0x00081bb0       0x44 C:\Users\install\AppData\Local\arduino15\packages\arduino\hardware\sam\1.6.6\variants\arduino_due_x/libsam_sam3x8e_gcc_rel.a(pmc.o)
                0x00081bb0                pmc_enable_periph_clk
 .text.pmc_disable_periph_clk
                0x00081bf4       0x40 C:\Users\install\AppData\Local\arduino15\packages\arduino\hardware\sam\1.6.6\variants\arduino_due_x/libsam_sam3x8e_gcc_rel.a(pmc.o)
                0x00081bf4                pmc_disable_periph_clk
 .text.pmc_switch_udpck_to_upllck
                0x00081c34       0x14 C:\Users\install\AppData\Local\arduino15\packages\arduino\hardware\sam\1.6.6\variants\arduino_due_x/libsam_sam3x8e_gcc_rel.a(pmc.o)
                0x00081c34                pmc_switch_udpck_to_upllck
 .text.pmc_enable_udpck
                0x00081c48        0xc C:\Users\install\AppData\Local\arduino15\packages\arduino\hardware\sam\1.6.6\variants\arduino_due_x/libsam_sam3x8e_gcc_rel.a(pmc.o)
                0x00081c48                pmc_enable_udpck
 .text.TWI_SetClock
                0x00081c54       0x58 C:\Users\install\AppData\Local\arduino15\packages\arduino\hardware\sam\1.6.6\variants\arduino_due_x/libsam_sam3x8e_gcc_rel.a(twi.o)
                0x00081c54                TWI_SetClock
 .text.TWI_Disable
                0x00081cac       0x2c C:\Users\install\AppData\Local\arduino15\packages\arduino\hardware\sam\1.6.6\variants\arduino_due_x/libsam_sam3x8e_gcc_rel.a(twi.o)
                0x00081cac                TWI_Disable
 .text.TWI_ConfigureMaster
                0x00081cd8       0x48 C:\Users\install\AppData\Local\arduino15\packages\arduino\hardware\sam\1.6.6\variants\arduino_due_x/libsam_sam3x8e_gcc_rel.a(twi.o)
                0x00081cd8                TWI_ConfigureMaster
 .text.TWI_Stop
                0x00081d20       0x28 C:\Users\install\AppData\Local\arduino15\packages\arduino\hardware\sam\1.6.6\variants\arduino_due_x/libsam_sam3x8e_gcc_rel.a(twi.o)
                0x00081d20                TWI_Stop
 .text.TWI_ReadByte
                0x00081d48       0x28 C:\Users\install\AppData\Local\arduino15\packages\arduino\hardware\sam\1.6.6\variants\arduino_due_x/libsam_sam3x8e_gcc_rel.a(twi.o)
                0x00081d48                TWI_ReadByte
 .text.TWI_WriteByte
                0x00081d70       0x24 C:\Users\install\AppData\Local\arduino15\packages\arduino\hardware\sam\1.6.6\variants\arduino_due_x/libsam_sam3x8e_gcc_rel.a(twi.o)
                0x00081d70                TWI_WriteByte
 .text.TWI_StartWrite
                0x00081d94       0x7c C:\Users\install\AppData\Local\arduino15\packages\arduino\hardware\sam\1.6.6\variants\arduino_due_x/libsam_sam3x8e_gcc_rel.a(twi.o)
                0x00081d94                TWI_StartWrite
 .text.TWI_EnableIt
                0x00081e10       0x40 C:\Users\install\AppData\Local\arduino15\packages\arduino\hardware\sam\1.6.6\variants\arduino_due_x/libsam_sam3x8e_gcc_rel.a(twi.o)
                0x00081e10                TWI_EnableIt
 .text.TWI_DisableIt
                0x00081e50       0x40 C:\Users\install\AppData\Local\arduino15\packages\arduino\hardware\sam\1.6.6\variants\arduino_due_x/libsam_sam3x8e_gcc_rel.a(twi.o)
                0x00081e50                TWI_DisableIt
 .text.TWI_GetStatus
                0x00081e90       0x28 C:\Users\install\AppData\Local\arduino15\packages\arduino\hardware\sam\1.6.6\variants\arduino_due_x/libsam_sam3x8e_gcc_rel.a(twi.o)
                0x00081e90                TWI_GetStatus
 .text.SystemInit
                0x00081eb8       0x88 C:\Users\install\AppData\Local\arduino15\packages\arduino\hardware\sam\1.6.6\variants\arduino_due_x/libsam_sam3x8e_gcc_rel.a(system_sam3xa.o)
                0x00081eb8                SystemInit
 .text.Reset_Handler
                0x00081f40       0x78 C:\Users\install\AppData\Local\arduino15\packages\arduino\hardware\sam\1.6.6\variants\arduino_due_x/libsam_sam3x8e_gcc_rel.a(startup_sam3xa.o)
                0x00081f40                Reset_Handler
 .text.adc_init
                0x00081fb8       0x98 C:\Users\install\AppData\Local\arduino15\packages\arduino\hardware\sam\1.6.6\variants\arduino_due_x/libsam_sam3x8e_gcc_rel.a(adc.o)
                0x00081fb8                adc_init
 .text.adc_configure_trigger
                0x00082050        0xe C:\Users\install\AppData\Local\arduino15\packages\arduino\hardware\sam\1.6.6\variants\arduino_due_x/libsam_sam3x8e_gcc_rel.a(adc.o)
                0x00082050                adc_configure_trigger
 .text.adc_configure_timing
                0x0008205e       0x1a C:\Users\install\AppData\Local\arduino15\packages\arduino\hardware\sam\1.6.6\variants\arduino_due_x/libsam_sam3x8e_gcc_rel.a(adc.o)
                0x0008205e                adc_configure_timing
 .text.adc_start
                0x00082078        0x6 C:\Users\install\AppData\Local\arduino15\packages\arduino\hardware\sam\1.6.6\variants\arduino_due_x/libsam_sam3x8e_gcc_rel.a(adc.o)
                0x00082078                adc_start
 .text.adc_enable_channel
                0x0008207e        0xa C:\Users\install\AppData\Local\arduino15\packages\arduino\hardware\sam\1.6.6\variants\arduino_due_x/libsam_sam3x8e_gcc_rel.a(adc.o)
                0x0008207e                adc_enable_channel
 .text.adc_disable_channel
                0x00082088        0xa C:\Users\install\AppData\Local\arduino15\packages\arduino\hardware\sam\1.6.6\variants\arduino_due_x/libsam_sam3x8e_gcc_rel.a(adc.o)
                0x00082088                adc_disable_channel
 .text.adc_disable_all_channel
                0x00082092        0x8 C:\Users\install\AppData\Local\arduino15\packages\arduino\hardware\sam\1.6.6\variants\arduino_due_x/libsam_sam3x8e_gcc_rel.a(adc.o)
                0x00082092                adc_disable_all_channel
 .text.adc_get_latest_value
                0x0008209a        0x4 C:\Users\install\AppData\Local\arduino15\packages\arduino\hardware\sam\1.6.6\variants\arduino_due_x/libsam_sam3x8e_gcc_rel.a(adc.o)
                0x0008209a                adc_get_latest_value
 .text.adc_disable_interrupt
                0x0008209e        0x4 C:\Users\install\AppData\Local\arduino15\packages\arduino\hardware\sam\1.6.6\variants\arduino_due_x/libsam_sam3x8e_gcc_rel.a(adc.o)
                0x0008209e                adc_disable_interrupt
 .text.adc_get_status
                0x000820a2        0x4 C:\Users\install\AppData\Local\arduino15\packages\arduino\hardware\sam\1.6.6\variants\arduino_due_x/libsam_sam3x8e_gcc_rel.a(adc.o)
                0x000820a2                adc_get_status
 *fill*         0x000820a6        0x2 
 .text.UOTGHS_Handler
                0x000820a8       0x10 C:\Users\install\AppData\Local\arduino15\packages\arduino\hardware\sam\1.6.6\variants\arduino_due_x/libsam_sam3x8e_gcc_rel.a(uotghs.o)
                0x000820a8                UOTGHS_Handler
 .text.__halt   0x000820b8        0x2 C:\Users\install\AppData\Local\V.Micro\Arduino\Builds\DueWindShield\arduino_due_x_dbg/core.a(cortex_handlers.c.o)
                0x000820b8                DACC_Handler
                0x000820b8                DebugMon_Handler
                0x000820b8                DMAC_Handler
                0x000820b8                TRNG_Handler
                0x000820b8                HardFault_Handler
                0x000820b8                TC2_Handler
                0x000820b8                NMI_Handler
                0x000820b8                TC7_Handler
                0x000820b8                ADC_Handler
                0x000820b8                SMC_Handler
                0x000820b8                RTT_Handler
                0x000820b8                EFC1_Handler
                0x000820b8                PIOB_Handler
                0x000820b8                RTC_Handler
                0x000820b8                UsageFault_Handler
                0x000820b8                TC6_Handler
                0x000820b8                WDT_Handler
                0x000820b8                CAN0_Handler
                0x000820b8                TC4_Handler
                0x000820b8                TC1_Handler
                0x000820b8                HSMCI_Handler
                0x000820b8                TC3_Handler
                0x000820b8                PIOA_Handler
                0x000820b8                SSC_Handler
                0x000820b8                EFC0_Handler
                0x000820b8                PMC_Handler
                0x000820b8                PWM_Handler
                0x000820b8                CAN1_Handler
                0x000820b8                MemManage_Handler
                0x000820b8                SUPC_Handler
                0x000820b8                TC8_Handler
                0x000820b8                USART2_Handler
                0x000820b8                PIOD_Handler
                0x000820b8                EMAC_Handler
                0x000820b8                PIOC_Handler
                0x000820b8                BusFault_Handler
                0x000820b8                RSTC_Handler
                0x000820b8                TC0_Handler
                0x000820b8                TC5_Handler
                0x000820b8                SPI0_Handler
 .text.SVC_Handler
                0x000820ba        0x4 C:\Users\install\AppData\Local\V.Micro\Arduino\Builds\DueWindShield\arduino_due_x_dbg/core.a(cortex_handlers.c.o)
                0x000820ba                SVC_Handler
 .text.PendSV_Handler
                0x000820be        0x4 C:\Users\install\AppData\Local\V.Micro\Arduino\Builds\DueWindShield\arduino_due_x_dbg/core.a(cortex_handlers.c.o)
                0x000820be                PendSV_Handler
 .text.SysTick_Handler
                0x000820c2       0x16 C:\Users\install\AppData\Local\V.Micro\Arduino\Builds\DueWindShield\arduino_due_x_dbg/core.a(cortex_handlers.c.o)
                0x000820c2                SysTick_Handler
 .text.__empty  0x000820d8        0x2 C:\Users\install\AppData\Local\V.Micro\Arduino\Builds\DueWindShield\arduino_due_x_dbg/core.a(hooks.c.o)
                0x000820d8                yield
 .text.__false  0x000820da        0x4 C:\Users\install\AppData\Local\V.Micro\Arduino\Builds\DueWindShield\arduino_due_x_dbg/core.a(hooks.c.o)
                0x000820da                sysTickHook
 .text.__halt   0x000820de        0x2 C:\Users\install\AppData\Local\V.Micro\Arduino\Builds\DueWindShield\arduino_due_x_dbg/core.a(hooks.c.o)
                0x000820de                svcHook
                0x000820de                pendSVHook
 .text.micros   0x000820e0       0x74 C:\Users\install\AppData\Local\V.Micro\Arduino\Builds\DueWindShield\arduino_due_x_dbg/core.a(wiring.c.o)
                0x000820e0                micros
 .text.delay    0x00082154       0x1c C:\Users\install\AppData\Local\V.Micro\Arduino\Builds\DueWindShield\arduino_due_x_dbg/core.a(wiring.c.o)
                0x00082154                delay
 .text.mapResolution
                0x00082170       0x12 C:\Users\install\AppData\Local\V.Micro\Arduino\Builds\DueWindShield\arduino_due_x_dbg/core.a(wiring_analog.c.o)
 *fill*         0x00082182        0x2 
 .text.analogReadResolution
                0x00082184        0xc C:\Users\install\AppData\Local\V.Micro\Arduino\Builds\DueWindShield\arduino_due_x_dbg/core.a(wiring_analog.c.o)
                0x00082184                analogReadResolution
 .text.analogWriteResolution
                0x00082190        0xc C:\Users\install\AppData\Local\V.Micro\Arduino\Builds\DueWindShield\arduino_due_x_dbg/core.a(wiring_analog.c.o)
                0x00082190                analogWriteResolution
 .text.analogRead
                0x0008219c       0x74 C:\Users\install\AppData\Local\V.Micro\Arduino\Builds\DueWindShield\arduino_due_x_dbg/core.a(wiring_analog.c.o)
                0x0008219c                analogRead
 .text.analogOutputInit
                0x00082210       0x14 C:\Users\install\AppData\Local\V.Micro\Arduino\Builds\DueWindShield\arduino_due_x_dbg/core.a(wiring_analog.c.o)
                0x00082210                analogOutputInit
 .text.analogWrite
                0x00082224      0x2a8 C:\Users\install\AppData\Local\V.Micro\Arduino\Builds\DueWindShield\arduino_due_x_dbg/core.a(wiring_analog.c.o)
                0x00082224                analogWrite
 .text.pinMode  0x000824cc       0x64 C:\Users\install\AppData\Local\V.Micro\Arduino\Builds\DueWindShield\arduino_due_x_dbg/core.a(wiring_digital.c.o)
                0x000824cc                pinMode
 .text.digitalWrite
                0x00082530       0x48 C:\Users\install\AppData\Local\V.Micro\Arduino\Builds\DueWindShield\arduino_due_x_dbg/core.a(wiring_digital.c.o)
                0x00082530                digitalWrite
 .text.initVariant
                0x00082578        0x2 C:\Users\install\AppData\Local\V.Micro\Arduino\Builds\DueWindShield\arduino_due_x_dbg/core.a(main.cpp.o)
                0x00082578                initVariant
 *fill*         0x0008257a        0x2 
 .text.startup.main
                0x0008257c       0x38 C:\Users\install\AppData\Local\V.Micro\Arduino\Builds\DueWindShield\arduino_due_x_dbg/core.a(main.cpp.o)
                0x0008257c                main
 .text._ZN5Print5writeEPKhj
                0x000825b4       0x22 C:\Users\install\AppData\Local\V.Micro\Arduino\Builds\DueWindShield\arduino_due_x_dbg/core.a(Print.cpp.o)
                0x000825b4                Print::write(unsigned char const*, unsigned int)
 .text._ZN5Print5writeEPKc
                0x000825d6       0x1e C:\Users\install\AppData\Local\V.Micro\Arduino\Builds\DueWindShield\arduino_due_x_dbg/core.a(Print.cpp.o)
                0x000825d6                Print::write(char const*)
 .text._ZN5Print5printERK6String
                0x000825f4       0x10 C:\Users\install\AppData\Local\V.Micro\Arduino\Builds\DueWindShield\arduino_due_x_dbg/core.a(Print.cpp.o)
                0x000825f4                Print::print(String const&)
 .text._ZN5Print5printEPKc
                0x00082604        0x8 C:\Users\install\AppData\Local\V.Micro\Arduino\Builds\DueWindShield\arduino_due_x_dbg/core.a(Print.cpp.o)
                0x00082604                Print::print(char const*)
 .text._ZN5Print5printEc
                0x0008260c        0xa C:\Users\install\AppData\Local\V.Micro\Arduino\Builds\DueWindShield\arduino_due_x_dbg/core.a(Print.cpp.o)
                0x0008260c                Print::print(char)
 *fill*         0x00082616        0x2 
 .text._ZN5Print7printlnEv
                0x00082618       0x10 C:\Users\install\AppData\Local\V.Micro\Arduino\Builds\DueWindShield\arduino_due_x_dbg/core.a(Print.cpp.o)
                0x00082618                Print::println()
 .text._ZN5Print7printlnERK6String
                0x00082628       0x14 C:\Users\install\AppData\Local\V.Micro\Arduino\Builds\DueWindShield\arduino_due_x_dbg/core.a(Print.cpp.o)
                0x00082628                Print::println(String const&)
 .text._ZN5Print7printlnEPKc
                0x0008263c       0x14 C:\Users\install\AppData\Local\V.Micro\Arduino\Builds\DueWindShield\arduino_due_x_dbg/core.a(Print.cpp.o)
                0x0008263c                Print::println(char const*)
 .text._ZN5Print11printNumberEmh
                0x00082650       0x3c C:\Users\install\AppData\Local\V.Micro\Arduino\Builds\DueWindShield\arduino_due_x_dbg/core.a(Print.cpp.o)
                0x00082650                Print::printNumber(unsigned long, unsigned char)
 .text._ZN5Print5printEli
                0x0008268c       0x3c C:\Users\install\AppData\Local\V.Micro\Arduino\Builds\DueWindShield\arduino_due_x_dbg/core.a(Print.cpp.o)
                0x0008268c                Print::print(long, int)
 .text._ZN5Print5printEmi
                0x000826c8       0x18 C:\Users\install\AppData\Local\V.Micro\Arduino\Builds\DueWindShield\arduino_due_x_dbg/core.a(Print.cpp.o)
                0x000826c8                Print::print(unsigned long, int)
 .text._ZN5Print7printlnEmi
                0x000826e0       0x14 C:\Users\install\AppData\Local\V.Micro\Arduino\Builds\DueWindShield\arduino_due_x_dbg/core.a(Print.cpp.o)
                0x000826e0                Print::println(unsigned long, int)
 .text.initiateReset
                0x000826f4        0xc C:\Users\install\AppData\Local\V.Micro\Arduino\Builds\DueWindShield\arduino_due_x_dbg/core.a(Reset.cpp.o)
                0x000826f4                initiateReset
 .text.cancelReset
                0x00082700       0x10 C:\Users\install\AppData\Local\V.Micro\Arduino\Builds\DueWindShield\arduino_due_x_dbg/core.a(Reset.cpp.o)
                0x00082700                cancelReset
 .text.tickReset
                0x00082710       0x20 C:\Users\install\AppData\Local\V.Micro\Arduino\Builds\DueWindShield\arduino_due_x_dbg/core.a(Reset.cpp.o)
                0x00082710                tickReset
 .text._ZN9UARTClasscvbEv
                0x00082730        0x4 C:\Users\install\AppData\Local\V.Micro\Arduino\Builds\DueWindShield\arduino_due_x_dbg/core.a(UARTClass.cpp.o)
                0x00082730                UARTClass::operator bool()
 .text._ZN9UARTClass9availableEv
                0x00082734       0x12 C:\Users\install\AppData\Local\V.Micro\Arduino\Builds\DueWindShield\arduino_due_x_dbg/core.a(UARTClass.cpp.o)
                0x00082734                UARTClass::available()
 .text._ZN9UARTClass4peekEv
                0x00082746       0x1c C:\Users\install\AppData\Local\V.Micro\Arduino\Builds\DueWindShield\arduino_due_x_dbg/core.a(UARTClass.cpp.o)
                0x00082746                UARTClass::peek()
 .text._ZN9UARTClass4readEv
                0x00082762       0x2a C:\Users\install\AppData\Local\V.Micro\Arduino\Builds\DueWindShield\arduino_due_x_dbg/core.a(UARTClass.cpp.o)
                0x00082762                UARTClass::read()
 .text._ZN9UARTClass5flushEv
                0x0008278c       0x18 C:\Users\install\AppData\Local\V.Micro\Arduino\Builds\DueWindShield\arduino_due_x_dbg/core.a(UARTClass.cpp.o)
                0x0008278c                UARTClass::flush()
 .text._ZN9UARTClass5writeEh
                0x000827a4       0x54 C:\Users\install\AppData\Local\V.Micro\Arduino\Builds\DueWindShield\arduino_due_x_dbg/core.a(UARTClass.cpp.o)
                0x000827a4                UARTClass::write(unsigned char)
 .text._ZN9UARTClass3endEv
                0x000827f8       0x3c C:\Users\install\AppData\Local\V.Micro\Arduino\Builds\DueWindShield\arduino_due_x_dbg/core.a(UARTClass.cpp.o)
                0x000827f8                UARTClass::end()
 .text._ZN9UARTClassC2EP4Uart4IRQnmP10RingBufferS4_
                0x00082834       0x24 C:\Users\install\AppData\Local\V.Micro\Arduino\Builds\DueWindShield\arduino_due_x_dbg/core.a(UARTClass.cpp.o)
                0x00082834                UARTClass::UARTClass(Uart*, IRQn, unsigned long, RingBuffer*, RingBuffer*)
                0x00082834                UARTClass::UARTClass(Uart*, IRQn, unsigned long, RingBuffer*, RingBuffer*)
 .text._ZN9UARTClass4initEmm
                0x00082858       0x70 C:\Users\install\AppData\Local\V.Micro\Arduino\Builds\DueWindShield\arduino_due_x_dbg/core.a(UARTClass.cpp.o)
                0x00082858                UARTClass::init(unsigned long, unsigned long)
 .text._ZN9UARTClass5beginEm
                0x000828c8        0x8 C:\Users\install\AppData\Local\V.Micro\Arduino\Builds\DueWindShield\arduino_due_x_dbg/core.a(UARTClass.cpp.o)
                0x000828c8                UARTClass::begin(unsigned long)
 .text._ZN9UARTClass10IrqHandlerEv
                0x000828d0       0x5a C:\Users\install\AppData\Local\V.Micro\Arduino\Builds\DueWindShield\arduino_due_x_dbg/core.a(UARTClass.cpp.o)
                0x000828d0                UARTClass::IrqHandler()
 .text._ZN10USARTClass5beginEm
                0x0008292a        0x8 C:\Users\install\AppData\Local\V.Micro\Arduino\Builds\DueWindShield\arduino_due_x_dbg/core.a(USARTClass.cpp.o)
                0x0008292a                USARTClass::begin(unsigned long)
 *fill*         0x00082932        0x2 
 .text._ZN10USARTClassC2EP5Usart4IRQnmP10RingBufferS4_
                0x00082934       0x24 C:\Users\install\AppData\Local\V.Micro\Arduino\Builds\DueWindShield\arduino_due_x_dbg/core.a(USARTClass.cpp.o)
                0x00082934                USARTClass::USARTClass(Usart*, IRQn, unsigned long, RingBuffer*, RingBuffer*)
                0x00082934                USARTClass::USARTClass(Usart*, IRQn, unsigned long, RingBuffer*, RingBuffer*)
 .text._ZN6StringD2Ev
                0x00082958        0xe C:\Users\install\AppData\Local\V.Micro\Arduino\Builds\DueWindShield\arduino_due_x_dbg/core.a(WString.cpp.o)
                0x00082958                String::~String()
                0x00082958                String::~String()
 .text._ZN6String10invalidateEv
                0x00082966       0x16 C:\Users\install\AppData\Local\V.Micro\Arduino\Builds\DueWindShield\arduino_due_x_dbg/core.a(WString.cpp.o)
                0x00082966                String::invalidate()
 .text._ZN6String12changeBufferEj
                0x0008297c       0x18 C:\Users\install\AppData\Local\V.Micro\Arduino\Builds\DueWindShield\arduino_due_x_dbg/core.a(WString.cpp.o)
                0x0008297c                String::changeBuffer(unsigned int)
 .text._ZN6String7reserveEj
                0x00082994       0x22 C:\Users\install\AppData\Local\V.Micro\Arduino\Builds\DueWindShield\arduino_due_x_dbg/core.a(WString.cpp.o)
                0x00082994                String::reserve(unsigned int)
 .text._ZN6String4copyEPKcj
                0x000829b6       0x26 C:\Users\install\AppData\Local\V.Micro\Arduino\Builds\DueWindShield\arduino_due_x_dbg/core.a(WString.cpp.o)
                0x000829b6                String::copy(char const*, unsigned int)
 .text._ZN6StringC2EPKc
                0x000829dc       0x24 C:\Users\install\AppData\Local\V.Micro\Arduino\Builds\DueWindShield\arduino_due_x_dbg/core.a(WString.cpp.o)
                0x000829dc                String::String(char const*)
                0x000829dc                String::String(char const*)
 .text._ZN6String4moveERS_
                0x00082a00       0x3a C:\Users\install\AppData\Local\V.Micro\Arduino\Builds\DueWindShield\arduino_due_x_dbg/core.a(WString.cpp.o)
                0x00082a00                String::move(String&)
 .text._ZN6StringaSERKS_
                0x00082a3a       0x1e C:\Users\install\AppData\Local\V.Micro\Arduino\Builds\DueWindShield\arduino_due_x_dbg/core.a(WString.cpp.o)
                0x00082a3a                String::operator=(String const&)
 .text._ZN6StringC2ERKS_
                0x00082a58       0x14 C:\Users\install\AppData\Local\V.Micro\Arduino\Builds\DueWindShield\arduino_due_x_dbg/core.a(WString.cpp.o)
                0x00082a58                String::String(String const&)
                0x00082a58                String::String(String const&)
 .text._ZN6StringaSEOS_
                0x00082a6c       0x10 C:\Users\install\AppData\Local\V.Micro\Arduino\Builds\DueWindShield\arduino_due_x_dbg/core.a(WString.cpp.o)
                0x00082a6c                String::operator=(String&&)
 .text._ZN6StringaSEPKc
                0x00082a7c       0x22 C:\Users\install\AppData\Local\V.Micro\Arduino\Builds\DueWindShield\arduino_due_x_dbg/core.a(WString.cpp.o)
                0x00082a7c                String::operator=(char const*)
 .text._ZN6String6concatEPKcj
                0x00082a9e       0x2e C:\Users\install\AppData\Local\V.Micro\Arduino\Builds\DueWindShield\arduino_due_x_dbg/core.a(WString.cpp.o)
                0x00082a9e                String::concat(char const*, unsigned int)
 .text._ZN6String6concatEc
                0x00082acc       0x1a C:\Users\install\AppData\Local\V.Micro\Arduino\Builds\DueWindShield\arduino_due_x_dbg/core.a(WString.cpp.o)
                0x00082acc                String::concat(char)
 .text._ZNK6String6equalsEPKc
                0x00082ae6       0x26 C:\Users\install\AppData\Local\V.Micro\Arduino\Builds\DueWindShield\arduino_due_x_dbg/core.a(WString.cpp.o)
                0x00082ae6                String::equals(char const*) const
 .text._ZNK6String9substringEjj
                0x00082b0c       0x4c C:\Users\install\AppData\Local\V.Micro\Arduino\Builds\DueWindShield\arduino_due_x_dbg/core.a(WString.cpp.o)
                0x00082b0c                String::substring(unsigned int, unsigned int) const
 .text._ZN6String11toUpperCaseEv
                0x00082b58       0x18 C:\Users\install\AppData\Local\V.Micro\Arduino\Builds\DueWindShield\arduino_due_x_dbg/core.a(WString.cpp.o)
                0x00082b58                String::toUpperCase()
 .text._ZNK6String5toIntEv
                0x00082b70        0xa C:\Users\install\AppData\Local\V.Micro\Arduino\Builds\DueWindShield\arduino_due_x_dbg/core.a(WString.cpp.o)
                0x00082b70                String::toInt() const
 *fill*         0x00082b7a        0x2 
 .text.unlikely._ZL11USB_SendZlpv
                0x00082b7c       0x20 C:\Users\install\AppData\Local\V.Micro\Arduino\Builds\DueWindShield\arduino_due_x_dbg/core.a(USBCore.cpp.o)
 .text._Z14USBD_Availablem
                0x00082b9c       0x2c C:\Users\install\AppData\Local\V.Micro\Arduino\Builds\DueWindShield\arduino_due_x_dbg/core.a(USBCore.cpp.o)
                0x00082b9c                USBD_Available(unsigned long)
 .text._Z9USBD_RecvmPvm
                0x00082bc8       0x7c C:\Users\install\AppData\Local\V.Micro\Arduino\Builds\DueWindShield\arduino_due_x_dbg/core.a(USBCore.cpp.o)
                0x00082bc8                USBD_Recv(unsigned long, void*, unsigned long)
 .text._Z9USBD_Recvm
                0x00082c44       0x22 C:\Users\install\AppData\Local\V.Micro\Arduino\Builds\DueWindShield\arduino_due_x_dbg/core.a(USBCore.cpp.o)
                0x00082c44                USBD_Recv(unsigned long)
 *fill*         0x00082c66        0x2 
 .text._Z9USBD_SendmPKvm
                0x00082c68       0x4c C:\Users\install\AppData\Local\V.Micro\Arduino\Builds\DueWindShield\arduino_due_x_dbg/core.a(USBCore.cpp.o)
                0x00082c68                USBD_Send(unsigned long, void const*, unsigned long)
 .text._Z16USBD_SendControlhPKvm
                0x00082cb4       0x40 C:\Users\install\AppData\Local\V.Micro\Arduino\Builds\DueWindShield\arduino_due_x_dbg/core.a(USBCore.cpp.o)
                0x00082cb4                USBD_SendControl(unsigned char, void const*, unsigned long)
 .text.unlikely._ZL24USB_SendStringDescriptorPKhi
                0x00082cf4       0x38 C:\Users\install\AppData\Local\V.Micro\Arduino\Builds\DueWindShield\arduino_due_x_dbg/core.a(USBCore.cpp.o)
 .text._Z16USBD_RecvControlPvm
                0x00082d2c       0x1c C:\Users\install\AppData\Local\V.Micro\Arduino\Builds\DueWindShield\arduino_due_x_dbg/core.a(USBCore.cpp.o)
                0x00082d2c                USBD_RecvControl(void*, unsigned long)
 .text._Z26USBD_ClassInterfaceRequestR8USBSetup
                0x00082d48       0x1e C:\Users\install\AppData\Local\V.Micro\Arduino\Builds\DueWindShield\arduino_due_x_dbg/core.a(USBCore.cpp.o)
                0x00082d48                USBD_ClassInterfaceRequest(USBSetup&)
 .text._Z19USBD_SendInterfacesv
                0x00082d66       0x22 C:\Users\install\AppData\Local\V.Micro\Arduino\Builds\DueWindShield\arduino_due_x_dbg/core.a(USBCore.cpp.o)
                0x00082d66                USBD_SendInterfaces()
 .text._Z24USBD_SendOtherInterfacesv
                0x00082d88       0x22 C:\Users\install\AppData\Local\V.Micro\Arduino\Builds\DueWindShield\arduino_due_x_dbg/core.a(USBCore.cpp.o)
                0x00082d88                USBD_SendOtherInterfaces()
 .text._Z10USBD_Flushm
                0x00082daa       0x16 C:\Users\install\AppData\Local\V.Micro\Arduino\Builds\DueWindShield\arduino_due_x_dbg/core.a(USBCore.cpp.o)
                0x00082daa                USBD_Flush(unsigned long)
 .text._ZN10USBDevice_C2Ev
                0x00082dc0       0x24 C:\Users\install\AppData\Local\V.Micro\Arduino\Builds\DueWindShield\arduino_due_x_dbg/core.a(USBCore.cpp.o)
                0x00082dc0                USBDevice_::USBDevice_()
                0x00082dc0                USBDevice_::USBDevice_()
 .text._ZN10USBDevice_6attachEv
                0x00082de4       0x20 C:\Users\install\AppData\Local\V.Micro\Arduino\Builds\DueWindShield\arduino_due_x_dbg/core.a(USBCore.cpp.o)
                0x00082de4                USBDevice_::attach()
 .text.startup._GLOBAL__sub_I_EndPoints
                0x00082e04        0xc C:\Users\install\AppData\Local\V.Micro\Arduino\Builds\DueWindShield\arduino_due_x_dbg/core.a(USBCore.cpp.o)
 .text._ZL7USB_ISRv
                0x00082e10      0x454 C:\Users\install\AppData\Local\V.Micro\Arduino\Builds\DueWindShield\arduino_due_x_dbg/core.a(USBCore.cpp.o)
 .text._Z11serialEventv
                0x00083264        0x2 C:\Users\install\AppData\Local\V.Micro\Arduino\Builds\DueWindShield\arduino_due_x_dbg/core.a(variant.cpp.o)
                0x00083264                serialEvent()
 *fill*         0x00083266        0x2 
 .text.UART_Handler
                0x00083268        0xc C:\Users\install\AppData\Local\V.Micro\Arduino\Builds\DueWindShield\arduino_due_x_dbg/core.a(variant.cpp.o)
                0x00083268                UART_Handler
 .text._Z12serialEvent1v
                0x00083274        0x2 C:\Users\install\AppData\Local\V.Micro\Arduino\Builds\DueWindShield\arduino_due_x_dbg/core.a(variant.cpp.o)
                0x00083274                serialEvent1()
 .text._Z12serialEvent2v
                0x00083276        0x2 C:\Users\install\AppData\Local\V.Micro\Arduino\Builds\DueWindShield\arduino_due_x_dbg/core.a(variant.cpp.o)
                0x00083276                serialEvent2()
 .text._Z12serialEvent3v
                0x00083278        0x2 C:\Users\install\AppData\Local\V.Micro\Arduino\Builds\DueWindShield\arduino_due_x_dbg/core.a(variant.cpp.o)
                0x00083278                serialEvent3()
 *fill*         0x0008327a        0x2 
 .text.USART0_Handler
                0x0008327c        0xc C:\Users\install\AppData\Local\V.Micro\Arduino\Builds\DueWindShield\arduino_due_x_dbg/core.a(variant.cpp.o)
                0x0008327c                USART0_Handler
 .text.USART1_Handler
                0x00083288        0xc C:\Users\install\AppData\Local\V.Micro\Arduino\Builds\DueWindShield\arduino_due_x_dbg/core.a(variant.cpp.o)
                0x00083288                USART1_Handler
 .text.USART3_Handler
                0x00083294        0xc C:\Users\install\AppData\Local\V.Micro\Arduino\Builds\DueWindShield\arduino_due_x_dbg/core.a(variant.cpp.o)
                0x00083294                USART3_Handler
 .text.init     0x000832a0      0x128 C:\Users\install\AppData\Local\V.Micro\Arduino\Builds\DueWindShield\arduino_due_x_dbg/core.a(variant.cpp.o)
                0x000832a0                init
 .text.startup._GLOBAL__sub_I_g_APinDescription
                0x000833c8       0xd4 C:\Users\install\AppData\Local\V.Micro\Arduino\Builds\DueWindShield\arduino_due_x_dbg/core.a(variant.cpp.o)
 .text._Z14serialEventRunv
                0x0008349c       0x44 C:\Users\install\AppData\Local\V.Micro\Arduino\Builds\DueWindShield\arduino_due_x_dbg/core.a(variant.cpp.o)
                0x0008349c                serialEventRun()
 .text._watchdogDefaultSetup
                0x000834e0        0xc C:\Users\install\AppData\Local\V.Micro\Arduino\Builds\DueWindShield\arduino_due_x_dbg/core.a(watchdog.cpp.o)
                0x000834e0                _watchdogDefaultSetup
                0x000834e0                watchdogSetup()
 .text._ZN13PluggableUSB_12getInterfaceEPh
                0x000834ec       0x28 C:\Users\install\AppData\Local\V.Micro\Arduino\Builds\DueWindShield\arduino_due_x_dbg/core.a(PluggableUSB.cpp.o)
                0x000834ec                PluggableUSB_::getInterface(unsigned char*)
 .text._ZN13PluggableUSB_13getDescriptorER8USBSetup
                0x00083514       0x1c C:\Users\install\AppData\Local\V.Micro\Arduino\Builds\DueWindShield\arduino_due_x_dbg/core.a(PluggableUSB.cpp.o)
                0x00083514                PluggableUSB_::getDescriptor(USBSetup&)
 .text._ZN13PluggableUSB_12getShortNameEPc
                0x00083530       0x1c C:\Users\install\AppData\Local\V.Micro\Arduino\Builds\DueWindShield\arduino_due_x_dbg/core.a(PluggableUSB.cpp.o)
                0x00083530                PluggableUSB_::getShortName(char*)
 .text._ZN13PluggableUSB_5setupER8USBSetup
                0x0008354c       0x20 C:\Users\install\AppData\Local\V.Micro\Arduino\Builds\DueWindShield\arduino_due_x_dbg/core.a(PluggableUSB.cpp.o)
                0x0008354c                PluggableUSB_::setup(USBSetup&)
 .text._Z12PluggableUSBv
                0x0008356c       0x28 C:\Users\install\AppData\Local\V.Micro\Arduino\Builds\DueWindShield\arduino_due_x_dbg/core.a(PluggableUSB.cpp.o)
                0x0008356c                PluggableUSB()
 .text._ZN10RingBufferC2Ev
                0x00083594       0x1a C:\Users\install\AppData\Local\V.Micro\Arduino\Builds\DueWindShield\arduino_due_x_dbg/core.a(RingBuffer.cpp.o)
                0x00083594                RingBuffer::RingBuffer()
                0x00083594                RingBuffer::RingBuffer()
 .text._ZN10RingBuffer10store_charEh
                0x000835ae       0x1e C:\Users\install\AppData\Local\V.Micro\Arduino\Builds\DueWindShield\arduino_due_x_dbg/core.a(RingBuffer.cpp.o)
                0x000835ae                RingBuffer::store_char(unsigned char)
 .text._ZN7Serial_9availableEv
                0x000835cc       0x18 C:\Users\install\AppData\Local\V.Micro\Arduino\Builds\DueWindShield\arduino_due_x_dbg/core.a(CDC.cpp.o)
                0x000835cc                Serial_::available()
 .text._ZN7Serial_4peekEv
                0x000835e4       0x20 C:\Users\install\AppData\Local\V.Micro\Arduino\Builds\DueWindShield\arduino_due_x_dbg/core.a(CDC.cpp.o)
                0x000835e4                Serial_::peek()
 .text._ZN7Serial_5writeEh
                0x00083604       0x16 C:\Users\install\AppData\Local\V.Micro\Arduino\Builds\DueWindShield\arduino_due_x_dbg/core.a(CDC.cpp.o)
                0x00083604                Serial_::write(unsigned char)
 *fill*         0x0008361a        0x2 
 .text._ZN7Serial_4readEv
                0x0008361c       0x44 C:\Users\install\AppData\Local\V.Micro\Arduino\Builds\DueWindShield\arduino_due_x_dbg/core.a(CDC.cpp.o)
                0x0008361c                Serial_::read()
 .text._ZN7Serial_5flushEv
                0x00083660        0x6 C:\Users\install\AppData\Local\V.Micro\Arduino\Builds\DueWindShield\arduino_due_x_dbg/core.a(CDC.cpp.o)
                0x00083660                Serial_::flush()
 *fill*         0x00083666        0x2 
 .text._ZN7Serial_6acceptEv
                0x00083668       0x70 C:\Users\install\AppData\Local\V.Micro\Arduino\Builds\DueWindShield\arduino_due_x_dbg/core.a(CDC.cpp.o)
                0x00083668                Serial_::accept()
 .text._ZN7Serial_5writeEPKhj
                0x000836d8       0x2c C:\Users\install\AppData\Local\V.Micro\Arduino\Builds\DueWindShield\arduino_due_x_dbg/core.a(CDC.cpp.o)
                0x000836d8                Serial_::write(unsigned char const*, unsigned int)
 .text._Z16CDC_GetInterfacePh
                0x00083704       0x14 C:\Users\install\AppData\Local\V.Micro\Arduino\Builds\DueWindShield\arduino_due_x_dbg/core.a(CDC.cpp.o)
                0x00083704                CDC_GetInterface(unsigned char*)
 .text._Z21CDC_GetOtherInterfacePh
                0x00083718       0x14 C:\Users\install\AppData\Local\V.Micro\Arduino\Builds\DueWindShield\arduino_due_x_dbg/core.a(CDC.cpp.o)
                0x00083718                CDC_GetOtherInterface(unsigned char*)
 .text._Z9CDC_SetupR8USBSetup
                0x0008372c       0x64 C:\Users\install\AppData\Local\V.Micro\Arduino\Builds\DueWindShield\arduino_due_x_dbg/core.a(CDC.cpp.o)
                0x0008372c                CDC_Setup(USBSetup&)
 .text.startup._GLOBAL__sub_I_cdc_rx_buffer
                0x00083790       0x1c C:\Users\install\AppData\Local\V.Micro\Arduino\Builds\DueWindShield\arduino_due_x_dbg/core.a(CDC.cpp.o)
 .text.FindClockConfiguration
                0x000837ac       0x7c C:\Users\install\AppData\Local\arduino15\packages\arduino\hardware\sam\1.6.6\variants\arduino_due_x/libsam_sam3x8e_gcc_rel.a(pwmc.o)
 .text.PWMC_ConfigureChannel
                0x00083828       0x60 C:\Users\install\AppData\Local\arduino15\packages\arduino\hardware\sam\1.6.6\variants\arduino_due_x/libsam_sam3x8e_gcc_rel.a(pwmc.o)
                0x00083828                PWMC_ConfigureChannel
 .text.PWMC_ConfigureClocks
                0x00083888       0x54 C:\Users\install\AppData\Local\arduino15\packages\arduino\hardware\sam\1.6.6\variants\arduino_due_x/libsam_sam3x8e_gcc_rel.a(pwmc.o)
                0x00083888                PWMC_ConfigureClocks
 .text.PWMC_SetPeriod
                0x000838dc       0x1a C:\Users\install\AppData\Local\arduino15\packages\arduino\hardware\sam\1.6.6\variants\arduino_due_x/libsam_sam3x8e_gcc_rel.a(pwmc.o)
                0x000838dc                PWMC_SetPeriod
 *fill*         0x000838f6        0x2 
 .text.PWMC_SetDutyCycle
                0x000838f8       0x44 C:\Users\install\AppData\Local\arduino15\packages\arduino\hardware\sam\1.6.6\variants\arduino_due_x/libsam_sam3x8e_gcc_rel.a(pwmc.o)
                0x000838f8                PWMC_SetDutyCycle
 .text.PWMC_EnableChannel
                0x0008393c        0xa C:\Users\install\AppData\Local\arduino15\packages\arduino\hardware\sam\1.6.6\variants\arduino_due_x/libsam_sam3x8e_gcc_rel.a(pwmc.o)
                0x0008393c                PWMC_EnableChannel
 *fill*         0x00083946        0x2 
 .text.TC_Configure
                0x00083948       0x38 C:\Users\install\AppData\Local\arduino15\packages\arduino\hardware\sam\1.6.6\variants\arduino_due_x/libsam_sam3x8e_gcc_rel.a(tc.o)
                0x00083948                TC_Configure
 .text.TC_Start
                0x00083980       0x2c C:\Users\install\AppData\Local\arduino15\packages\arduino\hardware\sam\1.6.6\variants\arduino_due_x/libsam_sam3x8e_gcc_rel.a(tc.o)
                0x00083980                TC_Start
 .text.TC_SetRA
                0x000839ac        0x8 C:\Users\install\AppData\Local\arduino15\packages\arduino\hardware\sam\1.6.6\variants\arduino_due_x/libsam_sam3x8e_gcc_rel.a(tc.o)
                0x000839ac                TC_SetRA
 .text.TC_SetRB
                0x000839b4        0x8 C:\Users\install\AppData\Local\arduino15\packages\arduino\hardware\sam\1.6.6\variants\arduino_due_x/libsam_sam3x8e_gcc_rel.a(tc.o)
                0x000839b4                TC_SetRB
 .text.TC_SetRC
                0x000839bc        0x8 C:\Users\install\AppData\Local\arduino15\packages\arduino\hardware\sam\1.6.6\variants\arduino_due_x/libsam_sam3x8e_gcc_rel.a(tc.o)
                0x000839bc                TC_SetRC
 .text.TimeTick_Increment
                0x000839c4       0x10 C:\Users\install\AppData\Local\arduino15\packages\arduino\hardware\sam\1.6.6\variants\arduino_due_x/libsam_sam3x8e_gcc_rel.a(timetick.o)
                0x000839c4                TimeTick_Increment
 .text.GetTickCount
                0x000839d4        0xc C:\Users\install\AppData\Local\arduino15\packages\arduino\hardware\sam\1.6.6\variants\arduino_due_x/libsam_sam3x8e_gcc_rel.a(timetick.o)
                0x000839d4                GetTickCount
 .text.WDT_Disable
                0x000839e0        0x8 C:\Users\install\AppData\Local\arduino15\packages\arduino\hardware\sam\1.6.6\variants\arduino_due_x/libsam_sam3x8e_gcc_rel.a(wdt.o)
                0x000839e0                WDT_Disable
 .text.UDD_SetStack
                0x000839e8        0xc C:\Users\install\AppData\Local\arduino15\packages\arduino\hardware\sam\1.6.6\variants\arduino_due_x/libsam_sam3x8e_gcc_rel.a(uotghs_device.o)
                0x000839e8                UDD_SetStack
 .text.UDD_Init
                0x000839f4       0xd0 C:\Users\install\AppData\Local\arduino15\packages\arduino\hardware\sam\1.6.6\variants\arduino_due_x/libsam_sam3x8e_gcc_rel.a(uotghs_device.o)
                0x000839f4                UDD_Init
 .text.UDD_Attach
                0x00083ac4       0x50 C:\Users\install\AppData\Local\arduino15\packages\arduino\hardware\sam\1.6.6\variants\arduino_due_x/libsam_sam3x8e_gcc_rel.a(uotghs_device.o)
                0x00083ac4                UDD_Attach
 .text.UDD_InitEP
                0x00083b14       0x2c C:\Users\install\AppData\Local\arduino15\packages\arduino\hardware\sam\1.6.6\variants\arduino_due_x/libsam_sam3x8e_gcc_rel.a(uotghs_device.o)
                0x00083b14                UDD_InitEP
 .text.UDD_InitEndpoints
                0x00083b40       0x3c C:\Users\install\AppData\Local\arduino15\packages\arduino\hardware\sam\1.6.6\variants\arduino_due_x/libsam_sam3x8e_gcc_rel.a(uotghs_device.o)
                0x00083b40                UDD_InitEndpoints
 .text.UDD_WaitIN
                0x00083b7c       0x10 C:\Users\install\AppData\Local\arduino15\packages\arduino\hardware\sam\1.6.6\variants\arduino_due_x/libsam_sam3x8e_gcc_rel.a(uotghs_device.o)
                0x00083b7c                UDD_WaitIN
 .text.UDD_WaitOUT
                0x00083b8c       0x10 C:\Users\install\AppData\Local\arduino15\packages\arduino\hardware\sam\1.6.6\variants\arduino_due_x/libsam_sam3x8e_gcc_rel.a(uotghs_device.o)
                0x00083b8c                UDD_WaitOUT
 .text.UDD_ClearIN
                0x00083b9c       0x18 C:\Users\install\AppData\Local\arduino15\packages\arduino\hardware\sam\1.6.6\variants\arduino_due_x/libsam_sam3x8e_gcc_rel.a(uotghs_device.o)
                0x00083b9c                UDD_ClearIN
 .text.UDD_ClearOUT
                0x00083bb4       0x18 C:\Users\install\AppData\Local\arduino15\packages\arduino\hardware\sam\1.6.6\variants\arduino_due_x/libsam_sam3x8e_gcc_rel.a(uotghs_device.o)
                0x00083bb4                UDD_ClearOUT
 .text.UDD_ReceivedSetupInt
                0x00083bcc       0x10 C:\Users\install\AppData\Local\arduino15\packages\arduino\hardware\sam\1.6.6\variants\arduino_due_x/libsam_sam3x8e_gcc_rel.a(uotghs_device.o)
                0x00083bcc                UDD_ReceivedSetupInt
 .text.UDD_ClearSetupInt
                0x00083bdc       0x10 C:\Users\install\AppData\Local\arduino15\packages\arduino\hardware\sam\1.6.6\variants\arduino_due_x/libsam_sam3x8e_gcc_rel.a(uotghs_device.o)
                0x00083bdc                UDD_ClearSetupInt
 .text.UDD_Send
                0x00083bec       0x88 C:\Users\install\AppData\Local\arduino15\packages\arduino\hardware\sam\1.6.6\variants\arduino_due_x/libsam_sam3x8e_gcc_rel.a(uotghs_device.o)
                0x00083bec                UDD_Send
 .text.UDD_Send8
                0x00083c74       0x24 C:\Users\install\AppData\Local\arduino15\packages\arduino\hardware\sam\1.6.6\variants\arduino_due_x/libsam_sam3x8e_gcc_rel.a(uotghs_device.o)
                0x00083c74                UDD_Send8
 .text.UDD_Recv8
                0x00083c98       0x28 C:\Users\install\AppData\Local\arduino15\packages\arduino\hardware\sam\1.6.6\variants\arduino_due_x/libsam_sam3x8e_gcc_rel.a(uotghs_device.o)
                0x00083c98                UDD_Recv8
 .text.UDD_Recv
                0x00083cc0       0x34 C:\Users\install\AppData\Local\arduino15\packages\arduino\hardware\sam\1.6.6\variants\arduino_due_x/libsam_sam3x8e_gcc_rel.a(uotghs_device.o)
                0x00083cc0                UDD_Recv
 .text.UDD_Stall
                0x00083cf4       0x14 C:\Users\install\AppData\Local\arduino15\packages\arduino\hardware\sam\1.6.6\variants\arduino_due_x/libsam_sam3x8e_gcc_rel.a(uotghs_device.o)
                0x00083cf4                UDD_Stall
 .text.UDD_FifoByteCount
                0x00083d08       0x14 C:\Users\install\AppData\Local\arduino15\packages\arduino\hardware\sam\1.6.6\variants\arduino_due_x/libsam_sam3x8e_gcc_rel.a(uotghs_device.o)
                0x00083d08                UDD_FifoByteCount
 .text.UDD_ReleaseRX
                0x00083d1c       0x28 C:\Users\install\AppData\Local\arduino15\packages\arduino\hardware\sam\1.6.6\variants\arduino_due_x/libsam_sam3x8e_gcc_rel.a(uotghs_device.o)
                0x00083d1c                UDD_ReleaseRX
 .text.UDD_ReleaseTX
                0x00083d44       0x28 C:\Users\install\AppData\Local\arduino15\packages\arduino\hardware\sam\1.6.6\variants\arduino_due_x/libsam_sam3x8e_gcc_rel.a(uotghs_device.o)
                0x00083d44                UDD_ReleaseTX
 .text.UDD_SetAddress
                0x00083d6c       0x20 C:\Users\install\AppData\Local\arduino15\packages\arduino\hardware\sam\1.6.6\variants\arduino_due_x/libsam_sam3x8e_gcc_rel.a(uotghs_device.o)
                0x00083d6c                UDD_SetAddress
 .text.dacc_reset
                0x00083d8c        0x6 C:\Users\install\AppData\Local\arduino15\packages\arduino\hardware\sam\1.6.6\variants\arduino_due_x/libsam_sam3x8e_gcc_rel.a(dacc.o)
                0x00083d8c                dacc_reset
 .text.dacc_set_transfer_mode
                0x00083d92       0x14 C:\Users\install\AppData\Local\arduino15\packages\arduino\hardware\sam\1.6.6\variants\arduino_due_x/libsam_sam3x8e_gcc_rel.a(dacc.o)
                0x00083d92                dacc_set_transfer_mode
 .text.dacc_get_interrupt_status
                0x00083da6        0x4 C:\Users\install\AppData\Local\arduino15\packages\arduino\hardware\sam\1.6.6\variants\arduino_due_x/libsam_sam3x8e_gcc_rel.a(dacc.o)
                0x00083da6                dacc_get_interrupt_status
 .text.dacc_write_conversion_data
                0x00083daa        0x4 C:\Users\install\AppData\Local\arduino15\packages\arduino\hardware\sam\1.6.6\variants\arduino_due_x/libsam_sam3x8e_gcc_rel.a(dacc.o)
                0x00083daa                dacc_write_conversion_data
 .text.dacc_set_channel_selection
                0x00083dae       0x18 C:\Users\install\AppData\Local\arduino15\packages\arduino\hardware\sam\1.6.6\variants\arduino_due_x/libsam_sam3x8e_gcc_rel.a(dacc.o)
                0x00083dae                dacc_set_channel_selection
 .text.dacc_set_power_save
                0x00083dc6       0x24 C:\Users\install\AppData\Local\arduino15\packages\arduino\hardware\sam\1.6.6\variants\arduino_due_x/libsam_sam3x8e_gcc_rel.a(dacc.o)
                0x00083dc6                dacc_set_power_save
 .text.dacc_set_timing
                0x00083dea       0x2c C:\Users\install\AppData\Local\arduino15\packages\arduino\hardware\sam\1.6.6\variants\arduino_due_x/libsam_sam3x8e_gcc_rel.a(dacc.o)
                0x00083dea                dacc_set_timing
 .text.dacc_enable_channel
                0x00083e16       0x12 C:\Users\install\AppData\Local\arduino15\packages\arduino\hardware\sam\1.6.6\variants\arduino_due_x/libsam_sam3x8e_gcc_rel.a(dacc.o)
                0x00083e16                dacc_enable_channel
 .text.dacc_get_channel_status
                0x00083e28        0x4 C:\Users\install\AppData\Local\arduino15\packages\arduino\hardware\sam\1.6.6\variants\arduino_due_x/libsam_sam3x8e_gcc_rel.a(dacc.o)
                0x00083e28                dacc_get_channel_status
 .text.dacc_set_analog_control
                0x00083e2c        0x8 C:\Users\install\AppData\Local\arduino15\packages\arduino\hardware\sam\1.6.6\variants\arduino_due_x/libsam_sam3x8e_gcc_rel.a(dacc.o)
                0x00083e2c                dacc_set_analog_control
 .text.__fpclassifyd
                0x00083e34       0x50 c:/users/install/appdata/local/arduino15/packages/arduino/tools/arm-none-eabi-gcc/4.8.3-2014q1/bin/../lib/gcc/arm-none-eabi/4.8.3/../../../../arm-none-eabi/lib/armv7-m\libm.a(lib_a-s_fpclassify.o)
                0x00083e34                __fpclassifyd
 .text.sin      0x00083e84       0x94 c:/users/install/appdata/local/arduino15/packages/arduino/tools/arm-none-eabi-gcc/4.8.3-2014q1/bin/../lib/gcc/arm-none-eabi/4.8.3/../../../../arm-none-eabi/lib/armv7-m\libm.a(lib_a-s_sin.o)
                0x00083e84                sin
 .text.tan      0x00083f18       0x60 c:/users/install/appdata/local/arduino15/packages/arduino/tools/arm-none-eabi-gcc/4.8.3-2014q1/bin/../lib/gcc/arm-none-eabi/4.8.3/../../../../arm-none-eabi/lib/armv7-m\libm.a(lib_a-s_tan.o)
                0x00083f18                tan
 .text.__ieee754_rem_pio2
                0x00083f78      0x440 c:/users/install/appdata/local/arduino15/packages/arduino/tools/arm-none-eabi-gcc/4.8.3-2014q1/bin/../lib/gcc/arm-none-eabi/4.8.3/../../../../arm-none-eabi/lib/armv7-m\libm.a(lib_a-e_rem_pio2.o)
                0x00083f78                __ieee754_rem_pio2
 .text.__kernel_cos
                0x000843b8      0x248 c:/users/install/appdata/local/arduino15/packages/arduino/tools/arm-none-eabi-gcc/4.8.3-2014q1/bin/../lib/gcc/arm-none-eabi/4.8.3/../../../../arm-none-eabi/lib/armv7-m\libm.a(lib_a-k_cos.o)
                0x000843b8                __kernel_cos
 .text.__kernel_rem_pio2
                0x00084600      0x7bc c:/users/install/appdata/local/arduino15/packages/arduino/tools/arm-none-eabi-gcc/4.8.3-2014q1/bin/../lib/gcc/arm-none-eabi/4.8.3/../../../../arm-none-eabi/lib/armv7-m\libm.a(lib_a-k_rem_pio2.o)
                0x00084600                __kernel_rem_pio2
 *fill*         0x00084dbc        0x4 
 .text.__kernel_sin
                0x00084dc0      0x170 c:/users/install/appdata/local/arduino15/packages/arduino/tools/arm-none-eabi-gcc/4.8.3-2014q1/bin/../lib/gcc/arm-none-eabi/4.8.3/../../../../arm-none-eabi/lib/armv7-m\libm.a(lib_a-k_sin.o)
                0x00084dc0                __kernel_sin
 .text.__kernel_tan
                0x00084f30      0x3b0 c:/users/install/appdata/local/arduino15/packages/arduino/tools/arm-none-eabi-gcc/4.8.3-2014q1/bin/../lib/gcc/arm-none-eabi/4.8.3/../../../../arm-none-eabi/lib/armv7-m\libm.a(lib_a-k_tan.o)
                0x00084f30                __kernel_tan
 .text.fabs     0x000852e0        0x8 c:/users/install/appdata/local/arduino15/packages/arduino/tools/arm-none-eabi-gcc/4.8.3-2014q1/bin/../lib/gcc/arm-none-eabi/4.8.3/../../../../arm-none-eabi/lib/armv7-m\libm.a(lib_a-s_fabs.o)
                0x000852e0                fabs
 .text.floor    0x000852e8      0x120 c:/users/install/appdata/local/arduino15/packages/arduino/tools/arm-none-eabi-gcc/4.8.3-2014q1/bin/../lib/gcc/arm-none-eabi/4.8.3/../../../../arm-none-eabi/lib/armv7-m\libm.a(lib_a-s_floor.o)
                0x000852e8                floor
 .text.scalbn   0x00085408      0x100 c:/users/install/appdata/local/arduino15/packages/arduino/tools/arm-none-eabi-gcc/4.8.3-2014q1/bin/../lib/gcc/arm-none-eabi/4.8.3/../../../../arm-none-eabi/lib/armv7-m\libm.a(lib_a-s_scalbn.o)
                0x00085408                scalbn
 .text.copysign
                0x00085508       0x14 c:/users/install/appdata/local/arduino15/packages/arduino/tools/arm-none-eabi-gcc/4.8.3-2014q1/bin/../lib/gcc/arm-none-eabi/4.8.3/../../../../arm-none-eabi/lib/armv7-m\libm.a(lib_a-s_copysign.o)
                0x00085508                copysign
 .text          0x0008551c      0x370 c:/users/install/appdata/local/arduino15/packages/arduino/tools/arm-none-eabi-gcc/4.8.3-2014q1/bin/../lib/gcc/arm-none-eabi/4.8.3/armv7-m\libgcc.a(_arm_addsubdf3.o)
                0x0008551c                __aeabi_drsub
                0x00085524                __aeabi_dsub
                0x00085524                __subdf3
                0x00085528                __aeabi_dadd
                0x00085528                __adddf3
                0x000857a0                __floatunsidf
                0x000857a0                __aeabi_ui2d
                0x000857c0                __floatsidf
                0x000857c0                __aeabi_i2d
                0x000857e4                __aeabi_f2d
                0x000857e4                __extendsfdf2
                0x00085820                __floatundidf
                0x00085820                __aeabi_ul2d
                0x00085830                __floatdidf
                0x00085830                __aeabi_l2d
 .text          0x0008588c      0x424 c:/users/install/appdata/local/arduino15/packages/arduino/tools/arm-none-eabi-gcc/4.8.3-2014q1/bin/../lib/gcc/arm-none-eabi/4.8.3/armv7-m\libgcc.a(_arm_muldivdf3.o)
                0x0008588c                __aeabi_dmul
                0x0008588c                __muldf3
                0x00085ae0                __divdf3
                0x00085ae0                __aeabi_ddiv
 .text          0x00085cb0      0x110 c:/users/install/appdata/local/arduino15/packages/arduino/tools/arm-none-eabi-gcc/4.8.3-2014q1/bin/../lib/gcc/arm-none-eabi/4.8.3/armv7-m\libgcc.a(_arm_cmpdf2.o)
                0x00085cb0                __gtdf2
                0x00085cb0                __gedf2
                0x00085cb8                __ltdf2
                0x00085cb8                __ledf2
                0x00085cc0                __nedf2
                0x00085cc0                __eqdf2
                0x00085cc0                __cmpdf2
                0x00085d3c                __aeabi_cdrcmple
                0x00085d4c                __aeabi_cdcmpeq
                0x00085d4c                __aeabi_cdcmple
                0x00085d5c                __aeabi_dcmpeq
                0x00085d70                __aeabi_dcmplt
                0x00085d84                __aeabi_dcmple
                0x00085d98                __aeabi_dcmpge
                0x00085dac                __aeabi_dcmpgt
 .text          0x00085dc0       0x50 c:/users/install/appdata/local/arduino15/packages/arduino/tools/arm-none-eabi-gcc/4.8.3-2014q1/bin/../lib/gcc/arm-none-eabi/4.8.3/armv7-m\libgcc.a(_arm_fixdfsi.o)
                0x00085dc0                __aeabi_d2iz
                0x00085dc0                __fixdfsi
 .text          0x00085e10       0xa0 c:/users/install/appdata/local/arduino15/packages/arduino/tools/arm-none-eabi-gcc/4.8.3-2014q1/bin/../lib/gcc/arm-none-eabi/4.8.3/armv7-m\libgcc.a(_arm_truncdfsf2.o)
                0x00085e10                __truncdfsf2
                0x00085e10                __aeabi_d2f
 .text          0x00085eb0      0x21c c:/users/install/appdata/local/arduino15/packages/arduino/tools/arm-none-eabi-gcc/4.8.3-2014q1/bin/../lib/gcc/arm-none-eabi/4.8.3/armv7-m\libgcc.a(_arm_addsubsf3.o)
                0x00085eb0                __aeabi_frsub
                0x00085eb8                __subsf3
                0x00085eb8                __aeabi_fsub
                0x00085ebc                __aeabi_fadd
                0x00085ebc                __addsf3
                0x0008601c                __aeabi_ui2f
                0x0008601c                __floatunsisf
                0x00086024                __aeabi_i2f
                0x00086024                __floatsisf
                0x00086040                __aeabi_ul2f
                0x00086040                __floatundisf
                0x00086050                __aeabi_l2f
                0x00086050                __floatdisf
 .text          0x000860cc      0x2a0 c:/users/install/appdata/local/arduino15/packages/arduino/tools/arm-none-eabi-gcc/4.8.3-2014q1/bin/../lib/gcc/arm-none-eabi/4.8.3/armv7-m\libgcc.a(_arm_muldivsf3.o)
                0x000860cc                __mulsf3
                0x000860cc                __aeabi_fmul
                0x00086234                __aeabi_fdiv
                0x00086234                __divsf3
 .text          0x0008636c       0xec c:/users/install/appdata/local/arduino15/packages/arduino/tools/arm-none-eabi-gcc/4.8.3-2014q1/bin/../lib/gcc/arm-none-eabi/4.8.3/armv7-m\libgcc.a(_arm_cmpsf2.o)
                0x0008636c                __gesf2
                0x0008636c                __gtsf2
                0x00086374                __lesf2
                0x00086374                __ltsf2
                0x0008637c                __nesf2
                0x0008637c                __eqsf2
                0x0008637c                __cmpsf2
                0x000863dc                __aeabi_cfrcmple
                0x000863e4                __aeabi_cfcmpeq
                0x000863e4                __aeabi_cfcmple
                0x000863f4                __aeabi_fcmpeq
                0x00086408                __aeabi_fcmplt
                0x0008641c                __aeabi_fcmple
                0x00086430                __aeabi_fcmpge
                0x00086444                __aeabi_fcmpgt
 .text.__aeabi_atexit
                0x00086458        0xc c:/users/install/appdata/local/arduino15/packages/arduino/tools/arm-none-eabi-gcc/4.8.3-2014q1/bin/../lib/gcc/arm-none-eabi/4.8.3/../../../../arm-none-eabi/lib/armv7-m\libg.a(lib_a-aeabi_atexit.o)
                0x00086458                __aeabi_atexit
 .text.__assert_func
                0x00086464       0x3c c:/users/install/appdata/local/arduino15/packages/arduino/tools/arm-none-eabi-gcc/4.8.3-2014q1/bin/../lib/gcc/arm-none-eabi/4.8.3/../../../../arm-none-eabi/lib/armv7-m\libg.a(lib_a-assert.o)
                0x00086464                __assert_func
 .text.atol     0x000864a0        0x8 c:/users/install/appdata/local/arduino15/packages/arduino/tools/arm-none-eabi-gcc/4.8.3-2014q1/bin/../lib/gcc/arm-none-eabi/4.8.3/../../../../arm-none-eabi/lib/armv7-m\libg.a(lib_a-atol.o)
                0x000864a0                atol
 .text.__cxa_atexit
                0x000864a8       0x14 c:/users/install/appdata/local/arduino15/packages/arduino/tools/arm-none-eabi-gcc/4.8.3-2014q1/bin/../lib/gcc/arm-none-eabi/4.8.3/../../../../arm-none-eabi/lib/armv7-m\libg.a(lib_a-cxa_atexit.o)
                0x000864a8                __cxa_atexit
 .text.fiprintf
                0x000864bc       0x28 c:/users/install/appdata/local/arduino15/packages/arduino/tools/arm-none-eabi-gcc/4.8.3-2014q1/bin/../lib/gcc/arm-none-eabi/4.8.3/../../../../arm-none-eabi/lib/armv7-m\libg.a(lib_a-fiprintf.o)
                0x000864bc                fiprintf
 .text.__libc_init_array
                0x000864e4       0x50 c:/users/install/appdata/local/arduino15/packages/arduino/tools/arm-none-eabi-gcc/4.8.3-2014q1/bin/../lib/gcc/arm-none-eabi/4.8.3/../../../../arm-none-eabi/lib/armv7-m\libg.a(lib_a-init.o)
                0x000864e4                __libc_init_array
 .text.iprintf  0x00086534       0x28 c:/users/install/appdata/local/arduino15/packages/arduino/tools/arm-none-eabi-gcc/4.8.3-2014q1/bin/../lib/gcc/arm-none-eabi/4.8.3/../../../../arm-none-eabi/lib/armv7-m\libg.a(lib_a-iprintf.o)
                0x00086534                iprintf
 .text.malloc   0x0008655c       0x10 c:/users/install/appdata/local/arduino15/packages/arduino/tools/arm-none-eabi-gcc/4.8.3-2014q1/bin/../lib/gcc/arm-none-eabi/4.8.3/../../../../arm-none-eabi/lib/armv7-m\libg.a(lib_a-malloc.o)
                0x0008655c                malloc
 .text.free     0x0008656c       0x10 c:/users/install/appdata/local/arduino15/packages/arduino/tools/arm-none-eabi-gcc/4.8.3-2014q1/bin/../lib/gcc/arm-none-eabi/4.8.3/../../../../arm-none-eabi/lib/armv7-m\libg.a(lib_a-malloc.o)
                0x0008656c                free
 .text._malloc_r
                0x0008657c      0x538 c:/users/install/appdata/local/arduino15/packages/arduino/tools/arm-none-eabi-gcc/4.8.3-2014q1/bin/../lib/gcc/arm-none-eabi/4.8.3/../../../../arm-none-eabi/lib/armv7-m\libg.a(lib_a-mallocr.o)
                0x0008657c                _malloc_r
 .text          0x00086ab4       0xec c:/users/install/appdata/local/arduino15/packages/arduino/tools/arm-none-eabi-gcc/4.8.3-2014q1/bin/../lib/gcc/arm-none-eabi/4.8.3/../../../../arm-none-eabi/lib/armv7-m\libg.a(lib_a-memcpy.o)
                0x00086ab4                memcpy
 .text.memmove  0x00086ba0       0xcc c:/users/install/appdata/local/arduino15/packages/arduino/tools/arm-none-eabi-gcc/4.8.3-2014q1/bin/../lib/gcc/arm-none-eabi/4.8.3/../../../../arm-none-eabi/lib/armv7-m\libg.a(lib_a-memmove.o)
                0x00086ba0                memmove
 .text.memset   0x00086c6c       0x94 c:/users/install/appdata/local/arduino15/packages/arduino/tools/arm-none-eabi-gcc/4.8.3-2014q1/bin/../lib/gcc/arm-none-eabi/4.8.3/../../../../arm-none-eabi/lib/armv7-m\libg.a(lib_a-memset.o)
                0x00086c6c                memset
 .text.__malloc_lock
                0x00086d00        0x4 c:/users/install/appdata/local/arduino15/packages/arduino/tools/arm-none-eabi-gcc/4.8.3-2014q1/bin/../lib/gcc/arm-none-eabi/4.8.3/../../../../arm-none-eabi/lib/armv7-m\libg.a(lib_a-mlock.o)
                0x00086d00                __malloc_lock
 .text.__malloc_unlock
                0x00086d04        0x4 c:/users/install/appdata/local/arduino15/packages/arduino/tools/arm-none-eabi-gcc/4.8.3-2014q1/bin/../lib/gcc/arm-none-eabi/4.8.3/../../../../arm-none-eabi/lib/armv7-m\libg.a(lib_a-mlock.o)
                0x00086d04                __malloc_unlock
 .text.realloc  0x00086d08       0x10 c:/users/install/appdata/local/arduino15/packages/arduino/tools/arm-none-eabi-gcc/4.8.3-2014q1/bin/../lib/gcc/arm-none-eabi/4.8.3/../../../../arm-none-eabi/lib/armv7-m\libg.a(lib_a-realloc.o)
                0x00086d08                realloc
 .text._realloc_r
                0x00086d18      0x3c0 c:/users/install/appdata/local/arduino15/packages/arduino/tools/arm-none-eabi-gcc/4.8.3-2014q1/bin/../lib/gcc/arm-none-eabi/4.8.3/../../../../arm-none-eabi/lib/armv7-m\libg.a(lib_a-reallocr.o)
                0x00086d18                _realloc_r
 .text._sbrk_r  0x000870d8       0x24 c:/users/install/appdata/local/arduino15/packages/arduino/tools/arm-none-eabi-gcc/4.8.3-2014q1/bin/../lib/gcc/arm-none-eabi/4.8.3/../../../../arm-none-eabi/lib/armv7-m\libg.a(lib_a-sbrkr.o)
                0x000870d8                _sbrk_r
 .text.sprintf  0x000870fc       0x4c c:/users/install/appdata/local/arduino15/packages/arduino/tools/arm-none-eabi-gcc/4.8.3-2014q1/bin/../lib/gcc/arm-none-eabi/4.8.3/../../../../arm-none-eabi/lib/armv7-m\libg.a(lib_a-sprintf.o)
                0x000870fc                sprintf
 .text          0x00087148      0x23c c:/users/install/appdata/local/arduino15/packages/arduino/tools/arm-none-eabi-gcc/4.8.3-2014q1/bin/../lib/gcc/arm-none-eabi/4.8.3/../../../../arm-none-eabi/lib/armv7-m\libg.a(lib_a-strcmp.o)
                0x00087148                strcmp
 .text.strcpy   0x00087384       0xbc c:/users/install/appdata/local/arduino15/packages/arduino/tools/arm-none-eabi-gcc/4.8.3-2014q1/bin/../lib/gcc/arm-none-eabi/4.8.3/../../../../arm-none-eabi/lib/armv7-m\libg.a(lib_a-strcpy.o)
                0x00087384                strcpy
 .text.strlen   0x00087440       0x60 c:/users/install/appdata/local/arduino15/packages/arduino/tools/arm-none-eabi-gcc/4.8.3-2014q1/bin/../lib/gcc/arm-none-eabi/4.8.3/../../../../arm-none-eabi/lib/armv7-m\libg.a(lib_a-strlen.o)
                0x00087440                strlen
 .text._strtol_r
                0x000874a0      0x114 c:/users/install/appdata/local/arduino15/packages/arduino/tools/arm-none-eabi-gcc/4.8.3-2014q1/bin/../lib/gcc/arm-none-eabi/4.8.3/../../../../arm-none-eabi/lib/armv7-m\libg.a(lib_a-strtol.o)
                0x000874a0                _strtol_r
 .text.strtol   0x000875b4       0x18 c:/users/install/appdata/local/arduino15/packages/arduino/tools/arm-none-eabi-gcc/4.8.3-2014q1/bin/../lib/gcc/arm-none-eabi/4.8.3/../../../../arm-none-eabi/lib/armv7-m\libg.a(lib_a-strtol.o)
                0x000875b4                strtol
 .text._svfprintf_r
                0x000875cc     0x14e0 c:/users/install/appdata/local/arduino15/packages/arduino/tools/arm-none-eabi-gcc/4.8.3-2014q1/bin/../lib/gcc/arm-none-eabi/4.8.3/../../../../arm-none-eabi/lib/armv7-m\libg.a(lib_a-svfprintf.o)
                0x000875cc                _svfprintf_r
 .text.toupper  0x00088aac       0x18 c:/users/install/appdata/local/arduino15/packages/arduino/tools/arm-none-eabi-gcc/4.8.3-2014q1/bin/../lib/gcc/arm-none-eabi/4.8.3/../../../../arm-none-eabi/lib/armv7-m\libg.a(lib_a-toupper.o)
                0x00088aac                toupper
 .text.__sprint_r.part.0
                0x00088ac4       0x78 c:/users/install/appdata/local/arduino15/packages/arduino/tools/arm-none-eabi-gcc/4.8.3-2014q1/bin/../lib/gcc/arm-none-eabi/4.8.3/../../../../arm-none-eabi/lib/armv7-m\libg.a(lib_a-vfiprintf.o)
 .text._vfiprintf_r
                0x00088b3c      0xc54 c:/users/install/appdata/local/arduino15/packages/arduino/tools/arm-none-eabi-gcc/4.8.3-2014q1/bin/../lib/gcc/arm-none-eabi/4.8.3/../../../../arm-none-eabi/lib/armv7-m\libg.a(lib_a-vfiprintf.o)
                0x00088b3c                _vfiprintf_r
 .text.__sbprintf
                0x00089790       0x7c c:/users/install/appdata/local/arduino15/packages/arduino/tools/arm-none-eabi-gcc/4.8.3-2014q1/bin/../lib/gcc/arm-none-eabi/4.8.3/../../../../arm-none-eabi/lib/armv7-m\libg.a(lib_a-vfiprintf.o)
 .text.__swsetup_r
                0x0008980c       0xc4 c:/users/install/appdata/local/arduino15/packages/arduino/tools/arm-none-eabi-gcc/4.8.3-2014q1/bin/../lib/gcc/arm-none-eabi/4.8.3/../../../../arm-none-eabi/lib/armv7-m\libg.a(lib_a-wsetup.o)
                0x0008980c                __swsetup_r
 .text.__register_exitproc
                0x000898d0       0xa8 c:/users/install/appdata/local/arduino15/packages/arduino/tools/arm-none-eabi-gcc/4.8.3-2014q1/bin/../lib/gcc/arm-none-eabi/4.8.3/../../../../arm-none-eabi/lib/armv7-m\libg.a(lib_a-__atexit.o)
                0x000898d0                __register_exitproc
 .text.startup.register_fini
                0x00089978       0x14 c:/users/install/appdata/local/arduino15/packages/arduino/tools/arm-none-eabi-gcc/4.8.3-2014q1/bin/../lib/gcc/arm-none-eabi/4.8.3/../../../../arm-none-eabi/lib/armv7-m\libg.a(lib_a-__call_atexit.o)
 .text.abort    0x0008998c       0x10 c:/users/install/appdata/local/arduino15/packages/arduino/tools/arm-none-eabi-gcc/4.8.3-2014q1/bin/../lib/gcc/arm-none-eabi/4.8.3/../../../../arm-none-eabi/lib/armv7-m\libg.a(lib_a-abort.o)
                0x0008998c                abort
 .text.atexit   0x0008999c        0xc c:/users/install/appdata/local/arduino15/packages/arduino/tools/arm-none-eabi-gcc/4.8.3-2014q1/bin/../lib/gcc/arm-none-eabi/4.8.3/../../../../arm-none-eabi/lib/armv7-m\libg.a(lib_a-atexit.o)
                0x0008999c                atexit
 .text.quorem   0x000899a8      0x134 c:/users/install/appdata/local/arduino15/packages/arduino/tools/arm-none-eabi-gcc/4.8.3-2014q1/bin/../lib/gcc/arm-none-eabi/4.8.3/../../../../arm-none-eabi/lib/armv7-m\libg.a(lib_a-dtoa.o)
 *fill*         0x00089adc        0x4 
 .text._dtoa_r  0x00089ae0      0xe38 c:/users/install/appdata/local/arduino15/packages/arduino/tools/arm-none-eabi-gcc/4.8.3-2014q1/bin/../lib/gcc/arm-none-eabi/4.8.3/../../../../arm-none-eabi/lib/armv7-m\libg.a(lib_a-dtoa.o)
                0x00089ae0                _dtoa_r
 .text.__sflush_r
                0x0008a918      0x148 c:/users/install/appdata/local/arduino15/packages/arduino/tools/arm-none-eabi-gcc/4.8.3-2014q1/bin/../lib/gcc/arm-none-eabi/4.8.3/../../../../arm-none-eabi/lib/armv7-m\libg.a(lib_a-fflush.o)
                0x0008a918                __sflush_r
 .text._fflush_r
                0x0008aa60       0x2c c:/users/install/appdata/local/arduino15/packages/arduino/tools/arm-none-eabi-gcc/4.8.3-2014q1/bin/../lib/gcc/arm-none-eabi/4.8.3/../../../../arm-none-eabi/lib/armv7-m\libg.a(lib_a-fflush.o)
                0x0008aa60                _fflush_r
 .text._cleanup_r
                0x0008aa8c        0xc c:/users/install/appdata/local/arduino15/packages/arduino/tools/arm-none-eabi-gcc/4.8.3-2014q1/bin/../lib/gcc/arm-none-eabi/4.8.3/../../../../arm-none-eabi/lib/armv7-m\libg.a(lib_a-findfp.o)
                0x0008aa8c                _cleanup_r
 .text.__sinit  0x0008aa98       0xf4 c:/users/install/appdata/local/arduino15/packages/arduino/tools/arm-none-eabi-gcc/4.8.3-2014q1/bin/../lib/gcc/arm-none-eabi/4.8.3/../../../../arm-none-eabi/lib/armv7-m\libg.a(lib_a-findfp.o)
                0x0008aa98                __sinit
 .text.__sfp_lock_acquire
                0x0008ab8c        0x4 c:/users/install/appdata/local/arduino15/packages/arduino/tools/arm-none-eabi-gcc/4.8.3-2014q1/bin/../lib/gcc/arm-none-eabi/4.8.3/../../../../arm-none-eabi/lib/armv7-m\libg.a(lib_a-findfp.o)
                0x0008ab8c                __sfp_lock_acquire
 .text.__sfp_lock_release
                0x0008ab90        0x4 c:/users/install/appdata/local/arduino15/packages/arduino/tools/arm-none-eabi-gcc/4.8.3-2014q1/bin/../lib/gcc/arm-none-eabi/4.8.3/../../../../arm-none-eabi/lib/armv7-m\libg.a(lib_a-findfp.o)
                0x0008ab90                __sfp_lock_release
 .text.__libc_fini_array
                0x0008ab94       0x30 c:/users/install/appdata/local/arduino15/packages/arduino/tools/arm-none-eabi-gcc/4.8.3-2014q1/bin/../lib/gcc/arm-none-eabi/4.8.3/../../../../arm-none-eabi/lib/armv7-m\libg.a(lib_a-fini.o)
                0x0008ab94                __libc_fini_array
 .text._fputwc_r
                0x0008abc4       0xc0 c:/users/install/appdata/local/arduino15/packages/arduino/tools/arm-none-eabi-gcc/4.8.3-2014q1/bin/../lib/gcc/arm-none-eabi/4.8.3/../../../../arm-none-eabi/lib/armv7-m\libg.a(lib_a-fputwc.o)
                0x0008abc4                _fputwc_r
 .text._malloc_trim_r
                0x0008ac84       0x9c c:/users/install/appdata/local/arduino15/packages/arduino/tools/arm-none-eabi-gcc/4.8.3-2014q1/bin/../lib/gcc/arm-none-eabi/4.8.3/../../../../arm-none-eabi/lib/armv7-m\libg.a(lib_a-freer.o)
                0x0008ac84                _malloc_trim_r
 .text._free_r  0x0008ad20      0x198 c:/users/install/appdata/local/arduino15/packages/arduino/tools/arm-none-eabi-gcc/4.8.3-2014q1/bin/../lib/gcc/arm-none-eabi/4.8.3/../../../../arm-none-eabi/lib/armv7-m\libg.a(lib_a-freer.o)
                0x0008ad20                _free_r
 .text.__sfvwrite_r
                0x0008aeb8      0x314 c:/users/install/appdata/local/arduino15/packages/arduino/tools/arm-none-eabi-gcc/4.8.3-2014q1/bin/../lib/gcc/arm-none-eabi/4.8.3/../../../../arm-none-eabi/lib/armv7-m\libg.a(lib_a-fvwrite.o)
                0x0008aeb8                __sfvwrite_r
 .text._fwalk   0x0008b1cc       0x48 c:/users/install/appdata/local/arduino15/packages/arduino/tools/arm-none-eabi-gcc/4.8.3-2014q1/bin/../lib/gcc/arm-none-eabi/4.8.3/../../../../arm-none-eabi/lib/armv7-m\libg.a(lib_a-fwalk.o)
                0x0008b1cc                _fwalk
 .text.__locale_charset
                0x0008b214        0x8 c:/users/install/appdata/local/arduino15/packages/arduino/tools/arm-none-eabi-gcc/4.8.3-2014q1/bin/../lib/gcc/arm-none-eabi/4.8.3/../../../../arm-none-eabi/lib/armv7-m\libg.a(lib_a-locale.o)
                0x0008b214                __locale_charset
 .text.__locale_mb_cur_max
                0x0008b21c        0xc c:/users/install/appdata/local/arduino15/packages/arduino/tools/arm-none-eabi-gcc/4.8.3-2014q1/bin/../lib/gcc/arm-none-eabi/4.8.3/../../../../arm-none-eabi/lib/armv7-m\libg.a(lib_a-locale.o)
                0x0008b21c                __locale_mb_cur_max
 .text._localeconv_r
                0x0008b228        0x8 c:/users/install/appdata/local/arduino15/packages/arduino/tools/arm-none-eabi-gcc/4.8.3-2014q1/bin/../lib/gcc/arm-none-eabi/4.8.3/../../../../arm-none-eabi/lib/armv7-m\libg.a(lib_a-locale.o)
                0x0008b228                _localeconv_r
 .text.__smakebuf_r
                0x0008b230       0xe0 c:/users/install/appdata/local/arduino15/packages/arduino/tools/arm-none-eabi-gcc/4.8.3-2014q1/bin/../lib/gcc/arm-none-eabi/4.8.3/../../../../arm-none-eabi/lib/armv7-m\libg.a(lib_a-makebuf.o)
                0x0008b230                __smakebuf_r
 .text.memchr   0x0008b310       0x94 c:/users/install/appdata/local/arduino15/packages/arduino/tools/arm-none-eabi-gcc/4.8.3-2014q1/bin/../lib/gcc/arm-none-eabi/4.8.3/../../../../arm-none-eabi/lib/armv7-m\libg.a(lib_a-memchr-stub.o)
                0x0008b310                memchr
 .text._Balloc  0x0008b3a4       0x4c c:/users/install/appdata/local/arduino15/packages/arduino/tools/arm-none-eabi-gcc/4.8.3-2014q1/bin/../lib/gcc/arm-none-eabi/4.8.3/../../../../arm-none-eabi/lib/armv7-m\libg.a(lib_a-mprec.o)
                0x0008b3a4                _Balloc
 .text._Bfree   0x0008b3f0       0x14 c:/users/install/appdata/local/arduino15/packages/arduino/tools/arm-none-eabi-gcc/4.8.3-2014q1/bin/../lib/gcc/arm-none-eabi/4.8.3/../../../../arm-none-eabi/lib/armv7-m\libg.a(lib_a-mprec.o)
                0x0008b3f0                _Bfree
 .text.__multadd
                0x0008b404       0x94 c:/users/install/appdata/local/arduino15/packages/arduino/tools/arm-none-eabi-gcc/4.8.3-2014q1/bin/../lib/gcc/arm-none-eabi/4.8.3/../../../../arm-none-eabi/lib/armv7-m\libg.a(lib_a-mprec.o)
                0x0008b404                __multadd
 .text.__hi0bits
                0x0008b498       0x40 c:/users/install/appdata/local/arduino15/packages/arduino/tools/arm-none-eabi-gcc/4.8.3-2014q1/bin/../lib/gcc/arm-none-eabi/4.8.3/../../../../arm-none-eabi/lib/armv7-m\libg.a(lib_a-mprec.o)
                0x0008b498                __hi0bits
 .text.__lo0bits